[2026-02-12 23:17:09] [ERROR] [BHARAT ETF] FAILED NAV GUARD: 0.00% (Range 90-105%)
python : --- Logging error ---
At line:1 char:1
+ python test_icici_simple.py > test_output.txt 2>&1
+ ~~~~~~~~~~~~~~~~~~~~~~~~~~~~~~~~~~~~~~~~~~~~~~~~~~
    + CategoryInfo          : NotSpecified: (--- Logging error ---:String) [], RemoteException
    + FullyQualifiedErrorId : NativeCommandError
 
Traceback (most recent call last):
  File "C:\Users\ADITYA MAHESHWARI\AppData\Local\Programs\Python\Python310\lib\logging\__init__.py", line 1103, in emit
    stream.write(msg + self.terminator)
  File "C:\Users\ADITYA MAHESHWARI\AppData\Local\Programs\Python\Python310\lib\site-packages\colorama\ansitowin32.py", line 47, in write
    self.__convertor.write(text)
  File "C:\Users\ADITYA MAHESHWARI\AppData\Local\Programs\Python\Python310\lib\site-packages\colorama\ansitowin32.py", line 177, in write
    self.write_and_convert(text)
  File "C:\Users\ADITYA MAHESHWARI\AppData\Local\Programs\Python\Python310\lib\site-packages\colorama\ansitowin32.py", line 205, in 
write_and_convert
    self.write_plain_text(text, cursor, len(text))
  File "C:\Users\ADITYA MAHESHWARI\AppData\Local\Programs\Python\Python310\lib\site-packages\colorama\ansitowin32.py", line 210, in 
write_plain_text
    self.wrapped.write(text[start:end])
  File "C:\Users\ADITYA MAHESHWARI\AppData\Local\Programs\Python\Python310\lib\encodings\cp1252.py", line 19, in encode
    return codecs.charmap_encode(input,self.errors,encoding_table)[0]
UnicodeEncodeError: 'charmap' codec can't encode character '\u2717' in position 10: character maps to <undefined>
Call stack:
  File "D:\CODING\NEW MUTUAL FUND MF AUTOMATION\test_icici_simple.py", line 8, in <module>
    holdings = ext.extract('data/output/merged excels/icici/2025/CONSOLIDATED_ICICI_2025_12.xlsx')
  File "D:\CODING\NEW MUTUAL FUND MF AUTOMATION\src\extractors\icici_extractor_v1.py", line 134, in extract
    logger.warning(f"[ICICI] \u2717 {scheme_name}: Failed validation")
Message: '[ICICI] \u2717 BHARAT ETF: Failed validation'
Arguments: ()
[2026-02-12 23:17:09] [WARNING[2026-02-12 23:17:09] [ERROR] [ICICI PRUDENTIAL HOUSING OPPORTUNITIES FUND] FAILED NAV GUARD: 0.00% (Range 90-105%)
--- Logging error ---
Traceback (most recent call last):
  File "C:\Users\ADITYA MAHESHWARI\AppData\Local\Programs\Python\Python310\lib\logging\__init__.py", line 1103, in emit
    stream.write(msg + self.terminator)
  File "C:\Users\ADITYA MAHESHWARI\AppData\Local\Programs\Python\Python310\lib\site-packages\colorama\ansitowin32.py", line 47, in write
    self.__convertor.write(text)
  File "C:\Users\ADITYA MAHESHWARI\AppData\Local\Programs\Python\Python310\lib\site-packages\colorama\ansitowin32.py", line 177, in write
    self.write_and_convert(text)
  File "C:\Users\ADITYA MAHESHWARI\AppData\Local\Programs\Python\Python310\lib\site-packages\colorama\ansitowin32.py", line 205, in 
write_and_convert
    self.write_plain_text(text, cursor, len(text))
  File "C:\Users\ADITYA MAHESHWARI\AppData\Local\Programs\Python\Python310\lib\site-packages\colorama\ansitowin32.py", line 210, in 
write_plain_text
    self.wrapped.write(text[start:end])
  File "C:\Users\ADITYA MAHESHWARI\AppData\Local\Programs\Python\Python310\lib\encodings\cp1252.py", line 19, in encode
    return codecs.charmap_encode(input,self.errors,encoding_table)[0]
UnicodeEncodeError: 'charmap' codec can't encode character '\u2717' in position 10: character maps to <undefined>
Call stack:
  File "D:\CODING\NEW MUTUAL FUND MF AUTOMATION\test_icici_simple.py", line 8, in <module>
    holdings = ext.extract('data/output/merged excels/icici/2025/CONSOLIDATED_ICICI_2025_12.xlsx')
  File "D:\CODING\NEW MUTUAL FUND MF AUTOMATION\src\extractors\icici_extractor_v1.py", line 134, in extract
    logger.warning(f"[ICICI] \u2717 {scheme_name}: Failed validation")
Message: '[ICICI] \u2717 ICICI PRUDENTIAL HOUSING OPPORTUNITIES FUND: Failed validation'
Arguments: ()
[2026-02-12 23:17:09] [WARNING[2026-02-12 23:17:09] [ERROR] [ICICI PRUDENTIAL PSU EQUITY FUND] FAILED NAV GUARD: 0.00% (Range 90-105%)
--- Logging error ---
Traceback (most recent call last):
  File "C:\Users\ADITYA MAHESHWARI\AppData\Local\Programs\Python\Python310\lib\logging\__init__.py", line 1103, in emit
    stream.write(msg + self.terminator)
  File "C:\Users\ADITYA MAHESHWARI\AppData\Local\Programs\Python\Python310\lib\site-packages\colorama\ansitowin32.py", line 47, in write
    self.__convertor.write(text)
  File "C:\Users\ADITYA MAHESHWARI\AppData\Local\Programs\Python\Python310\lib\site-packages\colorama\ansitowin32.py", line 177, in write
    self.write_and_convert(text)
  File "C:\Users\ADITYA MAHESHWARI\AppData\Local\Programs\Python\Python310\lib\site-packages\colorama\ansitowin32.py", line 205, in 
write_and_convert
    self.write_plain_text(text, cursor, len(text))
  File "C:\Users\ADITYA MAHESHWARI\AppData\Local\Programs\Python\Python310\lib\site-packages\colorama\ansitowin32.py", line 210, in 
write_plain_text
    self.wrapped.write(text[start:end])
  File "C:\Users\ADITYA MAHESHWARI\AppData\Local\Programs\Python\Python310\lib\encodings\cp1252.py", line 19, in encode
    return codecs.charmap_encode(input,self.errors,encoding_table)[0]
UnicodeEncodeError: 'charmap' codec can't encode character '\u2717' in position 10: character maps to <undefined>
Call stack:
  File "D:\CODING\NEW MUTUAL FUND MF AUTOMATION\test_icici_simple.py", line 8, in <module>
    holdings = ext.extract('data/output/merged excels/icici/2025/CONSOLIDATED_ICICI_2025_12.xlsx')
  File "D:\CODING\NEW MUTUAL FUND MF AUTOMATION\src\extractors\icici_extractor_v1.py", line 134, in extract
    logger.warning(f"[ICICI] \u2717 {scheme_name}: Failed validation")
Message: '[ICICI] \u2717 ICICI PRUDENTIAL PSU EQUITY FUND: Failed validation'
Arguments: ()
[2026-02-12 23:17:09] [WARNING[2026-02-12 23:17:09] [ERROR] [Active Momentum Fund] FAILED NAV GUARD: 0.00% (Range 90-105%)
--- Logging error ---
Traceback (most recent call last):
  File "C:\Users\ADITYA MAHESHWARI\AppData\Local\Programs\Python\Python310\lib\logging\__init__.py", line 1103, in emit
    stream.write(msg + self.terminator)
  File "C:\Users\ADITYA MAHESHWARI\AppData\Local\Programs\Python\Python310\lib\site-packages\colorama\ansitowin32.py", line 47, in write
    self.__convertor.write(text)
  File "C:\Users\ADITYA MAHESHWARI\AppData\Local\Programs\Python\Python310\lib\site-packages\colorama\ansitowin32.py", line 177, in write
    self.write_and_convert(text)
  File "C:\Users\ADITYA MAHESHWARI\AppData\Local\Programs\Python\Python310\lib\site-packages\colorama\ansitowin32.py", line 205, in 
write_and_convert
    self.write_plain_text(text, cursor, len(text))
  File "C:\Users\ADITYA MAHESHWARI\AppData\Local\Programs\Python\Python310\lib\site-packages\colorama\ansitowin32.py", line 210, in 
write_plain_text
    self.wrapped.write(text[start:end])
  File "C:\Users\ADITYA MAHESHWARI\AppData\Local\Programs\Python\Python310\lib\encodings\cp1252.py", line 19, in encode
    return codecs.charmap_encode(input,self.errors,encoding_table)[0]
UnicodeEncodeError: 'charmap' codec can't encode character '\u2717' in position 10: character maps to <undefined>
Call stack:
  File "D:\CODING\NEW MUTUAL FUND MF AUTOMATION\test_icici_simple.py", line 8, in <module>
    holdings = ext.extract('data/output/merged excels/icici/2025/CONSOLIDATED_ICICI_2025_12.xlsx')
  File "D:\CODING\NEW MUTUAL FUND MF AUTOMATION\src\extractors\icici_extractor_v1.py", line 134, in extract
    logger.warning(f"[ICICI] \u2717 {scheme_name}: Failed validation")
Message: '[ICICI] \u2717 Active Momentum Fund: Failed validation'
Arguments: ()
[2026-02-12 23:17:09] [WARNING[2026-02-12 23:17:09] [ERROR] [BSE 500 ETF] FAILED NAV GUARD: 0.00% (Range 90-105%)
--- Logging error ---
Traceback (most recent call last):
  File "C:\Users\ADITYA MAHESHWARI\AppData\Local\Programs\Python\Python310\lib\logging\__init__.py", line 1103, in emit
    stream.write(msg + self.terminator)
  File "C:\Users\ADITYA MAHESHWARI\AppData\Local\Programs\Python\Python310\lib\site-packages\colorama\ansitowin32.py", line 47, in write
    self.__convertor.write(text)
  File "C:\Users\ADITYA MAHESHWARI\AppData\Local\Programs\Python\Python310\lib\site-packages\colorama\ansitowin32.py", line 177, in write
    self.write_and_convert(text)
  File "C:\Users\ADITYA MAHESHWARI\AppData\Local\Programs\Python\Python310\lib\site-packages\colorama\ansitowin32.py", line 205, in 
write_and_convert
    self.write_plain_text(text, cursor, len(text))
  File "C:\Users\ADITYA MAHESHWARI\AppData\Local\Programs\Python\Python310\lib\site-packages\colorama\ansitowin32.py", line 210, in 
write_plain_text
    self.wrapped.write(text[start:end])
  File "C:\Users\ADITYA MAHESHWARI\AppData\Local\Programs\Python\Python310\lib\encodings\cp1252.py", line 19, in encode
    return codecs.charmap_encode(input,self.errors,encoding_table)[0]
UnicodeEncodeError: 'charmap' codec can't encode character '\u2717' in position 10: character maps to <undefined>
Call stack:
  File "D:\CODING\NEW MUTUAL FUND MF AUTOMATION\test_icici_simple.py", line 8, in <module>
    holdings = ext.extract('data/output/merged excels/icici/2025/CONSOLIDATED_ICICI_2025_12.xlsx')
  File "D:\CODING\NEW MUTUAL FUND MF AUTOMATION\src\extractors\icici_extractor_v1.py", line 134, in extract
    logger.warning(f"[ICICI] \u2717 {scheme_name}: Failed validation")
Message: '[ICICI] \u2717 BSE 500 ETF: Failed validation'
Arguments: ()
[2026-02-12 23:17:09] [WARNING[2026-02-12 23:17:09] [ERROR] [BSE Midcap Select ETF] FAILED NAV GUARD: 0.00% (Range 90-105%)
--- Logging error ---
Traceback (most recent call last):
  File "C:\Users\ADITYA MAHESHWARI\AppData\Local\Programs\Python\Python310\lib\logging\__init__.py", line 1103, in emit
    stream.write(msg + self.terminator)
  File "C:\Users\ADITYA MAHESHWARI\AppData\Local\Programs\Python\Python310\lib\site-packages\colorama\ansitowin32.py", line 47, in write
    self.__convertor.write(text)
  File "C:\Users\ADITYA MAHESHWARI\AppData\Local\Programs\Python\Python310\lib\site-packages\colorama\ansitowin32.py", line 177, in write
    self.write_and_convert(text)
  File "C:\Users\ADITYA MAHESHWARI\AppData\Local\Programs\Python\Python310\lib\site-packages\colorama\ansitowin32.py", line 205, in 
write_and_convert
    self.write_plain_text(text, cursor, len(text))
  File "C:\Users\ADITYA MAHESHWARI\AppData\Local\Programs\Python\Python310\lib\site-packages\colorama\ansitowin32.py", line 210, in 
write_plain_text
    self.wrapped.write(text[start:end])
  File "C:\Users\ADITYA MAHESHWARI\AppData\Local\Programs\Python\Python310\lib\encodings\cp1252.py", line 19, in encode
    return codecs.charmap_encode(input,self.errors,encoding_table)[0]
UnicodeEncodeError: 'charmap' codec can't encode character '\u2717' in position 10: character maps to <undefined>
Call stack:
  File "D:\CODING\NEW MUTUAL FUND MF AUTOMATION\test_icici_simple.py", line 8, in <module>
    holdings = ext.extract('data/output/merged excels/icici/2025/CONSOLIDATED_ICICI_2025_12.xlsx')
  File "D:\CODING\NEW MUTUAL FUND MF AUTOMATION\src\extractors\icici_extractor_v1.py", line 134, in extract
    logger.warning(f"[ICICI] \u2717 {scheme_name}: Failed validation")
Message: '[ICICI] \u2717 BSE Midcap Select ETF: Failed validation'
Arguments: ()
[2026-02-12 23:17:09] [WARNING[2026-02-12 23:17:09] [ERROR] [BSE Sensex ETF] FAILED NAV GUARD: 0.00% (Range 90-105%)
--- Logging error ---
Traceback (most recent call last):
  File "C:\Users\ADITYA MAHESHWARI\AppData\Local\Programs\Python\Python310\lib\logging\__init__.py", line 1103, in emit
    stream.write(msg + self.terminator)
  File "C:\Users\ADITYA MAHESHWARI\AppData\Local\Programs\Python\Python310\lib\site-packages\colorama\ansitowin32.py", line 47, in write
    self.__convertor.write(text)
  File "C:\Users\ADITYA MAHESHWARI\AppData\Local\Programs\Python\Python310\lib\site-packages\colorama\ansitowin32.py", line 177, in write
    self.write_and_convert(text)
  File "C:\Users\ADITYA MAHESHWARI\AppData\Local\Programs\Python\Python310\lib\site-packages\colorama\ansitowin32.py", line 205, in 
write_and_convert
    self.write_plain_text(text, cursor, len(text))
  File "C:\Users\ADITYA MAHESHWARI\AppData\Local\Programs\Python\Python310\lib\site-packages\colorama\ansitowin32.py", line 210, in 
write_plain_text
    self.wrapped.write(text[start:end])
  File "C:\Users\ADITYA MAHESHWARI\AppData\Local\Programs\Python\Python310\lib\encodings\cp1252.py", line 19, in encode
    return codecs.charmap_encode(input,self.errors,encoding_table)[0]
UnicodeEncodeError: 'charmap' codec can't encode character '\u2717' in position 10: character maps to <undefined>
Call stack:
  File "D:\CODING\NEW MUTUAL FUND MF AUTOMATION\test_icici_simple.py", line 8, in <module>
    holdings = ext.extract('data/output/merged excels/icici/2025/CONSOLIDATED_ICICI_2025_12.xlsx')
  File "D:\CODING\NEW MUTUAL FUND MF AUTOMATION\src\extractors\icici_extractor_v1.py", line 134, in extract
    logger.warning(f"[ICICI] \u2717 {scheme_name}: Failed validation")
Message: '[ICICI] \u2717 BSE Sensex ETF: Failed validation'
Arguments: ()
[2026-02-12 23:17:09] [WARNING[2026-02-12 23:17:09] [ERROR] [BSE Sensex Index Fund] FAILED NAV GUARD: 0.00% (Range 90-105%)
--- Logging error ---
Traceback (most recent call last):
  File "C:\Users\ADITYA MAHESHWARI\AppData\Local\Programs\Python\Python310\lib\logging\__init__.py", line 1103, in emit
    stream.write(msg + self.terminator)
  File "C:\Users\ADITYA MAHESHWARI\AppData\Local\Programs\Python\Python310\lib\site-packages\colorama\ansitowin32.py", line 47, in write
    self.__convertor.write(text)
  File "C:\Users\ADITYA MAHESHWARI\AppData\Local\Programs\Python\Python310\lib\site-packages\colorama\ansitowin32.py", line 177, in write
    self.write_and_convert(text)
  File "C:\Users\ADITYA MAHESHWARI\AppData\Local\Programs\Python\Python310\lib\site-packages\colorama\ansitowin32.py", line 205, in 
write_and_convert
    self.write_plain_text(text, cursor, len(text))
  File "C:\Users\ADITYA MAHESHWARI\AppData\Local\Programs\Python\Python310\lib\site-packages\colorama\ansitowin32.py", line 210, in 
write_plain_text
    self.wrapped.write(text[start:end])
  File "C:\Users\ADITYA MAHESHWARI\AppData\Local\Programs\Python\Python310\lib\encodings\cp1252.py", line 19, in encode
    return codecs.charmap_encode(input,self.errors,encoding_table)[0]
UnicodeEncodeError: 'charmap' codec can't encode character '\u2717' in position 10: character maps to <undefined>
Call stack:
  File "D:\CODING\NEW MUTUAL FUND MF AUTOMATION\test_icici_simple.py", line 8, in <module>
    holdings = ext.extract('data/output/merged excels/icici/2025/CONSOLIDATED_ICICI_2025_12.xlsx')
  File "D:\CODING\NEW MUTUAL FUND MF AUTOMATION\src\extractors\icici_extractor_v1.py", line 134, in extract
    logger.warning(f"[ICICI] \u2717 {scheme_name}: Failed validation")
Message: '[ICICI] \u2717 BSE Sensex Index Fund: Failed validation'
Arguments: ()
--- Logging error ---
[2026-02-12 23:17:09] [WARNING[2026-02-12 23:17:09] [ERROR] [Balanced Advantage Fund] FAILED NAV GUARD: 0.00% (Range 90-105%)
Traceback (most recent call last):
  File "C:\Users\ADITYA MAHESHWARI\AppData\Local\Programs\Python\Python310\lib\logging\__init__.py", line 1103, in emit
    stream.write(msg + self.terminator)
  File "C:\Users\ADITYA MAHESHWARI\AppData\Local\Programs\Python\Python310\lib\site-packages\colorama\ansitowin32.py", line 47, in write
    self.__convertor.write(text)
  File "C:\Users\ADITYA MAHESHWARI\AppData\Local\Programs\Python\Python310\lib\site-packages\colorama\ansitowin32.py", line 177, in write
    self.write_and_convert(text)
  File "C:\Users\ADITYA MAHESHWARI\AppData\Local\Programs\Python\Python310\lib\site-packages\colorama\ansitowin32.py", line 205, in 
write_and_convert
    self.write_plain_text(text, cursor, len(text))
  File "C:\Users\ADITYA MAHESHWARI\AppData\Local\Programs\Python\Python310\lib\site-packages\colorama\ansitowin32.py", line 210, in 
write_plain_text
    self.wrapped.write(text[start:end])
  File "C:\Users\ADITYA MAHESHWARI\AppData\Local\Programs\Python\Python310\lib\encodings\cp1252.py", line 19, in encode
    return codecs.charmap_encode(input,self.errors,encoding_table)[0]
UnicodeEncodeError: 'charmap' codec can't encode character '\u2717' in position 10: character maps to <undefined>
Call stack:
  File "D:\CODING\NEW MUTUAL FUND MF AUTOMATION\test_icici_simple.py", line 8, in <module>
    holdings = ext.extract('data/output/merged excels/icici/2025/CONSOLIDATED_ICICI_2025_12.xlsx')
  File "D:\CODING\NEW MUTUAL FUND MF AUTOMATION\src\extractors\icici_extractor_v1.py", line 134, in extract
    logger.warning(f"[ICICI] \u2717 {scheme_name}: Failed validation")
Message: '[ICICI] \u2717 Balanced Advantage Fund: Failed validation'
Arguments: ()
[2026-02-12 23:17:09] [WARNING[2026-02-12 23:17:09] [ERROR] [Banking & Financial Services Fund] FAILED NAV GUARD: 0.00% (Range 90-105%)
--- Logging error ---
Traceback (most recent call last):
  File "C:\Users\ADITYA MAHESHWARI\AppData\Local\Programs\Python\Python310\lib\logging\__init__.py", line 1103, in emit
    stream.write(msg + self.terminator)
  File "C:\Users\ADITYA MAHESHWARI\AppData\Local\Programs\Python\Python310\lib\site-packages\colorama\ansitowin32.py", line 47, in write
    self.__convertor.write(text)
  File "C:\Users\ADITYA MAHESHWARI\AppData\Local\Programs\Python\Python310\lib\site-packages\colorama\ansitowin32.py", line 177, in write
    self.write_and_convert(text)
  File "C:\Users\ADITYA MAHESHWARI\AppData\Local\Programs\Python\Python310\lib\site-packages\colorama\ansitowin32.py", line 205, in 
write_and_convert
    self.write_plain_text(text, cursor, len(text))
  File "C:\Users\ADITYA MAHESHWARI\AppData\Local\Programs\Python\Python310\lib\site-packages\colorama\ansitowin32.py", line 210, in 
write_plain_text
    self.wrapped.write(text[start:end])
  File "C:\Users\ADITYA MAHESHWARI\AppData\Local\Programs\Python\Python310\lib\encodings\cp1252.py", line 19, in encode
    return codecs.charmap_encode(input,self.errors,encoding_table)[0]
UnicodeEncodeError: 'charmap' codec can't encode character '\u2717' in position 10: character maps to <undefined>
Call stack:
  File "D:\CODING\NEW MUTUAL FUND MF AUTOMATION\test_icici_simple.py", line 8, in <module>
    holdings = ext.extract('data/output/merged excels/icici/2025/CONSOLIDATED_ICICI_2025_12.xlsx')
  File "D:\CODING\NEW MUTUAL FUND MF AUTOMATION\src\extractors\icici_extractor_v1.py", line 134, in extract
    logger.warning(f"[ICICI] \u2717 {scheme_name}: Failed validation")
Message: '[ICICI] \u2717 Banking & Financial Services Fund: Failed validation'
Arguments: ()
[2026-02-12 23:17:09] [WARNING[2026-02-12 23:17:09] [ERROR] [Bharat Consumption Fund] FAILED NAV GUARD: 0.00% (Range 90-105%)
--- Logging error ---
Traceback (most recent call last):
  File "C:\Users\ADITYA MAHESHWARI\AppData\Local\Programs\Python\Python310\lib\logging\__init__.py", line 1103, in emit
    stream.write(msg + self.terminator)
  File "C:\Users\ADITYA MAHESHWARI\AppData\Local\Programs\Python\Python310\lib\site-packages\colorama\ansitowin32.py", line 47, in write
    self.__convertor.write(text)
  File "C:\Users\ADITYA MAHESHWARI\AppData\Local\Programs\Python\Python310\lib\site-packages\colorama\ansitowin32.py", line 177, in write
    self.write_and_convert(text)
  File "C:\Users\ADITYA MAHESHWARI\AppData\Local\Programs\Python\Python310\lib\site-packages\colorama\ansitowin32.py", line 205, in 
write_and_convert
    self.write_plain_text(text, cursor, len(text))
  File "C:\Users\ADITYA MAHESHWARI\AppData\Local\Programs\Python\Python310\lib\site-packages\colorama\ansitowin32.py", line 210, in 
write_plain_text
    self.wrapped.write(text[start:end])
  File "C:\Users\ADITYA MAHESHWARI\AppData\Local\Programs\Python\Python310\lib\encodings\cp1252.py", line 19, in encode
    return codecs.charmap_encode(input,self.errors,encoding_table)[0]
UnicodeEncodeError: 'charmap' codec can't encode character '\u2717' in position 10: character maps to <undefined>
Call stack:
  File "D:\CODING\NEW MUTUAL FUND MF AUTOMATION\test_icici_simple.py", line 8, in <module>
    holdings = ext.extract('data/output/merged excels/icici/2025/CONSOLIDATED_ICICI_2025_12.xlsx')
  File "D:\CODING\NEW MUTUAL FUND MF AUTOMATION\src\extractors\icici_extractor_v1.py", line 134, in extract
    logger.warning(f"[ICICI] \u2717 {scheme_name}: Failed validation")
Message: '[ICICI] \u2717 Bharat Consumption Fund: Failed validation'
Arguments: ()
[2026-02-12 23:17:09] [WARNING[2026-02-12 23:17:09] [ERROR] [Business Cycle Fund] FAILED NAV GUARD: 0.00% (Range 90-105%)
--- Logging error ---
Traceback (most recent call last):
  File "C:\Users\ADITYA MAHESHWARI\AppData\Local\Programs\Python\Python310\lib\logging\__init__.py", line 1103, in emit
    stream.write(msg + self.terminator)
  File "C:\Users\ADITYA MAHESHWARI\AppData\Local\Programs\Python\Python310\lib\site-packages\colorama\ansitowin32.py", line 47, in write
    self.__convertor.write(text)
  File "C:\Users\ADITYA MAHESHWARI\AppData\Local\Programs\Python\Python310\lib\site-packages\colorama\ansitowin32.py", line 177, in write
    self.write_and_convert(text)
  File "C:\Users\ADITYA MAHESHWARI\AppData\Local\Programs\Python\Python310\lib\site-packages\colorama\ansitowin32.py", line 205, in 
write_and_convert
    self.write_plain_text(text, cursor, len(text))
  File "C:\Users\ADITYA MAHESHWARI\AppData\Local\Programs\Python\Python310\lib\site-packages\colorama\ansitowin32.py", line 210, in 
write_plain_text
    self.wrapped.write(text[start:end])
  File "C:\Users\ADITYA MAHESHWARI\AppData\Local\Programs\Python\Python310\lib\encodings\cp1252.py", line 19, in encode
    return codecs.charmap_encode(input,self.errors,encoding_table)[0]
UnicodeEncodeError: 'charmap' codec can't encode character '\u2717' in position 10: character maps to <undefined>
Call stack:
  File "D:\CODING\NEW MUTUAL FUND MF AUTOMATION\test_icici_simple.py", line 8, in <module>
    holdings = ext.extract('data/output/merged excels/icici/2025/CONSOLIDATED_ICICI_2025_12.xlsx')
  File "D:\CODING\NEW MUTUAL FUND MF AUTOMATION\src\extractors\icici_extractor_v1.py", line 134, in extract
    logger.warning(f"[ICICI] \u2717 {scheme_name}: Failed validation")
Message: '[ICICI] \u2717 Business Cycle Fund: Failed validation'
Arguments: ()
[2026-02-12 23:17:09] [WARNING[2026-02-12 23:17:09] [ERROR] [ChildrenÆs Fund] FAILED NAV GUARD: 0.00% (Range 90-105%)
--- Logging error ---
Traceback (most recent call last):
  File "C:\Users\ADITYA MAHESHWARI\AppData\Local\Programs\Python\Python310\lib\logging\__init__.py", line 1103, in emit
    stream.write(msg + self.terminator)
  File "C:\Users\ADITYA MAHESHWARI\AppData\Local\Programs\Python\Python310\lib\site-packages\colorama\ansitowin32.py", line 47, in write
    self.__convertor.write(text)
  File "C:\Users\ADITYA MAHESHWARI\AppData\Local\Programs\Python\Python310\lib\site-packages\colorama\ansitowin32.py", line 177, in write
    self.write_and_convert(text)
  File "C:\Users\ADITYA MAHESHWARI\AppData\Local\Programs\Python\Python310\lib\site-packages\colorama\ansitowin32.py", line 205, in 
write_and_convert
    self.write_plain_text(text, cursor, len(text))
  File "C:\Users\ADITYA MAHESHWARI\AppData\Local\Programs\Python\Python310\lib\site-packages\colorama\ansitowin32.py", line 210, in 
write_plain_text
    self.wrapped.write(text[start:end])
  File "C:\Users\ADITYA MAHESHWARI\AppData\Local\Programs\Python\Python310\lib\encodings\cp1252.py", line 19, in encode
    return codecs.charmap_encode(input,self.errors,encoding_table)[0]
UnicodeEncodeError: 'charmap' codec can't encode character '\u2717' in position 10: character maps to <undefined>
Call stack:
  File "D:\CODING\NEW MUTUAL FUND MF AUTOMATION\test_icici_simple.py", line 8, in <module>
    holdings = ext.extract('data/output/merged excels/icici/2025/CONSOLIDATED_ICICI_2025_12.xlsx')
  File "D:\CODING\NEW MUTUAL FUND MF AUTOMATION\src\extractors\icici_extractor_v1.py", line 134, in extract
    logger.warning(f"[ICICI] \u2717 {scheme_name}: Failed validation")
Message: '[ICICI] \u2717 ChildrenÆs Fund: Failed validation'
Arguments: ()
[2026-02-12 23:17:09] [WARNING[2026-02-12 23:17:09] [ERROR] [Commodities Fund] FAILED NAV GUARD: 0.00% (Range 90-105%)
--- Logging error ---
Traceback (most recent call last):
  File "C:\Users\ADITYA MAHESHWARI\AppData\Local\Programs\Python\Python310\lib\logging\__init__.py", line 1103, in emit
    stream.write(msg + self.terminator)
  File "C:\Users\ADITYA MAHESHWARI\AppData\Local\Programs\Python\Python310\lib\site-packages\colorama\ansitowin32.py", line 47, in write
    self.__convertor.write(text)
  File "C:\Users\ADITYA MAHESHWARI\AppData\Local\Programs\Python\Python310\lib\site-packages\colorama\ansitowin32.py", line 177, in write
    self.write_and_convert(text)
  File "C:\Users\ADITYA MAHESHWARI\AppData\Local\Programs\Python\Python310\lib\site-packages\colorama\ansitowin32.py", line 205, in 
write_and_convert
    self.write_plain_text(text, cursor, len(text))
  File "C:\Users\ADITYA MAHESHWARI\AppData\Local\Programs\Python\Python310\lib\site-packages\colorama\ansitowin32.py", line 210, in 
write_plain_text
    self.wrapped.write(text[start:end])
  File "C:\Users\ADITYA MAHESHWARI\AppData\Local\Programs\Python\Python310\lib\encodings\cp1252.py", line 19, in encode
    return codecs.charmap_encode(input,self.errors,encoding_table)[0]
UnicodeEncodeError: 'charmap' codec can't encode character '\u2717' in position 10: character maps to <undefined>
Call stack:
  File "D:\CODING\NEW MUTUAL FUND MF AUTOMATION\test_icici_simple.py", line 8, in <module>
    holdings = ext.extract('data/output/merged excels/icici/2025/CONSOLIDATED_ICICI_2025_12.xlsx')
  File "D:\CODING\NEW MUTUAL FUND MF AUTOMATION\src\extractors\icici_extractor_v1.py", line 134, in extract
    logger.warning(f"[ICICI] \u2717 {scheme_name}: Failed validation")
Message: '[ICICI] \u2717 Commodities Fund: Failed validation'
Arguments: ()
[2026-02-12 23:17:09] [WARNING[2026-02-12 23:17:09] [ERROR] [Conglomerate Fund] FAILED NAV GUARD: 0.00% (Range 90-105%)
--- Logging error ---
Traceback (most recent call last):
  File "C:\Users\ADITYA MAHESHWARI\AppData\Local\Programs\Python\Python310\lib\logging\__init__.py", line 1103, in emit
    stream.write(msg + self.terminator)
  File "C:\Users\ADITYA MAHESHWARI\AppData\Local\Programs\Python\Python310\lib\site-packages\colorama\ansitowin32.py", line 47, in write
    self.__convertor.write(text)
  File "C:\Users\ADITYA MAHESHWARI\AppData\Local\Programs\Python\Python310\lib\site-packages\colorama\ansitowin32.py", line 177, in write
    self.write_and_convert(text)
  File "C:\Users\ADITYA MAHESHWARI\AppData\Local\Programs\Python\Python310\lib\site-packages\colorama\ansitowin32.py", line 205, in 
write_and_convert
    self.write_plain_text(text, cursor, len(text))
  File "C:\Users\ADITYA MAHESHWARI\AppData\Local\Programs\Python\Python310\lib\site-packages\colorama\ansitowin32.py", line 210, in 
write_plain_text
    self.wrapped.write(text[start:end])
  File "C:\Users\ADITYA MAHESHWARI\AppData\Local\Programs\Python\Python310\lib\encodings\cp1252.py", line 19, in encode
    return codecs.charmap_encode(input,self.errors,encoding_table)[0]
UnicodeEncodeError: 'charmap' codec can't encode character '\u2717' in position 10: character maps to <undefined>
Call stack:
  File "D:\CODING\NEW MUTUAL FUND MF AUTOMATION\test_icici_simple.py", line 8, in <module>
    holdings = ext.extract('data/output/merged excels/icici/2025/CONSOLIDATED_ICICI_2025_12.xlsx')
  File "D:\CODING\NEW MUTUAL FUND MF AUTOMATION\src\extractors\icici_extractor_v1.py", line 134, in extract
    logger.warning(f"[ICICI] \u2717 {scheme_name}: Failed validation")
Message: '[ICICI] \u2717 Conglomerate Fund: Failed validation'
Arguments: ()
[2026-02-12 23:17:09] [WARNING[2026-02-12 23:17:10] [ERROR] [Dividend Yield Equity Fund] FAILED NAV GUARD: 0.00% (Range 90-105%)
--- Logging error ---
Traceback (most recent call last):
  File "C:\Users\ADITYA MAHESHWARI\AppData\Local\Programs\Python\Python310\lib\logging\__init__.py", line 1103, in emit
    stream.write(msg + self.terminator)
  File "C:\Users\ADITYA MAHESHWARI\AppData\Local\Programs\Python\Python310\lib\site-packages\colorama\ansitowin32.py", line 47, in write
    self.__convertor.write(text)
  File "C:\Users\ADITYA MAHESHWARI\AppData\Local\Programs\Python\Python310\lib\site-packages\colorama\ansitowin32.py", line 177, in write
    self.write_and_convert(text)
  File "C:\Users\ADITYA MAHESHWARI\AppData\Local\Programs\Python\Python310\lib\site-packages\colorama\ansitowin32.py", line 205, in 
write_and_convert
    self.write_plain_text(text, cursor, len(text))
  File "C:\Users\ADITYA MAHESHWARI\AppData\Local\Programs\Python\Python310\lib\site-packages\colorama\ansitowin32.py", line 210, in 
write_plain_text
    self.wrapped.write(text[start:end])
  File "C:\Users\ADITYA MAHESHWARI\AppData\Local\Programs\Python\Python310\lib\encodings\cp1252.py", line 19, in encode
    return codecs.charmap_encode(input,self.errors,encoding_table)[0]
UnicodeEncodeError: 'charmap' codec can't encode character '\u2717' in position 10: character maps to <undefined>
Call stack:
  File "D:\CODING\NEW MUTUAL FUND MF AUTOMATION\test_icici_simple.py", line 8, in <module>
    holdings = ext.extract('data/output/merged excels/icici/2025/CONSOLIDATED_ICICI_2025_12.xlsx')
  File "D:\CODING\NEW MUTUAL FUND MF AUTOMATION\src\extractors\icici_extractor_v1.py", line 134, in extract
    logger.warning(f"[ICICI] \u2717 {scheme_name}: Failed validation")
Message: '[ICICI] \u2717 Dividend Yield Equity Fund: Failed validation'
Arguments: ()
[2026-02-12 23:17:10] [WARNING[2026-02-12 23:17:10] [ERROR] [ELSS Tax Saver Fund] FAILED NAV GUARD: 0.00% (Range 90-105%)
--- Logging error ---
Traceback (most recent call last):
  File "C:\Users\ADITYA MAHESHWARI\AppData\Local\Programs\Python\Python310\lib\logging\__init__.py", line 1103, in emit
    stream.write(msg + self.terminator)
  File "C:\Users\ADITYA MAHESHWARI\AppData\Local\Programs\Python\Python310\lib\site-packages\colorama\ansitowin32.py", line 47, in write
    self.__convertor.write(text)
  File "C:\Users\ADITYA MAHESHWARI\AppData\Local\Programs\Python\Python310\lib\site-packages\colorama\ansitowin32.py", line 177, in write
    self.write_and_convert(text)
  File "C:\Users\ADITYA MAHESHWARI\AppData\Local\Programs\Python\Python310\lib\site-packages\colorama\ansitowin32.py", line 205, in 
write_and_convert
    self.write_plain_text(text, cursor, len(text))
  File "C:\Users\ADITYA MAHESHWARI\AppData\Local\Programs\Python\Python310\lib\site-packages\colorama\ansitowin32.py", line 210, in 
write_plain_text
    self.wrapped.write(text[start:end])
  File "C:\Users\ADITYA MAHESHWARI\AppData\Local\Programs\Python\Python310\lib\encodings\cp1252.py", line 19, in encode
    return codecs.charmap_encode(input,self.errors,encoding_table)[0]
UnicodeEncodeError: 'charmap' codec can't encode character '\u2717' in position 10: character maps to <undefined>
Call stack:
  File "D:\CODING\NEW MUTUAL FUND MF AUTOMATION\test_icici_simple.py", line 8, in <module>
    holdings = ext.extract('data/output/merged excels/icici/2025/CONSOLIDATED_ICICI_2025_12.xlsx')
  File "D:\CODING\NEW MUTUAL FUND MF AUTOMATION\src\extractors\icici_extractor_v1.py", line 134, in extract
    logger.warning(f"[ICICI] \u2717 {scheme_name}: Failed validation")
Message: '[ICICI] \u2717 ELSS Tax Saver Fund: Failed validation'
Arguments: ()
[2026-02-12 23:17:10] [WARNING[2026-02-12 23:17:10] [ERROR] [ESG Exclusionary Strategy Fund] FAILED NAV GUARD: 0.00% (Range 90-105%)
--- Logging error ---
Traceback (most recent call last):
  File "C:\Users\ADITYA MAHESHWARI\AppData\Local\Programs\Python\Python310\lib\logging\__init__.py", line 1103, in emit
    stream.write(msg + self.terminator)
  File "C:\Users\ADITYA MAHESHWARI\AppData\Local\Programs\Python\Python310\lib\site-packages\colorama\ansitowin32.py", line 47, in write
    self.__convertor.write(text)
  File "C:\Users\ADITYA MAHESHWARI\AppData\Local\Programs\Python\Python310\lib\site-packages\colorama\ansitowin32.py", line 177, in write
    self.write_and_convert(text)
  File "C:\Users\ADITYA MAHESHWARI\AppData\Local\Programs\Python\Python310\lib\site-packages\colorama\ansitowin32.py", line 205, in 
write_and_convert
    self.write_plain_text(text, cursor, len(text))
  File "C:\Users\ADITYA MAHESHWARI\AppData\Local\Programs\Python\Python310\lib\site-packages\colorama\ansitowin32.py", line 210, in 
write_plain_text
    self.wrapped.write(text[start:end])
  File "C:\Users\ADITYA MAHESHWARI\AppData\Local\Programs\Python\Python310\lib\encodings\cp1252.py", line 19, in encode
    return codecs.charmap_encode(input,self.errors,encoding_table)[0]
UnicodeEncodeError: 'charmap' codec can't encode character '\u2717' in position 10: character maps to <undefined>
Call stack:
  File "D:\CODING\NEW MUTUAL FUND MF AUTOMATION\test_icici_simple.py", line 8, in <module>
    holdings = ext.extract('data/output/merged excels/icici/2025/CONSOLIDATED_ICICI_2025_12.xlsx')
  File "D:\CODING\NEW MUTUAL FUND MF AUTOMATION\src\extractors\icici_extractor_v1.py", line 134, in extract
    logger.warning(f"[ICICI] \u2717 {scheme_name}: Failed validation")
Message: '[ICICI] \u2717 ESG Exclusionary Strategy Fund: Failed validation'
Arguments: ()
[2026-02-12 23:17:10] [WARNING[2026-02-12 23:17:10] [ERROR] [Energy Opportunities Fund] FAILED NAV GUARD: 0.00% (Range 90-105%)
--- Logging error ---
Traceback (most recent call last):
  File "C:\Users\ADITYA MAHESHWARI\AppData\Local\Programs\Python\Python310\lib\logging\__init__.py", line 1103, in emit
    stream.write(msg + self.terminator)
  File "C:\Users\ADITYA MAHESHWARI\AppData\Local\Programs\Python\Python310\lib\site-packages\colorama\ansitowin32.py", line 47, in write
    self.__convertor.write(text)
  File "C:\Users\ADITYA MAHESHWARI\AppData\Local\Programs\Python\Python310\lib\site-packages\colorama\ansitowin32.py", line 177, in write
    self.write_and_convert(text)
  File "C:\Users\ADITYA MAHESHWARI\AppData\Local\Programs\Python\Python310\lib\site-packages\colorama\ansitowin32.py", line 205, in 
write_and_convert
    self.write_plain_text(text, cursor, len(text))
  File "C:\Users\ADITYA MAHESHWARI\AppData\Local\Programs\Python\Python310\lib\site-packages\colorama\ansitowin32.py", line 210, in 
write_plain_text
    self.wrapped.write(text[start:end])
  File "C:\Users\ADITYA MAHESHWARI\AppData\Local\Programs\Python\Python310\lib\encodings\cp1252.py", line 19, in encode
    return codecs.charmap_encode(input,self.errors,encoding_table)[0]
UnicodeEncodeError: 'charmap' codec can't encode character '\u2717' in position 10: character maps to <undefined>
Call stack:
  File "D:\CODING\NEW MUTUAL FUND MF AUTOMATION\test_icici_simple.py", line 8, in <module>
    holdings = ext.extract('data/output/merged excels/icici/2025/CONSOLIDATED_ICICI_2025_12.xlsx')
  File "D:\CODING\NEW MUTUAL FUND MF AUTOMATION\src\extractors\icici_extractor_v1.py", line 134, in extract
    logger.warning(f"[ICICI] \u2717 {scheme_name}: Failed validation")
Message: '[ICICI] \u2717 Energy Opportunities Fund: Failed validation'
Arguments: ()
[2026-02-12 23:17:10] [WARNING[2026-02-12 23:17:10] [ERROR] [Equity & Debt Fund] FAILED NAV GUARD: 0.00% (Range 90-105%)
--- Logging error ---
Traceback (most recent call last):
  File "C:\Users\ADITYA MAHESHWARI\AppData\Local\Programs\Python\Python310\lib\logging\__init__.py", line 1103, in emit
    stream.write(msg + self.terminator)
  File "C:\Users\ADITYA MAHESHWARI\AppData\Local\Programs\Python\Python310\lib\site-packages\colorama\ansitowin32.py", line 47, in write
    self.__convertor.write(text)
  File "C:\Users\ADITYA MAHESHWARI\AppData\Local\Programs\Python\Python310\lib\site-packages\colorama\ansitowin32.py", line 177, in write
    self.write_and_convert(text)
  File "C:\Users\ADITYA MAHESHWARI\AppData\Local\Programs\Python\Python310\lib\site-packages\colorama\ansitowin32.py", line 205, in 
write_and_convert
    self.write_plain_text(text, cursor, len(text))
  File "C:\Users\ADITYA MAHESHWARI\AppData\Local\Programs\Python\Python310\lib\site-packages\colorama\ansitowin32.py", line 210, in 
write_plain_text
    self.wrapped.write(text[start:end])
  File "C:\Users\ADITYA MAHESHWARI\AppData\Local\Programs\Python\Python310\lib\encodings\cp1252.py", line 19, in encode
    return codecs.charmap_encode(input,self.errors,encoding_table)[0]
UnicodeEncodeError: 'charmap' codec can't encode character '\u2717' in position 10: character maps to <undefined>
Call stack:
  File "D:\CODING\NEW MUTUAL FUND MF AUTOMATION\test_icici_simple.py", line 8, in <module>
    holdings = ext.extract('data/output/merged excels/icici/2025/CONSOLIDATED_ICICI_2025_12.xlsx')
  File "D:\CODING\NEW MUTUAL FUND MF AUTOMATION\src\extractors\icici_extractor_v1.py", line 134, in extract
    logger.warning(f"[ICICI] \u2717 {scheme_name}: Failed validation")
Message: '[ICICI] \u2717 Equity & Debt Fund: Failed validation'
Arguments: ()
[2026-02-12 23:17:10] [WARNING[2026-02-12 23:17:10] [ERROR] [Equity - Arbitrage Fund] FAILED NAV GUARD: 0.00% (Range 90-105%)
--- Logging error ---
Traceback (most recent call last):
  File "C:\Users\ADITYA MAHESHWARI\AppData\Local\Programs\Python\Python310\lib\logging\__init__.py", line 1103, in emit
    stream.write(msg + self.terminator)
  File "C:\Users\ADITYA MAHESHWARI\AppData\Local\Programs\Python\Python310\lib\site-packages\colorama\ansitowin32.py", line 47, in write
    self.__convertor.write(text)
  File "C:\Users\ADITYA MAHESHWARI\AppData\Local\Programs\Python\Python310\lib\site-packages\colorama\ansitowin32.py", line 177, in write
    self.write_and_convert(text)
  File "C:\Users\ADITYA MAHESHWARI\AppData\Local\Programs\Python\Python310\lib\site-packages\colorama\ansitowin32.py", line 205, in 
write_and_convert
    self.write_plain_text(text, cursor, len(text))
  File "C:\Users\ADITYA MAHESHWARI\AppData\Local\Programs\Python\Python310\lib\site-packages\colorama\ansitowin32.py", line 210, in 
write_plain_text
    self.wrapped.write(text[start:end])
  File "C:\Users\ADITYA MAHESHWARI\AppData\Local\Programs\Python\Python310\lib\encodings\cp1252.py", line 19, in encode
    return codecs.charmap_encode(input,self.errors,encoding_table)[0]
UnicodeEncodeError: 'charmap' codec can't encode character '\u2717' in position 10: character maps to <undefined>
Call stack:
  File "D:\CODING\NEW MUTUAL FUND MF AUTOMATION\test_icici_simple.py", line 8, in <module>
    holdings = ext.extract('data/output/merged excels/icici/2025/CONSOLIDATED_ICICI_2025_12.xlsx')
  File "D:\CODING\NEW MUTUAL FUND MF AUTOMATION\src\extractors\icici_extractor_v1.py", line 134, in extract
    logger.warning(f"[ICICI] \u2717 {scheme_name}: Failed validation")
Message: '[ICICI] \u2717 Equity - Arbitrage Fund: Failed validation'
Arguments: ()
[2026-02-12 23:17:10] [WARNING[2026-02-12 23:17:10] [ERROR] [Equity Minimum Variance Fund] FAILED NAV GUARD: 0.00% (Range 90-105%)
--- Logging error ---
Traceback (most recent call last):
  File "C:\Users\ADITYA MAHESHWARI\AppData\Local\Programs\Python\Python310\lib\logging\__init__.py", line 1103, in emit
    stream.write(msg + self.terminator)
  File "C:\Users\ADITYA MAHESHWARI\AppData\Local\Programs\Python\Python310\lib\site-packages\colorama\ansitowin32.py", line 47, in write
    self.__convertor.write(text)
  File "C:\Users\ADITYA MAHESHWARI\AppData\Local\Programs\Python\Python310\lib\site-packages\colorama\ansitowin32.py", line 177, in write
    self.write_and_convert(text)
  File "C:\Users\ADITYA MAHESHWARI\AppData\Local\Programs\Python\Python310\lib\site-packages\colorama\ansitowin32.py", line 205, in 
write_and_convert
    self.write_plain_text(text, cursor, len(text))
  File "C:\Users\ADITYA MAHESHWARI\AppData\Local\Programs\Python\Python310\lib\site-packages\colorama\ansitowin32.py", line 210, in 
write_plain_text
    self.wrapped.write(text[start:end])
  File "C:\Users\ADITYA MAHESHWARI\AppData\Local\Programs\Python\Python310\lib\encodings\cp1252.py", line 19, in encode
    return codecs.charmap_encode(input,self.errors,encoding_table)[0]
UnicodeEncodeError: 'charmap' codec can't encode character '\u2717' in position 10: character maps to <undefined>
Call stack:
  File "D:\CODING\NEW MUTUAL FUND MF AUTOMATION\test_icici_simple.py", line 8, in <module>
    holdings = ext.extract('data/output/merged excels/icici/2025/CONSOLIDATED_ICICI_2025_12.xlsx')
  File "D:\CODING\NEW MUTUAL FUND MF AUTOMATION\src\extractors\icici_extractor_v1.py", line 134, in extract
    logger.warning(f"[ICICI] \u2717 {scheme_name}: Failed validation")
Message: '[ICICI] \u2717 Equity Minimum Variance Fund: Failed validation'
Arguments: ()
[2026-02-12 23:17:10] [WARNING[2026-02-12 23:17:10] [ERROR] [Equity Savings Fund] FAILED NAV GUARD: 0.00% (Range 90-105%)
--- Logging error ---
Traceback (most recent call last):
  File "C:\Users\ADITYA MAHESHWARI\AppData\Local\Programs\Python\Python310\lib\logging\__init__.py", line 1103, in emit
    stream.write(msg + self.terminator)
  File "C:\Users\ADITYA MAHESHWARI\AppData\Local\Programs\Python\Python310\lib\site-packages\colorama\ansitowin32.py", line 47, in write
    self.__convertor.write(text)
  File "C:\Users\ADITYA MAHESHWARI\AppData\Local\Programs\Python\Python310\lib\site-packages\colorama\ansitowin32.py", line 177, in write
    self.write_and_convert(text)
  File "C:\Users\ADITYA MAHESHWARI\AppData\Local\Programs\Python\Python310\lib\site-packages\colorama\ansitowin32.py", line 205, in 
write_and_convert
    self.write_plain_text(text, cursor, len(text))
  File "C:\Users\ADITYA MAHESHWARI\AppData\Local\Programs\Python\Python310\lib\site-packages\colorama\ansitowin32.py", line 210, in 
write_plain_text
    self.wrapped.write(text[start:end])
  File "C:\Users\ADITYA MAHESHWARI\AppData\Local\Programs\Python\Python310\lib\encodings\cp1252.py", line 19, in encode
    return codecs.charmap_encode(input,self.errors,encoding_table)[0]
UnicodeEncodeError: 'charmap' codec can't encode character '\u2717' in position 10: character maps to <undefined>
Call stack:
  File "D:\CODING\NEW MUTUAL FUND MF AUTOMATION\test_icici_simple.py", line 8, in <module>
    holdings = ext.extract('data/output/merged excels/icici/2025/CONSOLIDATED_ICICI_2025_12.xlsx')
  File "D:\CODING\NEW MUTUAL FUND MF AUTOMATION\src\extractors\icici_extractor_v1.py", line 134, in extract
    logger.warning(f"[ICICI] \u2717 {scheme_name}: Failed validation")
Message: '[ICICI] \u2717 Equity Savings Fund: Failed validation'
Arguments: ()
[2026-02-12 23:17:10] [WARNING[2026-02-12 23:17:10] [ERROR] [Exports and Services Fund] FAILED NAV GUARD: 0.00% (Range 90-105%)
--- Logging error ---
Traceback (most recent call last):
  File "C:\Users\ADITYA MAHESHWARI\AppData\Local\Programs\Python\Python310\lib\logging\__init__.py", line 1103, in emit
    stream.write(msg + self.terminator)
  File "C:\Users\ADITYA MAHESHWARI\AppData\Local\Programs\Python\Python310\lib\site-packages\colorama\ansitowin32.py", line 47, in write
    self.__convertor.write(text)
  File "C:\Users\ADITYA MAHESHWARI\AppData\Local\Programs\Python\Python310\lib\site-packages\colorama\ansitowin32.py", line 177, in write
    self.write_and_convert(text)
  File "C:\Users\ADITYA MAHESHWARI\AppData\Local\Programs\Python\Python310\lib\site-packages\colorama\ansitowin32.py", line 205, in 
write_and_convert
    self.write_plain_text(text, cursor, len(text))
  File "C:\Users\ADITYA MAHESHWARI\AppData\Local\Programs\Python\Python310\lib\site-packages\colorama\ansitowin32.py", line 210, in 
write_plain_text
    self.wrapped.write(text[start:end])
  File "C:\Users\ADITYA MAHESHWARI\AppData\Local\Programs\Python\Python310\lib\encodings\cp1252.py", line 19, in encode
    return codecs.charmap_encode(input,self.errors,encoding_table)[0]
UnicodeEncodeError: 'charmap' codec can't encode character '\u2717' in position 10: character maps to <undefined>
Call stack:
  File "D:\CODING\NEW MUTUAL FUND MF AUTOMATION\test_icici_simple.py", line 8, in <module>
    holdings = ext.extract('data/output/merged excels/icici/2025/CONSOLIDATED_ICICI_2025_12.xlsx')
  File "D:\CODING\NEW MUTUAL FUND MF AUTOMATION\src\extractors\icici_extractor_v1.py", line 134, in extract
    logger.warning(f"[ICICI] \u2717 {scheme_name}: Failed validation")
Message: '[ICICI] \u2717 Exports and Services Fund: Failed validation'
Arguments: ()
[2026-02-12 23:17:10] [WARNING[2026-02-12 23:17:10] [ERROR] [FMCG Fund] FAILED NAV GUARD: 0.00% (Range 90-105%)
--- Logging error ---
Traceback (most recent call last):
  File "C:\Users\ADITYA MAHESHWARI\AppData\Local\Programs\Python\Python310\lib\logging\__init__.py", line 1103, in emit
    stream.write(msg + self.terminator)
  File "C:\Users\ADITYA MAHESHWARI\AppData\Local\Programs\Python\Python310\lib\site-packages\colorama\ansitowin32.py", line 47, in write
    self.__convertor.write(text)
  File "C:\Users\ADITYA MAHESHWARI\AppData\Local\Programs\Python\Python310\lib\site-packages\colorama\ansitowin32.py", line 177, in write
    self.write_and_convert(text)
  File "C:\Users\ADITYA MAHESHWARI\AppData\Local\Programs\Python\Python310\lib\site-packages\colorama\ansitowin32.py", line 205, in 
write_and_convert
    self.write_plain_text(text, cursor, len(text))
  File "C:\Users\ADITYA MAHESHWARI\AppData\Local\Programs\Python\Python310\lib\site-packages\colorama\ansitowin32.py", line 210, in 
write_plain_text
    self.wrapped.write(text[start:end])
  File "C:\Users\ADITYA MAHESHWARI\AppData\Local\Programs\Python\Python310\lib\encodings\cp1252.py", line 19, in encode
    return codecs.charmap_encode(input,self.errors,encoding_table)[0]
UnicodeEncodeError: 'charmap' codec can't encode character '\u2717' in position 10: character maps to <undefined>
Call stack:
  File "D:\CODING\NEW MUTUAL FUND MF AUTOMATION\test_icici_simple.py", line 8, in <module>
    holdings = ext.extract('data/output/merged excels/icici/2025/CONSOLIDATED_ICICI_2025_12.xlsx')
  File "D:\CODING\NEW MUTUAL FUND MF AUTOMATION\src\extractors\icici_extractor_v1.py", line 134, in extract
    logger.warning(f"[ICICI] \u2717 {scheme_name}: Failed validation")
Message: '[ICICI] \u2717 FMCG Fund: Failed validation'
Arguments: ()
[2026-02-12 23:17:10] [WARNING[2026-02-12 23:17:10] [ERROR] [Flexicap Fund] FAILED NAV GUARD: 0.00% (Range 90-105%)
--- Logging error ---
Traceback (most recent call last):
  File "C:\Users\ADITYA MAHESHWARI\AppData\Local\Programs\Python\Python310\lib\logging\__init__.py", line 1103, in emit
    stream.write(msg + self.terminator)
  File "C:\Users\ADITYA MAHESHWARI\AppData\Local\Programs\Python\Python310\lib\site-packages\colorama\ansitowin32.py", line 47, in write
    self.__convertor.write(text)
  File "C:\Users\ADITYA MAHESHWARI\AppData\Local\Programs\Python\Python310\lib\site-packages\colorama\ansitowin32.py", line 177, in write
    self.write_and_convert(text)
  File "C:\Users\ADITYA MAHESHWARI\AppData\Local\Programs\Python\Python310\lib\site-packages\colorama\ansitowin32.py", line 205, in 
write_and_convert
    self.write_plain_text(text, cursor, len(text))
  File "C:\Users\ADITYA MAHESHWARI\AppData\Local\Programs\Python\Python310\lib\site-packages\colorama\ansitowin32.py", line 210, in 
write_plain_text
    self.wrapped.write(text[start:end])
  File "C:\Users\ADITYA MAHESHWARI\AppData\Local\Programs\Python\Python310\lib\encodings\cp1252.py", line 19, in encode
    return codecs.charmap_encode(input,self.errors,encoding_table)[0]
UnicodeEncodeError: 'charmap' codec can't encode character '\u2717' in position 10: character maps to <undefined>
Call stack:
  File "D:\CODING\NEW MUTUAL FUND MF AUTOMATION\test_icici_simple.py", line 8, in <module>
    holdings = ext.extract('data/output/merged excels/icici/2025/CONSOLIDATED_ICICI_2025_12.xlsx')
  File "D:\CODING\NEW MUTUAL FUND MF AUTOMATION\src\extractors\icici_extractor_v1.py", line 134, in extract
    logger.warning(f"[ICICI] \u2717 {scheme_name}: Failed validation")
Message: '[ICICI] \u2717 Flexicap Fund: Failed validation'
Arguments: ()
--- Logging error ---
[2026-02-12 23:17:10] [WARNING[2026-02-12 23:17:10] [ERROR] [Focused Equity Fund] FAILED NAV GUARD: 0.00% (Range 90-105%)
Traceback (most recent call last):
  File "C:\Users\ADITYA MAHESHWARI\AppData\Local\Programs\Python\Python310\lib\logging\__init__.py", line 1103, in emit
    stream.write(msg + self.terminator)
  File "C:\Users\ADITYA MAHESHWARI\AppData\Local\Programs\Python\Python310\lib\site-packages\colorama\ansitowin32.py", line 47, in write
    self.__convertor.write(text)
  File "C:\Users\ADITYA MAHESHWARI\AppData\Local\Programs\Python\Python310\lib\site-packages\colorama\ansitowin32.py", line 177, in write
    self.write_and_convert(text)
  File "C:\Users\ADITYA MAHESHWARI\AppData\Local\Programs\Python\Python310\lib\site-packages\colorama\ansitowin32.py", line 205, in 
write_and_convert
    self.write_plain_text(text, cursor, len(text))
  File "C:\Users\ADITYA MAHESHWARI\AppData\Local\Programs\Python\Python310\lib\site-packages\colorama\ansitowin32.py", line 210, in 
write_plain_text
    self.wrapped.write(text[start:end])
  File "C:\Users\ADITYA MAHESHWARI\AppData\Local\Programs\Python\Python310\lib\encodings\cp1252.py", line 19, in encode
    return codecs.charmap_encode(input,self.errors,encoding_table)[0]
UnicodeEncodeError: 'charmap' codec can't encode character '\u2717' in position 10: character maps to <undefined>
Call stack:
  File "D:\CODING\NEW MUTUAL FUND MF AUTOMATION\test_icici_simple.py", line 8, in <module>
    holdings = ext.extract('data/output/merged excels/icici/2025/CONSOLIDATED_ICICI_2025_12.xlsx')
  File "D:\CODING\NEW MUTUAL FUND MF AUTOMATION\src\extractors\icici_extractor_v1.py", line 134, in extract
    logger.warning(f"[ICICI] \u2717 {scheme_name}: Failed validation")
Message: '[ICICI] \u2717 Focused Equity Fund: Failed validation'
Arguments: ()
[2026-02-12 23:17:10] [WARNING[2026-02-12 23:17:10] [ERROR] [India Opportunities Fund] FAILED NAV GUARD: 0.00% (Range 90-105%)
--- Logging error ---
Traceback (most recent call last):
  File "C:\Users\ADITYA MAHESHWARI\AppData\Local\Programs\Python\Python310\lib\logging\__init__.py", line 1103, in emit
    stream.write(msg + self.terminator)
  File "C:\Users\ADITYA MAHESHWARI\AppData\Local\Programs\Python\Python310\lib\site-packages\colorama\ansitowin32.py", line 47, in write
    self.__convertor.write(text)
  File "C:\Users\ADITYA MAHESHWARI\AppData\Local\Programs\Python\Python310\lib\site-packages\colorama\ansitowin32.py", line 177, in write
    self.write_and_convert(text)
  File "C:\Users\ADITYA MAHESHWARI\AppData\Local\Programs\Python\Python310\lib\site-packages\colorama\ansitowin32.py", line 205, in 
write_and_convert
    self.write_plain_text(text, cursor, len(text))
  File "C:\Users\ADITYA MAHESHWARI\AppData\Local\Programs\Python\Python310\lib\site-packages\colorama\ansitowin32.py", line 210, in 
write_plain_text
    self.wrapped.write(text[start:end])
  File "C:\Users\ADITYA MAHESHWARI\AppData\Local\Programs\Python\Python310\lib\encodings\cp1252.py", line 19, in encode
    return codecs.charmap_encode(input,self.errors,encoding_table)[0]
UnicodeEncodeError: 'charmap' codec can't encode character '\u2717' in position 10: character maps to <undefined>
Call stack:
  File "D:\CODING\NEW MUTUAL FUND MF AUTOMATION\test_icici_simple.py", line 8, in <module>
    holdings = ext.extract('data/output/merged excels/icici/2025/CONSOLIDATED_ICICI_2025_12.xlsx')
  File "D:\CODING\NEW MUTUAL FUND MF AUTOMATION\src\extractors\icici_extractor_v1.py", line 134, in extract
    logger.warning(f"[ICICI] \u2717 {scheme_name}: Failed validation")
Message: '[ICICI] \u2717 India Opportunities Fund: Failed validation'
Arguments: ()
[2026-02-12 23:17:10] [WARNING[2026-02-12 23:17:10] [ERROR] [Infrastructure Fund] FAILED NAV GUARD: 0.00% (Range 90-105%)
--- Logging error ---
Traceback (most recent call last):
  File "C:\Users\ADITYA MAHESHWARI\AppData\Local\Programs\Python\Python310\lib\logging\__init__.py", line 1103, in emit
    stream.write(msg + self.terminator)
  File "C:\Users\ADITYA MAHESHWARI\AppData\Local\Programs\Python\Python310\lib\site-packages\colorama\ansitowin32.py", line 47, in write
    self.__convertor.write(text)
  File "C:\Users\ADITYA MAHESHWARI\AppData\Local\Programs\Python\Python310\lib\site-packages\colorama\ansitowin32.py", line 177, in write
    self.write_and_convert(text)
  File "C:\Users\ADITYA MAHESHWARI\AppData\Local\Programs\Python\Python310\lib\site-packages\colorama\ansitowin32.py", line 205, in 
write_and_convert
    self.write_plain_text(text, cursor, len(text))
  File "C:\Users\ADITYA MAHESHWARI\AppData\Local\Programs\Python\Python310\lib\site-packages\colorama\ansitowin32.py", line 210, in 
write_plain_text
    self.wrapped.write(text[start:end])
  File "C:\Users\ADITYA MAHESHWARI\AppData\Local\Programs\Python\Python310\lib\encodings\cp1252.py", line 19, in encode
    return codecs.charmap_encode(input,self.errors,encoding_table)[0]
UnicodeEncodeError: 'charmap' codec can't encode character '\u2717' in position 10: character maps to <undefined>
Call stack:
  File "D:\CODING\NEW MUTUAL FUND MF AUTOMATION\test_icici_simple.py", line 8, in <module>
    holdings = ext.extract('data/output/merged excels/icici/2025/CONSOLIDATED_ICICI_2025_12.xlsx')
  File "D:\CODING\NEW MUTUAL FUND MF AUTOMATION\src\extractors\icici_extractor_v1.py", line 134, in extract
    logger.warning(f"[ICICI] \u2717 {scheme_name}: Failed validation")
Message: '[ICICI] \u2717 Infrastructure Fund: Failed validation'
Arguments: ()
[2026-02-12 23:17:10] [WARNING[2026-02-12 23:17:10] [ERROR] [Innovation Fund] FAILED NAV GUARD: 0.00% (Range 90-105%)
--- Logging error ---
Traceback (most recent call last):
  File "C:\Users\ADITYA MAHESHWARI\AppData\Local\Programs\Python\Python310\lib\logging\__init__.py", line 1103, in emit
    stream.write(msg + self.terminator)
  File "C:\Users\ADITYA MAHESHWARI\AppData\Local\Programs\Python\Python310\lib\site-packages\colorama\ansitowin32.py", line 47, in write
    self.__convertor.write(text)
  File "C:\Users\ADITYA MAHESHWARI\AppData\Local\Programs\Python\Python310\lib\site-packages\colorama\ansitowin32.py", line 177, in write
    self.write_and_convert(text)
  File "C:\Users\ADITYA MAHESHWARI\AppData\Local\Programs\Python\Python310\lib\site-packages\colorama\ansitowin32.py", line 205, in 
write_and_convert
    self.write_plain_text(text, cursor, len(text))
  File "C:\Users\ADITYA MAHESHWARI\AppData\Local\Programs\Python\Python310\lib\site-packages\colorama\ansitowin32.py", line 210, in 
write_plain_text
    self.wrapped.write(text[start:end])
  File "C:\Users\ADITYA MAHESHWARI\AppData\Local\Programs\Python\Python310\lib\encodings\cp1252.py", line 19, in encode
    return codecs.charmap_encode(input,self.errors,encoding_table)[0]
UnicodeEncodeError: 'charmap' codec can't encode character '\u2717' in position 10: character maps to <undefined>
Call stack:
  File "D:\CODING\NEW MUTUAL FUND MF AUTOMATION\test_icici_simple.py", line 8, in <module>
    holdings = ext.extract('data/output/merged excels/icici/2025/CONSOLIDATED_ICICI_2025_12.xlsx')
  File "D:\CODING\NEW MUTUAL FUND MF AUTOMATION\src\extractors\icici_extractor_v1.py", line 134, in extract
    logger.warning(f"[ICICI] \u2717 {scheme_name}: Failed validation")
Message: '[ICICI] \u2717 Innovation Fund: Failed validation'
Arguments: ()
[2026-02-12 23:17:10] [WARNING[2026-02-12 23:17:10] [ERROR] [Large & Mid Cap Fund] FAILED NAV GUARD: 0.00% (Range 90-105%)
--- Logging error ---
Traceback (most recent call last):
  File "C:\Users\ADITYA MAHESHWARI\AppData\Local\Programs\Python\Python310\lib\logging\__init__.py", line 1103, in emit
    stream.write(msg + self.terminator)
  File "C:\Users\ADITYA MAHESHWARI\AppData\Local\Programs\Python\Python310\lib\site-packages\colorama\ansitowin32.py", line 47, in write
    self.__convertor.write(text)
  File "C:\Users\ADITYA MAHESHWARI\AppData\Local\Programs\Python\Python310\lib\site-packages\colorama\ansitowin32.py", line 177, in write
    self.write_and_convert(text)
  File "C:\Users\ADITYA MAHESHWARI\AppData\Local\Programs\Python\Python310\lib\site-packages\colorama\ansitowin32.py", line 205, in 
write_and_convert
    self.write_plain_text(text, cursor, len(text))
  File "C:\Users\ADITYA MAHESHWARI\AppData\Local\Programs\Python\Python310\lib\site-packages\colorama\ansitowin32.py", line 210, in 
write_plain_text
    self.wrapped.write(text[start:end])
  File "C:\Users\ADITYA MAHESHWARI\AppData\Local\Programs\Python\Python310\lib\encodings\cp1252.py", line 19, in encode
    return codecs.charmap_encode(input,self.errors,encoding_table)[0]
UnicodeEncodeError: 'charmap' codec can't encode character '\u2717' in position 10: character maps to <undefined>
Call stack:
  File "D:\CODING\NEW MUTUAL FUND MF AUTOMATION\test_icici_simple.py", line 8, in <module>
    holdings = ext.extract('data/output/merged excels/icici/2025/CONSOLIDATED_ICICI_2025_12.xlsx')
  File "D:\CODING\NEW MUTUAL FUND MF AUTOMATION\src\extractors\icici_extractor_v1.py", line 134, in extract
    logger.warning(f"[ICICI] \u2717 {scheme_name}: Failed validation")
Message: '[ICICI] \u2717 Large & Mid Cap Fund: Failed validation'
Arguments: ()
[2026-02-12 23:17:10] [WARNING[2026-02-12 23:17:10] [ERROR] [Large Cap Fund] FAILED NAV GUARD: 0.00% (Range 90-105%)
--- Logging error ---
Traceback (most recent call last):
  File "C:\Users\ADITYA MAHESHWARI\AppData\Local\Programs\Python\Python310\lib\logging\__init__.py", line 1103, in emit
    stream.write(msg + self.terminator)
  File "C:\Users\ADITYA MAHESHWARI\AppData\Local\Programs\Python\Python310\lib\site-packages\colorama\ansitowin32.py", line 47, in write
    self.__convertor.write(text)
  File "C:\Users\ADITYA MAHESHWARI\AppData\Local\Programs\Python\Python310\lib\site-packages\colorama\ansitowin32.py", line 177, in write
    self.write_and_convert(text)
  File "C:\Users\ADITYA MAHESHWARI\AppData\Local\Programs\Python\Python310\lib\site-packages\colorama\ansitowin32.py", line 205, in 
write_and_convert
    self.write_plain_text(text, cursor, len(text))
  File "C:\Users\ADITYA MAHESHWARI\AppData\Local\Programs\Python\Python310\lib\site-packages\colorama\ansitowin32.py", line 210, in 
write_plain_text
    self.wrapped.write(text[start:end])
  File "C:\Users\ADITYA MAHESHWARI\AppData\Local\Programs\Python\Python310\lib\encodings\cp1252.py", line 19, in encode
    return codecs.charmap_encode(input,self.errors,encoding_table)[0]
UnicodeEncodeError: 'charmap' codec can't encode character '\u2717' in position 10: character maps to <undefined>
Call stack:
  File "D:\CODING\NEW MUTUAL FUND MF AUTOMATION\test_icici_simple.py", line 8, in <module>
    holdings = ext.extract('data/output/merged excels/icici/2025/CONSOLIDATED_ICICI_2025_12.xlsx')
  File "D:\CODING\NEW MUTUAL FUND MF AUTOMATION\src\extractors\icici_extractor_v1.py", line 134, in extract
    logger.warning(f"[ICICI] \u2717 {scheme_name}: Failed validation")
Message: '[ICICI] \u2717 Large Cap Fund: Failed validation'
Arguments: ()
[2026-02-12 23:17:10] [WARNING[2026-02-12 23:17:10] [ERROR] [Long Term Wealth Enhancement Fund] FAILED NAV GUARD: 0.00% (Range 90-105%)
--- Logging error ---
Traceback (most recent call last):
  File "C:\Users\ADITYA MAHESHWARI\AppData\Local\Programs\Python\Python310\lib\logging\__init__.py", line 1103, in emit
    stream.write(msg + self.terminator)
  File "C:\Users\ADITYA MAHESHWARI\AppData\Local\Programs\Python\Python310\lib\site-packages\colorama\ansitowin32.py", line 47, in write
    self.__convertor.write(text)
  File "C:\Users\ADITYA MAHESHWARI\AppData\Local\Programs\Python\Python310\lib\site-packages\colorama\ansitowin32.py", line 177, in write
    self.write_and_convert(text)
  File "C:\Users\ADITYA MAHESHWARI\AppData\Local\Programs\Python\Python310\lib\site-packages\colorama\ansitowin32.py", line 205, in 
write_and_convert
    self.write_plain_text(text, cursor, len(text))
  File "C:\Users\ADITYA MAHESHWARI\AppData\Local\Programs\Python\Python310\lib\site-packages\colorama\ansitowin32.py", line 210, in 
write_plain_text
    self.wrapped.write(text[start:end])
  File "C:\Users\ADITYA MAHESHWARI\AppData\Local\Programs\Python\Python310\lib\encodings\cp1252.py", line 19, in encode
    return codecs.charmap_encode(input,self.errors,encoding_table)[0]
UnicodeEncodeError: 'charmap' codec can't encode character '\u2717' in position 10: character maps to <undefined>
Call stack:
  File "D:\CODING\NEW MUTUAL FUND MF AUTOMATION\test_icici_simple.py", line 8, in <module>
    holdings = ext.extract('data/output/merged excels/icici/2025/CONSOLIDATED_ICICI_2025_12.xlsx')
  File "D:\CODING\NEW MUTUAL FUND MF AUTOMATION\src\extractors\icici_extractor_v1.py", line 134, in extract
    logger.warning(f"[ICICI] \u2717 {scheme_name}: Failed validation")
Message: '[ICICI] \u2717 Long Term Wealth Enhancement Fund: Failed validation'
Arguments: ()
[2026-02-12 23:17:10] [WARNING[2026-02-12 23:17:10] [ERROR] [MNC Fund] FAILED NAV GUARD: 0.00% (Range 90-105%)
--- Logging error ---
Traceback (most recent call last):
  File "C:\Users\ADITYA MAHESHWARI\AppData\Local\Programs\Python\Python310\lib\logging\__init__.py", line 1103, in emit
    stream.write(msg + self.terminator)
  File "C:\Users\ADITYA MAHESHWARI\AppData\Local\Programs\Python\Python310\lib\site-packages\colorama\ansitowin32.py", line 47, in write
    self.__convertor.write(text)
  File "C:\Users\ADITYA MAHESHWARI\AppData\Local\Programs\Python\Python310\lib\site-packages\colorama\ansitowin32.py", line 177, in write
    self.write_and_convert(text)
  File "C:\Users\ADITYA MAHESHWARI\AppData\Local\Programs\Python\Python310\lib\site-packages\colorama\ansitowin32.py", line 205, in 
write_and_convert
    self.write_plain_text(text, cursor, len(text))
  File "C:\Users\ADITYA MAHESHWARI\AppData\Local\Programs\Python\Python310\lib\site-packages\colorama\ansitowin32.py", line 210, in 
write_plain_text
    self.wrapped.write(text[start:end])
  File "C:\Users\ADITYA MAHESHWARI\AppData\Local\Programs\Python\Python310\lib\encodings\cp1252.py", line 19, in encode
    return codecs.charmap_encode(input,self.errors,encoding_table)[0]
UnicodeEncodeError: 'charmap' codec can't encode character '\u2717' in position 10: character maps to <undefined>
Call stack:
  File "D:\CODING\NEW MUTUAL FUND MF AUTOMATION\test_icici_simple.py", line 8, in <module>
    holdings = ext.extract('data/output/merged excels/icici/2025/CONSOLIDATED_ICICI_2025_12.xlsx')
  File "D:\CODING\NEW MUTUAL FUND MF AUTOMATION\src\extractors\icici_extractor_v1.py", line 134, in extract
    logger.warning(f"[ICICI] \u2717 {scheme_name}: Failed validation")
Message: '[ICICI] \u2717 MNC Fund: Failed validation'
Arguments: ()
[2026-02-12 23:17:10] [WARNING[2026-02-12 23:17:10] [ERROR] [Manufacturing Fund] FAILED NAV GUARD: 0.00% (Range 90-105%)
--- Logging error ---
Traceback (most recent call last):
  File "C:\Users\ADITYA MAHESHWARI\AppData\Local\Programs\Python\Python310\lib\logging\__init__.py", line 1103, in emit
    stream.write(msg + self.terminator)
  File "C:\Users\ADITYA MAHESHWARI\AppData\Local\Programs\Python\Python310\lib\site-packages\colorama\ansitowin32.py", line 47, in write
    self.__convertor.write(text)
  File "C:\Users\ADITYA MAHESHWARI\AppData\Local\Programs\Python\Python310\lib\site-packages\colorama\ansitowin32.py", line 177, in write
    self.write_and_convert(text)
  File "C:\Users\ADITYA MAHESHWARI\AppData\Local\Programs\Python\Python310\lib\site-packages\colorama\ansitowin32.py", line 205, in 
write_and_convert
    self.write_plain_text(text, cursor, len(text))
  File "C:\Users\ADITYA MAHESHWARI\AppData\Local\Programs\Python\Python310\lib\site-packages\colorama\ansitowin32.py", line 210, in 
write_plain_text
    self.wrapped.write(text[start:end])
  File "C:\Users\ADITYA MAHESHWARI\AppData\Local\Programs\Python\Python310\lib\encodings\cp1252.py", line 19, in encode
    return codecs.charmap_encode(input,self.errors,encoding_table)[0]
UnicodeEncodeError: 'charmap' codec can't encode character '\u2717' in position 10: character maps to <undefined>
Call stack:
  File "D:\CODING\NEW MUTUAL FUND MF AUTOMATION\test_icici_simple.py", line 8, in <module>
    holdings = ext.extract('data/output/merged excels/icici/2025/CONSOLIDATED_ICICI_2025_12.xlsx')
  File "D:\CODING\NEW MUTUAL FUND MF AUTOMATION\src\extractors\icici_extractor_v1.py", line 134, in extract
    logger.warning(f"[ICICI] \u2717 {scheme_name}: Failed validation")
Message: '[ICICI] \u2717 Manufacturing Fund: Failed validation'
Arguments: ()
[2026-02-12 23:17:10] [WARNING[2026-02-12 23:17:10] [ERROR] [Midcap Fund] FAILED NAV GUARD: 0.00% (Range 90-105%)
--- Logging error ---
Traceback (most recent call last):
  File "C:\Users\ADITYA MAHESHWARI\AppData\Local\Programs\Python\Python310\lib\logging\__init__.py", line 1103, in emit
    stream.write(msg + self.terminator)
  File "C:\Users\ADITYA MAHESHWARI\AppData\Local\Programs\Python\Python310\lib\site-packages\colorama\ansitowin32.py", line 47, in write
    self.__convertor.write(text)
  File "C:\Users\ADITYA MAHESHWARI\AppData\Local\Programs\Python\Python310\lib\site-packages\colorama\ansitowin32.py", line 177, in write
    self.write_and_convert(text)
  File "C:\Users\ADITYA MAHESHWARI\AppData\Local\Programs\Python\Python310\lib\site-packages\colorama\ansitowin32.py", line 205, in 
write_and_convert
    self.write_plain_text(text, cursor, len(text))
  File "C:\Users\ADITYA MAHESHWARI\AppData\Local\Programs\Python\Python310\lib\site-packages\colorama\ansitowin32.py", line 210, in 
write_plain_text
    self.wrapped.write(text[start:end])
  File "C:\Users\ADITYA MAHESHWARI\AppData\Local\Programs\Python\Python310\lib\encodings\cp1252.py", line 19, in encode
    return codecs.charmap_encode(input,self.errors,encoding_table)[0]
UnicodeEncodeError: 'charmap' codec can't encode character '\u2717' in position 10: character maps to <undefined>
Call stack:
  File "D:\CODING\NEW MUTUAL FUND MF AUTOMATION\test_icici_simple.py", line 8, in <module>
    holdings = ext.extract('data/output/merged excels/icici/2025/CONSOLIDATED_ICICI_2025_12.xlsx')
  File "D:\CODING\NEW MUTUAL FUND MF AUTOMATION\src\extractors\icici_extractor_v1.py", line 134, in extract
    logger.warning(f"[ICICI] \u2717 {scheme_name}: Failed validation")
Message: '[ICICI] \u2717 Midcap Fund: Failed validation'
Arguments: ()
[2026-02-12 23:17:10] [WARNING[2026-02-12 23:17:10] [ERROR] [Multi-Asset Fund] FAILED NAV GUARD: 0.00% (Range 90-105%)
--- Logging error ---
Traceback (most recent call last):
  File "C:\Users\ADITYA MAHESHWARI\AppData\Local\Programs\Python\Python310\lib\logging\__init__.py", line 1103, in emit
    stream.write(msg + self.terminator)
  File "C:\Users\ADITYA MAHESHWARI\AppData\Local\Programs\Python\Python310\lib\site-packages\colorama\ansitowin32.py", line 47, in write
    self.__convertor.write(text)
  File "C:\Users\ADITYA MAHESHWARI\AppData\Local\Programs\Python\Python310\lib\site-packages\colorama\ansitowin32.py", line 177, in write
    self.write_and_convert(text)
  File "C:\Users\ADITYA MAHESHWARI\AppData\Local\Programs\Python\Python310\lib\site-packages\colorama\ansitowin32.py", line 205, in 
write_and_convert
    self.write_plain_text(text, cursor, len(text))
  File "C:\Users\ADITYA MAHESHWARI\AppData\Local\Programs\Python\Python310\lib\site-packages\colorama\ansitowin32.py", line 210, in 
write_plain_text
    self.wrapped.write(text[start:end])
  File "C:\Users\ADITYA MAHESHWARI\AppData\Local\Programs\Python\Python310\lib\encodings\cp1252.py", line 19, in encode
    return codecs.charmap_encode(input,self.errors,encoding_table)[0]
UnicodeEncodeError: 'charmap' codec can't encode character '\u2717' in position 10: character maps to <undefined>
Call stack:
  File "D:\CODING\NEW MUTUAL FUND MF AUTOMATION\test_icici_simple.py", line 8, in <module>
    holdings = ext.extract('data/output/merged excels/icici/2025/CONSOLIDATED_ICICI_2025_12.xlsx')
  File "D:\CODING\NEW MUTUAL FUND MF AUTOMATION\src\extractors\icici_extractor_v1.py", line 134, in extract
    logger.warning(f"[ICICI] \u2717 {scheme_name}: Failed validation")
Message: '[ICICI] \u2717 Multi-Asset Fund: Failed validation'
Arguments: ()
[2026-02-12 23:17:10] [WARNING[2026-02-12 23:17:10] [ERROR] [Multicap Fund] FAILED NAV GUARD: 0.00% (Range 90-105%)
--- Logging error ---
Traceback (most recent call last):
  File "C:\Users\ADITYA MAHESHWARI\AppData\Local\Programs\Python\Python310\lib\logging\__init__.py", line 1103, in emit
    stream.write(msg + self.terminator)
  File "C:\Users\ADITYA MAHESHWARI\AppData\Local\Programs\Python\Python310\lib\site-packages\colorama\ansitowin32.py", line 47, in write
    self.__convertor.write(text)
  File "C:\Users\ADITYA MAHESHWARI\AppData\Local\Programs\Python\Python310\lib\site-packages\colorama\ansitowin32.py", line 177, in write
    self.write_and_convert(text)
  File "C:\Users\ADITYA MAHESHWARI\AppData\Local\Programs\Python\Python310\lib\site-packages\colorama\ansitowin32.py", line 205, in 
write_and_convert
    self.write_plain_text(text, cursor, len(text))
  File "C:\Users\ADITYA MAHESHWARI\AppData\Local\Programs\Python\Python310\lib\site-packages\colorama\ansitowin32.py", line 210, in 
write_plain_text
    self.wrapped.write(text[start:end])
  File "C:\Users\ADITYA MAHESHWARI\AppData\Local\Programs\Python\Python310\lib\encodings\cp1252.py", line 19, in encode
    return codecs.charmap_encode(input,self.errors,encoding_table)[0]
UnicodeEncodeError: 'charmap' codec can't encode character '\u2717' in position 10: character maps to <undefined>
Call stack:
  File "D:\CODING\NEW MUTUAL FUND MF AUTOMATION\test_icici_simple.py", line 8, in <module>
    holdings = ext.extract('data/output/merged excels/icici/2025/CONSOLIDATED_ICICI_2025_12.xlsx')
  File "D:\CODING\NEW MUTUAL FUND MF AUTOMATION\src\extractors\icici_extractor_v1.py", line 134, in extract
    logger.warning(f"[ICICI] \u2717 {scheme_name}: Failed validation")
Message: '[ICICI] \u2717 Multicap Fund: Failed validation'
Arguments: ()
[2026-02-12 23:17:10] [WARNING[2026-02-12 23:17:10] [ERROR] [Nifty 100 ETF CNX100] FAILED NAV GUARD: 0.00% (Range 90-105%)
--- Logging error ---
Traceback (most recent call last):
  File "C:\Users\ADITYA MAHESHWARI\AppData\Local\Programs\Python\Python310\lib\logging\__init__.py", line 1103, in emit
    stream.write(msg + self.terminator)
  File "C:\Users\ADITYA MAHESHWARI\AppData\Local\Programs\Python\Python310\lib\site-packages\colorama\ansitowin32.py", line 47, in write
    self.__convertor.write(text)
  File "C:\Users\ADITYA MAHESHWARI\AppData\Local\Programs\Python\Python310\lib\site-packages\colorama\ansitowin32.py", line 177, in write
    self.write_and_convert(text)
  File "C:\Users\ADITYA MAHESHWARI\AppData\Local\Programs\Python\Python310\lib\site-packages\colorama\ansitowin32.py", line 205, in 
write_and_convert
    self.write_plain_text(text, cursor, len(text))
  File "C:\Users\ADITYA MAHESHWARI\AppData\Local\Programs\Python\Python310\lib\site-packages\colorama\ansitowin32.py", line 210, in 
write_plain_text
    self.wrapped.write(text[start:end])
  File "C:\Users\ADITYA MAHESHWARI\AppData\Local\Programs\Python\Python310\lib\encodings\cp1252.py", line 19, in encode
    return codecs.charmap_encode(input,self.errors,encoding_table)[0]
UnicodeEncodeError: 'charmap' codec can't encode character '\u2717' in position 10: character maps to <undefined>
Call stack:
  File "D:\CODING\NEW MUTUAL FUND MF AUTOMATION\test_icici_simple.py", line 8, in <module>
    holdings = ext.extract('data/output/merged excels/icici/2025/CONSOLIDATED_ICICI_2025_12.xlsx')
  File "D:\CODING\NEW MUTUAL FUND MF AUTOMATION\src\extractors\icici_extractor_v1.py", line 134, in extract
    logger.warning(f"[ICICI] \u2717 {scheme_name}: Failed validation")
Message: '[ICICI] \u2717 Nifty 100 ETF CNX100: Failed validation'
Arguments: ()
[2026-02-12 23:17:10] [WARNING[2026-02-12 23:17:10] [ERROR] [Nifty 100 Low Volatility ETF NV] FAILED NAV GUARD: 0.00% (Range 90-105%)
--- Logging error ---
Traceback (most recent call last):
  File "C:\Users\ADITYA MAHESHWARI\AppData\Local\Programs\Python\Python310\lib\logging\__init__.py", line 1103, in emit
    stream.write(msg + self.terminator)
  File "C:\Users\ADITYA MAHESHWARI\AppData\Local\Programs\Python\Python310\lib\site-packages\colorama\ansitowin32.py", line 47, in write
    self.__convertor.write(text)
  File "C:\Users\ADITYA MAHESHWARI\AppData\Local\Programs\Python\Python310\lib\site-packages\colorama\ansitowin32.py", line 177, in write
    self.write_and_convert(text)
  File "C:\Users\ADITYA MAHESHWARI\AppData\Local\Programs\Python\Python310\lib\site-packages\colorama\ansitowin32.py", line 205, in 
write_and_convert
    self.write_plain_text(text, cursor, len(text))
  File "C:\Users\ADITYA MAHESHWARI\AppData\Local\Programs\Python\Python310\lib\site-packages\colorama\ansitowin32.py", line 210, in 
write_plain_text
    self.wrapped.write(text[start:end])
  File "C:\Users\ADITYA MAHESHWARI\AppData\Local\Programs\Python\Python310\lib\encodings\cp1252.py", line 19, in encode
    return codecs.charmap_encode(input,self.errors,encoding_table)[0]
UnicodeEncodeError: 'charmap' codec can't encode character '\u2717' in position 10: character maps to <undefined>
Call stack:
  File "D:\CODING\NEW MUTUAL FUND MF AUTOMATION\test_icici_simple.py", line 8, in <module>
    holdings = ext.extract('data/output/merged excels/icici/2025/CONSOLIDATED_ICICI_2025_12.xlsx')
  File "D:\CODING\NEW MUTUAL FUND MF AUTOMATION\src\extractors\icici_extractor_v1.py", line 134, in extract
    logger.warning(f"[ICICI] \u2717 {scheme_name}: Failed validation")
Message: '[ICICI] \u2717 Nifty 100 Low Volatility ETF NV: Failed validation'
Arguments: ()
[2026-02-12 23:17:10] [WARNING[2026-02-12 23:17:10] [ERROR] [Nifty 200 Momentum ETF] FAILED NAV GUARD: 0.00% (Range 90-105%)
--- Logging error ---
Traceback (most recent call last):
  File "C:\Users\ADITYA MAHESHWARI\AppData\Local\Programs\Python\Python310\lib\logging\__init__.py", line 1103, in emit
    stream.write(msg + self.terminator)
  File "C:\Users\ADITYA MAHESHWARI\AppData\Local\Programs\Python\Python310\lib\site-packages\colorama\ansitowin32.py", line 47, in write
    self.__convertor.write(text)
  File "C:\Users\ADITYA MAHESHWARI\AppData\Local\Programs\Python\Python310\lib\site-packages\colorama\ansitowin32.py", line 177, in write
    self.write_and_convert(text)
  File "C:\Users\ADITYA MAHESHWARI\AppData\Local\Programs\Python\Python310\lib\site-packages\colorama\ansitowin32.py", line 205, in 
write_and_convert
    self.write_plain_text(text, cursor, len(text))
  File "C:\Users\ADITYA MAHESHWARI\AppData\Local\Programs\Python\Python310\lib\site-packages\colorama\ansitowin32.py", line 210, in 
write_plain_text
    self.wrapped.write(text[start:end])
  File "C:\Users\ADITYA MAHESHWARI\AppData\Local\Programs\Python\Python310\lib\encodings\cp1252.py", line 19, in encode
    return codecs.charmap_encode(input,self.errors,encoding_table)[0]
UnicodeEncodeError: 'charmap' codec can't encode character '\u2717' in position 10: character maps to <undefined>
Call stack:
  File "D:\CODING\NEW MUTUAL FUND MF AUTOMATION\test_icici_simple.py", line 8, in <module>
    holdings = ext.extract('data/output/merged excels/icici/2025/CONSOLIDATED_ICICI_2025_12.xlsx')
  File "D:\CODING\NEW MUTUAL FUND MF AUTOMATION\src\extractors\icici_extractor_v1.py", line 134, in extract
    logger.warning(f"[ICICI] \u2717 {scheme_name}: Failed validation")
Message: '[ICICI] \u2717 Nifty 200 Momentum ETF: Failed validation'
Arguments: ()
[2026-02-12 23:17:10] [WARNING[2026-02-12 23:17:10] [ERROR] [Nifty 200 Momentum 30 Index Fund] FAILED NAV GUARD: 0.00% (Range 90-105%)
--- Logging error ---
Traceback (most recent call last):
  File "C:\Users\ADITYA MAHESHWARI\AppData\Local\Programs\Python\Python310\lib\logging\__init__.py", line 1103, in emit
    stream.write(msg + self.terminator)
  File "C:\Users\ADITYA MAHESHWARI\AppData\Local\Programs\Python\Python310\lib\site-packages\colorama\ansitowin32.py", line 47, in write
    self.__convertor.write(text)
  File "C:\Users\ADITYA MAHESHWARI\AppData\Local\Programs\Python\Python310\lib\site-packages\colorama\ansitowin32.py", line 177, in write
    self.write_and_convert(text)
  File "C:\Users\ADITYA MAHESHWARI\AppData\Local\Programs\Python\Python310\lib\site-packages\colorama\ansitowin32.py", line 205, in 
write_and_convert
    self.write_plain_text(text, cursor, len(text))
  File "C:\Users\ADITYA MAHESHWARI\AppData\Local\Programs\Python\Python310\lib\site-packages\colorama\ansitowin32.py", line 210, in 
write_plain_text
    self.wrapped.write(text[start:end])
  File "C:\Users\ADITYA MAHESHWARI\AppData\Local\Programs\Python\Python310\lib\encodings\cp1252.py", line 19, in encode
    return codecs.charmap_encode(input,self.errors,encoding_table)[0]
UnicodeEncodeError: 'charmap' codec can't encode character '\u2717' in position 10: character maps to <undefined>
Call stack:
  File "D:\CODING\NEW MUTUAL FUND MF AUTOMATION\test_icici_simple.py", line 8, in <module>
    holdings = ext.extract('data/output/merged excels/icici/2025/CONSOLIDATED_ICICI_2025_12.xlsx')
  File "D:\CODING\NEW MUTUAL FUND MF AUTOMATION\src\extractors\icici_extractor_v1.py", line 134, in extract
    logger.warning(f"[ICICI] \u2717 {scheme_name}: Failed validation")
Message: '[ICICI] \u2717 Nifty 200 Momentum 30 Index Fund: Failed validation'
Arguments: ()
[2026-02-12 23:17:10] [WARNING[2026-02-12 23:17:10] [ERROR] [Nifty 200 Quality ETF N200ETF] FAILED NAV GUARD: 0.00% (Range 90-105%)
--- Logging error ---
Traceback (most recent call last):
  File "C:\Users\ADITYA MAHESHWARI\AppData\Local\Programs\Python\Python310\lib\logging\__init__.py", line 1103, in emit
    stream.write(msg + self.terminator)
  File "C:\Users\ADITYA MAHESHWARI\AppData\Local\Programs\Python\Python310\lib\site-packages\colorama\ansitowin32.py", line 47, in write
    self.__convertor.write(text)
  File "C:\Users\ADITYA MAHESHWARI\AppData\Local\Programs\Python\Python310\lib\site-packages\colorama\ansitowin32.py", line 177, in write
    self.write_and_convert(text)
  File "C:\Users\ADITYA MAHESHWARI\AppData\Local\Programs\Python\Python310\lib\site-packages\colorama\ansitowin32.py", line 205, in 
write_and_convert
    self.write_plain_text(text, cursor, len(text))
  File "C:\Users\ADITYA MAHESHWARI\AppData\Local\Programs\Python\Python310\lib\site-packages\colorama\ansitowin32.py", line 210, in 
write_plain_text
    self.wrapped.write(text[start:end])
  File "C:\Users\ADITYA MAHESHWARI\AppData\Local\Programs\Python\Python310\lib\encodings\cp1252.py", line 19, in encode
    return codecs.charmap_encode(input,self.errors,encoding_table)[0]
UnicodeEncodeError: 'charmap' codec can't encode character '\u2717' in position 10: character maps to <undefined>
Call stack:
  File "D:\CODING\NEW MUTUAL FUND MF AUTOMATION\test_icici_simple.py", line 8, in <module>
    holdings = ext.extract('data/output/merged excels/icici/2025/CONSOLIDATED_ICICI_2025_12.xlsx')
  File "D:\CODING\NEW MUTUAL FUND MF AUTOMATION\src\extractors\icici_extractor_v1.py", line 134, in extract
    logger.warning(f"[ICICI] \u2717 {scheme_name}: Failed validation")
Message: '[ICICI] \u2717 Nifty 200 Quality ETF N200ETF: Failed validation'
Arguments: ()
[2026-02-12 23:17:10] [WARNING[2026-02-12 23:17:10] [ERROR] [Nifty 50 ETF] FAILED NAV GUARD: 0.00% (Range 90-105%)
--- Logging error ---
Traceback (most recent call last):
  File "C:\Users\ADITYA MAHESHWARI\AppData\Local\Programs\Python\Python310\lib\logging\__init__.py", line 1103, in emit
    stream.write(msg + self.terminator)
  File "C:\Users\ADITYA MAHESHWARI\AppData\Local\Programs\Python\Python310\lib\site-packages\colorama\ansitowin32.py", line 47, in write
    self.__convertor.write(text)
  File "C:\Users\ADITYA MAHESHWARI\AppData\Local\Programs\Python\Python310\lib\site-packages\colorama\ansitowin32.py", line 177, in write
    self.write_and_convert(text)
  File "C:\Users\ADITYA MAHESHWARI\AppData\Local\Programs\Python\Python310\lib\site-packages\colorama\ansitowin32.py", line 205, in 
write_and_convert
    self.write_plain_text(text, cursor, len(text))
  File "C:\Users\ADITYA MAHESHWARI\AppData\Local\Programs\Python\Python310\lib\site-packages\colorama\ansitowin32.py", line 210, in 
write_plain_text
    self.wrapped.write(text[start:end])
  File "C:\Users\ADITYA MAHESHWARI\AppData\Local\Programs\Python\Python310\lib\encodings\cp1252.py", line 19, in encode
    return codecs.charmap_encode(input,self.errors,encoding_table)[0]
UnicodeEncodeError: 'charmap' codec can't encode character '\u2717' in position 10: character maps to <undefined>
Call stack:
  File "D:\CODING\NEW MUTUAL FUND MF AUTOMATION\test_icici_simple.py", line 8, in <module>
    holdings = ext.extract('data/output/merged excels/icici/2025/CONSOLIDATED_ICICI_2025_12.xlsx')
  File "D:\CODING\NEW MUTUAL FUND MF AUTOMATION\src\extractors\icici_extractor_v1.py", line 134, in extract
    logger.warning(f"[ICICI] \u2717 {scheme_name}: Failed validation")
Message: '[ICICI] \u2717 Nifty 50 ETF: Failed validation'
Arguments: ()
[2026-02-12 23:17:10] [WARNING[2026-02-12 23:17:10] [ERROR] [Nifty 50 Index Fund] FAILED NAV GUARD: 0.00% (Range 90-105%)
--- Logging error ---
Traceback (most recent call last):
  File "C:\Users\ADITYA MAHESHWARI\AppData\Local\Programs\Python\Python310\lib\logging\__init__.py", line 1103, in emit
    stream.write(msg + self.terminator)
  File "C:\Users\ADITYA MAHESHWARI\AppData\Local\Programs\Python\Python310\lib\site-packages\colorama\ansitowin32.py", line 47, in write
    self.__convertor.write(text)
  File "C:\Users\ADITYA MAHESHWARI\AppData\Local\Programs\Python\Python310\lib\site-packages\colorama\ansitowin32.py", line 177, in write
    self.write_and_convert(text)
  File "C:\Users\ADITYA MAHESHWARI\AppData\Local\Programs\Python\Python310\lib\site-packages\colorama\ansitowin32.py", line 205, in 
write_and_convert
    self.write_plain_text(text, cursor, len(text))
  File "C:\Users\ADITYA MAHESHWARI\AppData\Local\Programs\Python\Python310\lib\site-packages\colorama\ansitowin32.py", line 210, in 
write_plain_text
    self.wrapped.write(text[start:end])
  File "C:\Users\ADITYA MAHESHWARI\AppData\Local\Programs\Python\Python310\lib\encodings\cp1252.py", line 19, in encode
    return codecs.charmap_encode(input,self.errors,encoding_table)[0]
UnicodeEncodeError: 'charmap' codec can't encode character '\u2717' in position 10: character maps to <undefined>
Call stack:
  File "D:\CODING\NEW MUTUAL FUND MF AUTOMATION\test_icici_simple.py", line 8, in <module>
    holdings = ext.extract('data/output/merged excels/icici/2025/CONSOLIDATED_ICICI_2025_12.xlsx')
  File "D:\CODING\NEW MUTUAL FUND MF AUTOMATION\src\extractors\icici_extractor_v1.py", line 134, in extract
    logger.warning(f"[ICICI] \u2717 {scheme_name}: Failed validation")
Message: '[ICICI] \u2717 Nifty 50 Index Fund: Failed validation'
Arguments: ()
[2026-02-12 23:17:10] [WARNING[2026-02-12 23:17:10] [ERROR] [Nifty 500 Index Fund] FAILED NAV GUARD: 0.00% (Range 90-105%)
--- Logging error ---
Traceback (most recent call last):
  File "C:\Users\ADITYA MAHESHWARI\AppData\Local\Programs\Python\Python310\lib\logging\__init__.py", line 1103, in emit
    stream.write(msg + self.terminator)
  File "C:\Users\ADITYA MAHESHWARI\AppData\Local\Programs\Python\Python310\lib\site-packages\colorama\ansitowin32.py", line 47, in write
    self.__convertor.write(text)
  File "C:\Users\ADITYA MAHESHWARI\AppData\Local\Programs\Python\Python310\lib\site-packages\colorama\ansitowin32.py", line 177, in write
    self.write_and_convert(text)
  File "C:\Users\ADITYA MAHESHWARI\AppData\Local\Programs\Python\Python310\lib\site-packages\colorama\ansitowin32.py", line 205, in 
write_and_convert
    self.write_plain_text(text, cursor, len(text))
  File "C:\Users\ADITYA MAHESHWARI\AppData\Local\Programs\Python\Python310\lib\site-packages\colorama\ansitowin32.py", line 210, in 
write_plain_text
    self.wrapped.write(text[start:end])
  File "C:\Users\ADITYA MAHESHWARI\AppData\Local\Programs\Python\Python310\lib\encodings\cp1252.py", line 19, in encode
    return codecs.charmap_encode(input,self.errors,encoding_table)[0]
UnicodeEncodeError: 'charmap' codec can't encode character '\u2717' in position 10: character maps to <undefined>
Call stack:
  File "D:\CODING\NEW MUTUAL FUND MF AUTOMATION\test_icici_simple.py", line 8, in <module>
    holdings = ext.extract('data/output/merged excels/icici/2025/CONSOLIDATED_ICICI_2025_12.xlsx')
  File "D:\CODING\NEW MUTUAL FUND MF AUTOMATION\src\extractors\icici_extractor_v1.py", line 134, in extract
    logger.warning(f"[ICICI] \u2717 {scheme_name}: Failed validation")
Message: '[ICICI] \u2717 Nifty 500 Index Fund: Failed validation'
Arguments: ()
[2026-02-12 23:17:10] [WARNING[2026-02-12 23:17:10] [ERROR] [Nifty Alpha Low Volatility (1)] FAILED NAV GUARD: 0.00% (Range 90-105%)
--- Logging error ---
Traceback (most recent call last):
  File "C:\Users\ADITYA MAHESHWARI\AppData\Local\Programs\Python\Python310\lib\logging\__init__.py", line 1103, in emit
    stream.write(msg + self.terminator)
  File "C:\Users\ADITYA MAHESHWARI\AppData\Local\Programs\Python\Python310\lib\site-packages\colorama\ansitowin32.py", line 47, in write
    self.__convertor.write(text)
  File "C:\Users\ADITYA MAHESHWARI\AppData\Local\Programs\Python\Python310\lib\site-packages\colorama\ansitowin32.py", line 177, in write
    self.write_and_convert(text)
  File "C:\Users\ADITYA MAHESHWARI\AppData\Local\Programs\Python\Python310\lib\site-packages\colorama\ansitowin32.py", line 205, in 
write_and_convert
    self.write_plain_text(text, cursor, len(text))
  File "C:\Users\ADITYA MAHESHWARI\AppData\Local\Programs\Python\Python310\lib\site-packages\colorama\ansitowin32.py", line 210, in 
write_plain_text
    self.wrapped.write(text[start:end])
  File "C:\Users\ADITYA MAHESHWARI\AppData\Local\Programs\Python\Python310\lib\encodings\cp1252.py", line 19, in encode
    return codecs.charmap_encode(input,self.errors,encoding_table)[0]
UnicodeEncodeError: 'charmap' codec can't encode character '\u2717' in position 10: character maps to <undefined>
Call stack:
  File "D:\CODING\NEW MUTUAL FUND MF AUTOMATION\test_icici_simple.py", line 8, in <module>
    holdings = ext.extract('data/output/merged excels/icici/2025/CONSOLIDATED_ICICI_2025_12.xlsx')
  File "D:\CODING\NEW MUTUAL FUND MF AUTOMATION\src\extractors\icici_extractor_v1.py", line 134, in extract
    logger.warning(f"[ICICI] \u2717 {scheme_name}: Failed validation")
Message: '[ICICI] \u2717 Nifty Alpha Low Volatility (1): Failed validation'
Arguments: ()
[2026-02-12 23:17:10] [WARNING[2026-02-12 23:17:10] [ERROR] [Nifty Auto ETF] FAILED NAV GUARD: 0.00% (Range 90-105%)
--- Logging error ---
Traceback (most recent call last):
  File "C:\Users\ADITYA MAHESHWARI\AppData\Local\Programs\Python\Python310\lib\logging\__init__.py", line 1103, in emit
    stream.write(msg + self.terminator)
  File "C:\Users\ADITYA MAHESHWARI\AppData\Local\Programs\Python\Python310\lib\site-packages\colorama\ansitowin32.py", line 47, in write
    self.__convertor.write(text)
  File "C:\Users\ADITYA MAHESHWARI\AppData\Local\Programs\Python\Python310\lib\site-packages\colorama\ansitowin32.py", line 177, in write
    self.write_and_convert(text)
  File "C:\Users\ADITYA MAHESHWARI\AppData\Local\Programs\Python\Python310\lib\site-packages\colorama\ansitowin32.py", line 205, in 
write_and_convert
    self.write_plain_text(text, cursor, len(text))
  File "C:\Users\ADITYA MAHESHWARI\AppData\Local\Programs\Python\Python310\lib\site-packages\colorama\ansitowin32.py", line 210, in 
write_plain_text
    self.wrapped.write(text[start:end])
  File "C:\Users\ADITYA MAHESHWARI\AppData\Local\Programs\Python\Python310\lib\encodings\cp1252.py", line 19, in encode
    return codecs.charmap_encode(input,self.errors,encoding_table)[0]
UnicodeEncodeError: 'charmap' codec can't encode character '\u2717' in position 10: character maps to <undefined>
Call stack:
  File "D:\CODING\NEW MUTUAL FUND MF AUTOMATION\test_icici_simple.py", line 8, in <module>
    holdings = ext.extract('data/output/merged excels/icici/2025/CONSOLIDATED_ICICI_2025_12.xlsx')
  File "D:\CODING\NEW MUTUAL FUND MF AUTOMATION\src\extractors\icici_extractor_v1.py", line 134, in extract
    logger.warning(f"[ICICI] \u2717 {scheme_name}: Failed validation")
Message: '[ICICI] \u2717 Nifty Auto ETF: Failed validation'
Arguments: ()
[2026-02-12 23:17:10] [WARNING[2026-02-12 23:17:11] [ERROR] [Nifty Auto Index Fund] FAILED NAV GUARD: 0.00% (Range 90-105%)
--- Logging error ---
Traceback (most recent call last):
  File "C:\Users\ADITYA MAHESHWARI\AppData\Local\Programs\Python\Python310\lib\logging\__init__.py", line 1103, in emit
    stream.write(msg + self.terminator)
  File "C:\Users\ADITYA MAHESHWARI\AppData\Local\Programs\Python\Python310\lib\site-packages\colorama\ansitowin32.py", line 47, in write
    self.__convertor.write(text)
  File "C:\Users\ADITYA MAHESHWARI\AppData\Local\Programs\Python\Python310\lib\site-packages\colorama\ansitowin32.py", line 177, in write
    self.write_and_convert(text)
  File "C:\Users\ADITYA MAHESHWARI\AppData\Local\Programs\Python\Python310\lib\site-packages\colorama\ansitowin32.py", line 205, in 
write_and_convert
    self.write_plain_text(text, cursor, len(text))
  File "C:\Users\ADITYA MAHESHWARI\AppData\Local\Programs\Python\Python310\lib\site-packages\colorama\ansitowin32.py", line 210, in 
write_plain_text
    self.wrapped.write(text[start:end])
  File "C:\Users\ADITYA MAHESHWARI\AppData\Local\Programs\Python\Python310\lib\encodings\cp1252.py", line 19, in encode
    return codecs.charmap_encode(input,self.errors,encoding_table)[0]
UnicodeEncodeError: 'charmap' codec can't encode character '\u2717' in position 10: character maps to <undefined>
Call stack:
  File "D:\CODING\NEW MUTUAL FUND MF AUTOMATION\test_icici_simple.py", line 8, in <module>
    holdings = ext.extract('data/output/merged excels/icici/2025/CONSOLIDATED_ICICI_2025_12.xlsx')
  File "D:\CODING\NEW MUTUAL FUND MF AUTOMATION\src\extractors\icici_extractor_v1.py", line 134, in extract
    logger.warning(f"[ICICI] \u2717 {scheme_name}: Failed validation")
Message: '[ICICI] \u2717 Nifty Auto Index Fund: Failed validation'
Arguments: ()
[2026-02-12 23:17:11] [WARNING[2026-02-12 23:17:11] [ERROR] [Nifty Bank ETF] FAILED NAV GUARD: 0.00% (Range 90-105%)
--- Logging error ---
Traceback (most recent call last):
  File "C:\Users\ADITYA MAHESHWARI\AppData\Local\Programs\Python\Python310\lib\logging\__init__.py", line 1103, in emit
    stream.write(msg + self.terminator)
  File "C:\Users\ADITYA MAHESHWARI\AppData\Local\Programs\Python\Python310\lib\site-packages\colorama\ansitowin32.py", line 47, in write
    self.__convertor.write(text)
  File "C:\Users\ADITYA MAHESHWARI\AppData\Local\Programs\Python\Python310\lib\site-packages\colorama\ansitowin32.py", line 177, in write
    self.write_and_convert(text)
  File "C:\Users\ADITYA MAHESHWARI\AppData\Local\Programs\Python\Python310\lib\site-packages\colorama\ansitowin32.py", line 205, in 
write_and_convert
    self.write_plain_text(text, cursor, len(text))
  File "C:\Users\ADITYA MAHESHWARI\AppData\Local\Programs\Python\Python310\lib\site-packages\colorama\ansitowin32.py", line 210, in 
write_plain_text
    self.wrapped.write(text[start:end])
  File "C:\Users\ADITYA MAHESHWARI\AppData\Local\Programs\Python\Python310\lib\encodings\cp1252.py", line 19, in encode
    return codecs.charmap_encode(input,self.errors,encoding_table)[0]
UnicodeEncodeError: 'charmap' codec can't encode character '\u2717' in position 10: character maps to <undefined>
Call stack:
  File "D:\CODING\NEW MUTUAL FUND MF AUTOMATION\test_icici_simple.py", line 8, in <module>
    holdings = ext.extract('data/output/merged excels/icici/2025/CONSOLIDATED_ICICI_2025_12.xlsx')
  File "D:\CODING\NEW MUTUAL FUND MF AUTOMATION\src\extractors\icici_extractor_v1.py", line 134, in extract
    logger.warning(f"[ICICI] \u2717 {scheme_name}: Failed validation")
Message: '[ICICI] \u2717 Nifty Bank ETF: Failed validation'
Arguments: ()
[2026-02-12 23:17:11] [WARNING[2026-02-12 23:17:11] [ERROR] [Nifty Bank Index Fund] FAILED NAV GUARD: 0.00% (Range 90-105%)
--- Logging error ---
Traceback (most recent call last):
  File "C:\Users\ADITYA MAHESHWARI\AppData\Local\Programs\Python\Python310\lib\logging\__init__.py", line 1103, in emit
    stream.write(msg + self.terminator)
  File "C:\Users\ADITYA MAHESHWARI\AppData\Local\Programs\Python\Python310\lib\site-packages\colorama\ansitowin32.py", line 47, in write
    self.__convertor.write(text)
  File "C:\Users\ADITYA MAHESHWARI\AppData\Local\Programs\Python\Python310\lib\site-packages\colorama\ansitowin32.py", line 177, in write
    self.write_and_convert(text)
  File "C:\Users\ADITYA MAHESHWARI\AppData\Local\Programs\Python\Python310\lib\site-packages\colorama\ansitowin32.py", line 205, in 
write_and_convert
    self.write_plain_text(text, cursor, len(text))
  File "C:\Users\ADITYA MAHESHWARI\AppData\Local\Programs\Python\Python310\lib\site-packages\colorama\ansitowin32.py", line 210, in 
write_plain_text
    self.wrapped.write(text[start:end])
  File "C:\Users\ADITYA MAHESHWARI\AppData\Local\Programs\Python\Python310\lib\encodings\cp1252.py", line 19, in encode
    return codecs.charmap_encode(input,self.errors,encoding_table)[0]
UnicodeEncodeError: 'charmap' codec can't encode character '\u2717' in position 10: character maps to <undefined>
Call stack:
  File "D:\CODING\NEW MUTUAL FUND MF AUTOMATION\test_icici_simple.py", line 8, in <module>
    holdings = ext.extract('data/output/merged excels/icici/2025/CONSOLIDATED_ICICI_2025_12.xlsx')
  File "D:\CODING\NEW MUTUAL FUND MF AUTOMATION\src\extractors\icici_extractor_v1.py", line 134, in extract
    logger.warning(f"[ICICI] \u2717 {scheme_name}: Failed validation")
Message: '[ICICI] \u2717 Nifty Bank Index Fund: Failed validation'
Arguments: ()
[2026-02-12 23:17:11] [WARNING[2026-02-12 23:17:11] [ERROR] [Nifty Commodities ETF] FAILED NAV GUARD: 0.00% (Range 90-105%)
--- Logging error ---
Traceback (most recent call last):
  File "C:\Users\ADITYA MAHESHWARI\AppData\Local\Programs\Python\Python310\lib\logging\__init__.py", line 1103, in emit
    stream.write(msg + self.terminator)
  File "C:\Users\ADITYA MAHESHWARI\AppData\Local\Programs\Python\Python310\lib\site-packages\colorama\ansitowin32.py", line 47, in write
    self.__convertor.write(text)
  File "C:\Users\ADITYA MAHESHWARI\AppData\Local\Programs\Python\Python310\lib\site-packages\colorama\ansitowin32.py", line 177, in write
    self.write_and_convert(text)
  File "C:\Users\ADITYA MAHESHWARI\AppData\Local\Programs\Python\Python310\lib\site-packages\colorama\ansitowin32.py", line 205, in 
write_and_convert
    self.write_plain_text(text, cursor, len(text))
  File "C:\Users\ADITYA MAHESHWARI\AppData\Local\Programs\Python\Python310\lib\site-packages\colorama\ansitowin32.py", line 210, in 
write_plain_text
    self.wrapped.write(text[start:end])
  File "C:\Users\ADITYA MAHESHWARI\AppData\Local\Programs\Python\Python310\lib\encodings\cp1252.py", line 19, in encode
    return codecs.charmap_encode(input,self.errors,encoding_table)[0]
UnicodeEncodeError: 'charmap' codec can't encode character '\u2717' in position 10: character maps to <undefined>
Call stack:
  File "D:\CODING\NEW MUTUAL FUND MF AUTOMATION\test_icici_simple.py", line 8, in <module>
    holdings = ext.extract('data/output/merged excels/icici/2025/CONSOLIDATED_ICICI_2025_12.xlsx')
  File "D:\CODING\NEW MUTUAL FUND MF AUTOMATION\src\extractors\icici_extractor_v1.py", line 134, in extract
    logger.warning(f"[ICICI] \u2717 {scheme_name}: Failed validation")
Message: '[ICICI] \u2717 Nifty Commodities ETF: Failed validation'
Arguments: ()
[2026-02-12 23:17:11] [WARNING[2026-02-12 23:17:11] [ERROR] [Nifty EV & New Age Automoti (1)] FAILED NAV GUARD: 0.00% (Range 90-105%)
--- Logging error ---
Traceback (most recent call last):
  File "C:\Users\ADITYA MAHESHWARI\AppData\Local\Programs\Python\Python310\lib\logging\__init__.py", line 1103, in emit
    stream.write(msg + self.terminator)
  File "C:\Users\ADITYA MAHESHWARI\AppData\Local\Programs\Python\Python310\lib\site-packages\colorama\ansitowin32.py", line 47, in write
    self.__convertor.write(text)
  File "C:\Users\ADITYA MAHESHWARI\AppData\Local\Programs\Python\Python310\lib\site-packages\colorama\ansitowin32.py", line 177, in write
    self.write_and_convert(text)
  File "C:\Users\ADITYA MAHESHWARI\AppData\Local\Programs\Python\Python310\lib\site-packages\colorama\ansitowin32.py", line 205, in 
write_and_convert
    self.write_plain_text(text, cursor, len(text))
  File "C:\Users\ADITYA MAHESHWARI\AppData\Local\Programs\Python\Python310\lib\site-packages\colorama\ansitowin32.py", line 210, in 
write_plain_text
    self.wrapped.write(text[start:end])
  File "C:\Users\ADITYA MAHESHWARI\AppData\Local\Programs\Python\Python310\lib\encodings\cp1252.py", line 19, in encode
    return codecs.charmap_encode(input,self.errors,encoding_table)[0]
UnicodeEncodeError: 'charmap' codec can't encode character '\u2717' in position 10: character maps to <undefined>
Call stack:
  File "D:\CODING\NEW MUTUAL FUND MF AUTOMATION\test_icici_simple.py", line 8, in <module>
    holdings = ext.extract('data/output/merged excels/icici/2025/CONSOLIDATED_ICICI_2025_12.xlsx')
  File "D:\CODING\NEW MUTUAL FUND MF AUTOMATION\src\extractors\icici_extractor_v1.py", line 134, in extract
    logger.warning(f"[ICICI] \u2717 {scheme_name}: Failed validation")
Message: '[ICICI] \u2717 Nifty EV & New Age Automoti (1): Failed validation'
Arguments: ()
[2026-02-12 23:17:11] [WARNING[2026-02-12 23:17:11] [ERROR] [Nifty FMCG ETF] FAILED NAV GUARD: 0.00% (Range 90-105%)
--- Logging error ---
Traceback (most recent call last):
  File "C:\Users\ADITYA MAHESHWARI\AppData\Local\Programs\Python\Python310\lib\logging\__init__.py", line 1103, in emit
    stream.write(msg + self.terminator)
  File "C:\Users\ADITYA MAHESHWARI\AppData\Local\Programs\Python\Python310\lib\site-packages\colorama\ansitowin32.py", line 47, in write
    self.__convertor.write(text)
  File "C:\Users\ADITYA MAHESHWARI\AppData\Local\Programs\Python\Python310\lib\site-packages\colorama\ansitowin32.py", line 177, in write
    self.write_and_convert(text)
  File "C:\Users\ADITYA MAHESHWARI\AppData\Local\Programs\Python\Python310\lib\site-packages\colorama\ansitowin32.py", line 205, in 
write_and_convert
    self.write_plain_text(text, cursor, len(text))
  File "C:\Users\ADITYA MAHESHWARI\AppData\Local\Programs\Python\Python310\lib\site-packages\colorama\ansitowin32.py", line 210, in 
write_plain_text
    self.wrapped.write(text[start:end])
  File "C:\Users\ADITYA MAHESHWARI\AppData\Local\Programs\Python\Python310\lib\encodings\cp1252.py", line 19, in encode
    return codecs.charmap_encode(input,self.errors,encoding_table)[0]
UnicodeEncodeError: 'charmap' codec can't encode character '\u2717' in position 10: character maps to <undefined>
Call stack:
  File "D:\CODING\NEW MUTUAL FUND MF AUTOMATION\test_icici_simple.py", line 8, in <module>
    holdings = ext.extract('data/output/merged excels/icici/2025/CONSOLIDATED_ICICI_2025_12.xlsx')
  File "D:\CODING\NEW MUTUAL FUND MF AUTOMATION\src\extractors\icici_extractor_v1.py", line 134, in extract
    logger.warning(f"[ICICI] \u2717 {scheme_name}: Failed validation")
Message: '[ICICI] \u2717 Nifty FMCG ETF: Failed validation'
Arguments: ()
[2026-02-12 23:17:11] [WARNING[2026-02-12 23:17:11] [ERROR] [Nifty Financial Services Ex Ban] FAILED NAV GUARD: 0.00% (Range 90-105%)
--- Logging error ---
Traceback (most recent call last):
  File "C:\Users\ADITYA MAHESHWARI\AppData\Local\Programs\Python\Python310\lib\logging\__init__.py", line 1103, in emit
    stream.write(msg + self.terminator)
  File "C:\Users\ADITYA MAHESHWARI\AppData\Local\Programs\Python\Python310\lib\site-packages\colorama\ansitowin32.py", line 47, in write
    self.__convertor.write(text)
  File "C:\Users\ADITYA MAHESHWARI\AppData\Local\Programs\Python\Python310\lib\site-packages\colorama\ansitowin32.py", line 177, in write
    self.write_and_convert(text)
  File "C:\Users\ADITYA MAHESHWARI\AppData\Local\Programs\Python\Python310\lib\site-packages\colorama\ansitowin32.py", line 205, in 
write_and_convert
    self.write_plain_text(text, cursor, len(text))
  File "C:\Users\ADITYA MAHESHWARI\AppData\Local\Programs\Python\Python310\lib\site-packages\colorama\ansitowin32.py", line 210, in 
write_plain_text
    self.wrapped.write(text[start:end])
  File "C:\Users\ADITYA MAHESHWARI\AppData\Local\Programs\Python\Python310\lib\encodings\cp1252.py", line 19, in encode
    return codecs.charmap_encode(input,self.errors,encoding_table)[0]
UnicodeEncodeError: 'charmap' codec can't encode character '\u2717' in position 10: character maps to <undefined>
Call stack:
  File "D:\CODING\NEW MUTUAL FUND MF AUTOMATION\test_icici_simple.py", line 8, in <module>
    holdings = ext.extract('data/output/merged excels/icici/2025/CONSOLIDATED_ICICI_2025_12.xlsx')
  File "D:\CODING\NEW MUTUAL FUND MF AUTOMATION\src\extractors\icici_extractor_v1.py", line 134, in extract
    logger.warning(f"[ICICI] \u2717 {scheme_name}: Failed validation")
Message: '[ICICI] \u2717 Nifty Financial Services Ex Ban: Failed validation'
Arguments: ()
[2026-02-12 23:17:11] [WARNING[2026-02-12 23:17:11] [ERROR] [Nifty Healthcare ETF] FAILED NAV GUARD: 0.00% (Range 90-105%)
--- Logging error ---
Traceback (most recent call last):
  File "C:\Users\ADITYA MAHESHWARI\AppData\Local\Programs\Python\Python310\lib\logging\__init__.py", line 1103, in emit
    stream.write(msg + self.terminator)
  File "C:\Users\ADITYA MAHESHWARI\AppData\Local\Programs\Python\Python310\lib\site-packages\colorama\ansitowin32.py", line 47, in write
    self.__convertor.write(text)
  File "C:\Users\ADITYA MAHESHWARI\AppData\Local\Programs\Python\Python310\lib\site-packages\colorama\ansitowin32.py", line 177, in write
    self.write_and_convert(text)
  File "C:\Users\ADITYA MAHESHWARI\AppData\Local\Programs\Python\Python310\lib\site-packages\colorama\ansitowin32.py", line 205, in 
write_and_convert
    self.write_plain_text(text, cursor, len(text))
  File "C:\Users\ADITYA MAHESHWARI\AppData\Local\Programs\Python\Python310\lib\site-packages\colorama\ansitowin32.py", line 210, in 
write_plain_text
    self.wrapped.write(text[start:end])
  File "C:\Users\ADITYA MAHESHWARI\AppData\Local\Programs\Python\Python310\lib\encodings\cp1252.py", line 19, in encode
    return codecs.charmap_encode(input,self.errors,encoding_table)[0]
UnicodeEncodeError: 'charmap' codec can't encode character '\u2717' in position 10: character maps to <undefined>
Call stack:
  File "D:\CODING\NEW MUTUAL FUND MF AUTOMATION\test_icici_simple.py", line 8, in <module>
    holdings = ext.extract('data/output/merged excels/icici/2025/CONSOLIDATED_ICICI_2025_12.xlsx')
  File "D:\CODING\NEW MUTUAL FUND MF AUTOMATION\src\extractors\icici_extractor_v1.py", line 134, in extract
    logger.warning(f"[ICICI] \u2717 {scheme_name}: Failed validation")
Message: '[ICICI] \u2717 Nifty Healthcare ETF: Failed validation'
Arguments: ()
[2026-02-12 23:17:11] [WARNING[2026-02-12 23:17:11] [ERROR] [Nifty IT ETF] FAILED NAV GUARD: 0.00% (Range 90-105%)
--- Logging error ---
Traceback (most recent call last):
  File "C:\Users\ADITYA MAHESHWARI\AppData\Local\Programs\Python\Python310\lib\logging\__init__.py", line 1103, in emit
    stream.write(msg + self.terminator)
  File "C:\Users\ADITYA MAHESHWARI\AppData\Local\Programs\Python\Python310\lib\site-packages\colorama\ansitowin32.py", line 47, in write
    self.__convertor.write(text)
  File "C:\Users\ADITYA MAHESHWARI\AppData\Local\Programs\Python\Python310\lib\site-packages\colorama\ansitowin32.py", line 177, in write
    self.write_and_convert(text)
  File "C:\Users\ADITYA MAHESHWARI\AppData\Local\Programs\Python\Python310\lib\site-packages\colorama\ansitowin32.py", line 205, in 
write_and_convert
    self.write_plain_text(text, cursor, len(text))
  File "C:\Users\ADITYA MAHESHWARI\AppData\Local\Programs\Python\Python310\lib\site-packages\colorama\ansitowin32.py", line 210, in 
write_plain_text
    self.wrapped.write(text[start:end])
  File "C:\Users\ADITYA MAHESHWARI\AppData\Local\Programs\Python\Python310\lib\encodings\cp1252.py", line 19, in encode
    return codecs.charmap_encode(input,self.errors,encoding_table)[0]
UnicodeEncodeError: 'charmap' codec can't encode character '\u2717' in position 10: character maps to <undefined>
Call stack:
  File "D:\CODING\NEW MUTUAL FUND MF AUTOMATION\test_icici_simple.py", line 8, in <module>
    holdings = ext.extract('data/output/merged excels/icici/2025/CONSOLIDATED_ICICI_2025_12.xlsx')
  File "D:\CODING\NEW MUTUAL FUND MF AUTOMATION\src\extractors\icici_extractor_v1.py", line 134, in extract
    logger.warning(f"[ICICI] \u2717 {scheme_name}: Failed validation")
Message: '[ICICI] \u2717 Nifty IT ETF: Failed validation'
Arguments: ()
[2026-02-12 23:17:11] [WARNING[2026-02-12 23:17:11] [ERROR] [Nifty IT Index Fund] FAILED NAV GUARD: 0.00% (Range 90-105%)
--- Logging error ---
Traceback (most recent call last):
  File "C:\Users\ADITYA MAHESHWARI\AppData\Local\Programs\Python\Python310\lib\logging\__init__.py", line 1103, in emit
    stream.write(msg + self.terminator)
  File "C:\Users\ADITYA MAHESHWARI\AppData\Local\Programs\Python\Python310\lib\site-packages\colorama\ansitowin32.py", line 47, in write
    self.__convertor.write(text)
  File "C:\Users\ADITYA MAHESHWARI\AppData\Local\Programs\Python\Python310\lib\site-packages\colorama\ansitowin32.py", line 177, in write
    self.write_and_convert(text)
  File "C:\Users\ADITYA MAHESHWARI\AppData\Local\Programs\Python\Python310\lib\site-packages\colorama\ansitowin32.py", line 205, in 
write_and_convert
    self.write_plain_text(text, cursor, len(text))
  File "C:\Users\ADITYA MAHESHWARI\AppData\Local\Programs\Python\Python310\lib\site-packages\colorama\ansitowin32.py", line 210, in 
write_plain_text
    self.wrapped.write(text[start:end])
  File "C:\Users\ADITYA MAHESHWARI\AppData\Local\Programs\Python\Python310\lib\encodings\cp1252.py", line 19, in encode
    return codecs.charmap_encode(input,self.errors,encoding_table)[0]
UnicodeEncodeError: 'charmap' codec can't encode character '\u2717' in position 10: character maps to <undefined>
Call stack:
  File "D:\CODING\NEW MUTUAL FUND MF AUTOMATION\test_icici_simple.py", line 8, in <module>
    holdings = ext.extract('data/output/merged excels/icici/2025/CONSOLIDATED_ICICI_2025_12.xlsx')
  File "D:\CODING\NEW MUTUAL FUND MF AUTOMATION\src\extractors\icici_extractor_v1.py", line 134, in extract
    logger.warning(f"[ICICI] \u2717 {scheme_name}: Failed validation")
Message: '[ICICI] \u2717 Nifty IT Index Fund: Failed validation'
Arguments: ()
[2026-02-12 23:17:11] [WARNING[2026-02-12 23:17:11] [ERROR] [Nifty Consumption ETF] FAILED NAV GUARD: 0.00% (Range 90-105%)
--- Logging error ---
Traceback (most recent call last):
  File "C:\Users\ADITYA MAHESHWARI\AppData\Local\Programs\Python\Python310\lib\logging\__init__.py", line 1103, in emit
    stream.write(msg + self.terminator)
  File "C:\Users\ADITYA MAHESHWARI\AppData\Local\Programs\Python\Python310\lib\site-packages\colorama\ansitowin32.py", line 47, in write
    self.__convertor.write(text)
  File "C:\Users\ADITYA MAHESHWARI\AppData\Local\Programs\Python\Python310\lib\site-packages\colorama\ansitowin32.py", line 177, in write
    self.write_and_convert(text)
  File "C:\Users\ADITYA MAHESHWARI\AppData\Local\Programs\Python\Python310\lib\site-packages\colorama\ansitowin32.py", line 205, in 
write_and_convert
    self.write_plain_text(text, cursor, len(text))
  File "C:\Users\ADITYA MAHESHWARI\AppData\Local\Programs\Python\Python310\lib\site-packages\colorama\ansitowin32.py", line 210, in 
write_plain_text
    self.wrapped.write(text[start:end])
  File "C:\Users\ADITYA MAHESHWARI\AppData\Local\Programs\Python\Python310\lib\encodings\cp1252.py", line 19, in encode
    return codecs.charmap_encode(input,self.errors,encoding_table)[0]
UnicodeEncodeError: 'charmap' codec can't encode character '\u2717' in position 10: character maps to <undefined>
Call stack:
  File "D:\CODING\NEW MUTUAL FUND MF AUTOMATION\test_icici_simple.py", line 8, in <module>
    holdings = ext.extract('data/output/merged excels/icici/2025/CONSOLIDATED_ICICI_2025_12.xlsx')
  File "D:\CODING\NEW MUTUAL FUND MF AUTOMATION\src\extractors\icici_extractor_v1.py", line 134, in extract
    logger.warning(f"[ICICI] \u2717 {scheme_name}: Failed validation")
Message: '[ICICI] \u2717 Nifty Consumption ETF: Failed validation'
Arguments: ()
[2026-02-12 23:17:11] [WARNING[2026-02-12 23:17:11] [ERROR] [Nifty Infrastructure ETF] FAILED NAV GUARD: 0.00% (Range 90-105%)
--- Logging error ---
Traceback (most recent call last):
  File "C:\Users\ADITYA MAHESHWARI\AppData\Local\Programs\Python\Python310\lib\logging\__init__.py", line 1103, in emit
    stream.write(msg + self.terminator)
  File "C:\Users\ADITYA MAHESHWARI\AppData\Local\Programs\Python\Python310\lib\site-packages\colorama\ansitowin32.py", line 47, in write
    self.__convertor.write(text)
  File "C:\Users\ADITYA MAHESHWARI\AppData\Local\Programs\Python\Python310\lib\site-packages\colorama\ansitowin32.py", line 177, in write
    self.write_and_convert(text)
  File "C:\Users\ADITYA MAHESHWARI\AppData\Local\Programs\Python\Python310\lib\site-packages\colorama\ansitowin32.py", line 205, in 
write_and_convert
    self.write_plain_text(text, cursor, len(text))
  File "C:\Users\ADITYA MAHESHWARI\AppData\Local\Programs\Python\Python310\lib\site-packages\colorama\ansitowin32.py", line 210, in 
write_plain_text
    self.wrapped.write(text[start:end])
  File "C:\Users\ADITYA MAHESHWARI\AppData\Local\Programs\Python\Python310\lib\encodings\cp1252.py", line 19, in encode
    return codecs.charmap_encode(input,self.errors,encoding_table)[0]
UnicodeEncodeError: 'charmap' codec can't encode character '\u2717' in position 10: character maps to <undefined>
Call stack:
  File "D:\CODING\NEW MUTUAL FUND MF AUTOMATION\test_icici_simple.py", line 8, in <module>
    holdings = ext.extract('data/output/merged excels/icici/2025/CONSOLIDATED_ICICI_2025_12.xlsx')
  File "D:\CODING\NEW MUTUAL FUND MF AUTOMATION\src\extractors\icici_extractor_v1.py", line 134, in extract
    logger.warning(f"[ICICI] \u2717 {scheme_name}: Failed validation")
Message: '[ICICI] \u2717 Nifty Infrastructure ETF: Failed validation'
Arguments: ()
[2026-02-12 23:17:11] [WARNING[2026-02-12 23:17:11] [ERROR] [Nifty LargeMidcap 250 Index Fund] FAILED NAV GUARD: 0.00% (Range 90-105%)
--- Logging error ---
Traceback (most recent call last):
  File "C:\Users\ADITYA MAHESHWARI\AppData\Local\Programs\Python\Python310\lib\logging\__init__.py", line 1103, in emit
    stream.write(msg + self.terminator)
  File "C:\Users\ADITYA MAHESHWARI\AppData\Local\Programs\Python\Python310\lib\site-packages\colorama\ansitowin32.py", line 47, in write
    self.__convertor.write(text)
  File "C:\Users\ADITYA MAHESHWARI\AppData\Local\Programs\Python\Python310\lib\site-packages\colorama\ansitowin32.py", line 177, in write
    self.write_and_convert(text)
  File "C:\Users\ADITYA MAHESHWARI\AppData\Local\Programs\Python\Python310\lib\site-packages\colorama\ansitowin32.py", line 205, in 
write_and_convert
    self.write_plain_text(text, cursor, len(text))
  File "C:\Users\ADITYA MAHESHWARI\AppData\Local\Programs\Python\Python310\lib\site-packages\colorama\ansitowin32.py", line 210, in 
write_plain_text
    self.wrapped.write(text[start:end])
  File "C:\Users\ADITYA MAHESHWARI\AppData\Local\Programs\Python\Python310\lib\encodings\cp1252.py", line 19, in encode
    return codecs.charmap_encode(input,self.errors,encoding_table)[0]
UnicodeEncodeError: 'charmap' codec can't encode character '\u2717' in position 10: character maps to <undefined>
Call stack:
  File "D:\CODING\NEW MUTUAL FUND MF AUTOMATION\test_icici_simple.py", line 8, in <module>
    holdings = ext.extract('data/output/merged excels/icici/2025/CONSOLIDATED_ICICI_2025_12.xlsx')
  File "D:\CODING\NEW MUTUAL FUND MF AUTOMATION\src\extractors\icici_extractor_v1.py", line 134, in extract
    logger.warning(f"[ICICI] \u2717 {scheme_name}: Failed validation")
Message: '[ICICI] \u2717 Nifty LargeMidcap 250 Index Fund: Failed validation'
Arguments: ()
[2026-02-12 23:17:11] [WARNING[2026-02-12 23:17:11] [ERROR] [Nifty Metal ETF] FAILED NAV GUARD: 0.00% (Range 90-105%)
--- Logging error ---
Traceback (most recent call last):
  File "C:\Users\ADITYA MAHESHWARI\AppData\Local\Programs\Python\Python310\lib\logging\__init__.py", line 1103, in emit
    stream.write(msg + self.terminator)
  File "C:\Users\ADITYA MAHESHWARI\AppData\Local\Programs\Python\Python310\lib\site-packages\colorama\ansitowin32.py", line 47, in write
    self.__convertor.write(text)
  File "C:\Users\ADITYA MAHESHWARI\AppData\Local\Programs\Python\Python310\lib\site-packages\colorama\ansitowin32.py", line 177, in write
    self.write_and_convert(text)
  File "C:\Users\ADITYA MAHESHWARI\AppData\Local\Programs\Python\Python310\lib\site-packages\colorama\ansitowin32.py", line 205, in 
write_and_convert
    self.write_plain_text(text, cursor, len(text))
  File "C:\Users\ADITYA MAHESHWARI\AppData\Local\Programs\Python\Python310\lib\site-packages\colorama\ansitowin32.py", line 210, in 
write_plain_text
    self.wrapped.write(text[start:end])
  File "C:\Users\ADITYA MAHESHWARI\AppData\Local\Programs\Python\Python310\lib\encodings\cp1252.py", line 19, in encode
    return codecs.charmap_encode(input,self.errors,encoding_table)[0]
UnicodeEncodeError: 'charmap' codec can't encode character '\u2717' in position 10: character maps to <undefined>
Call stack:
  File "D:\CODING\NEW MUTUAL FUND MF AUTOMATION\test_icici_simple.py", line 8, in <module>
    holdings = ext.extract('data/output/merged excels/icici/2025/CONSOLIDATED_ICICI_2025_12.xlsx')
  File "D:\CODING\NEW MUTUAL FUND MF AUTOMATION\src\extractors\icici_extractor_v1.py", line 134, in extract
    logger.warning(f"[ICICI] \u2717 {scheme_name}: Failed validation")
Message: '[ICICI] \u2717 Nifty Metal ETF: Failed validation'
Arguments: ()
[2026-02-12 23:17:11] [WARNING[2026-02-12 23:17:11] [ERROR] [Nifty Midcap 150 ETF MD150ETF] FAILED NAV GUARD: 0.00% (Range 90-105%)
--- Logging error ---
Traceback (most recent call last):
  File "C:\Users\ADITYA MAHESHWARI\AppData\Local\Programs\Python\Python310\lib\logging\__init__.py", line 1103, in emit
    stream.write(msg + self.terminator)
  File "C:\Users\ADITYA MAHESHWARI\AppData\Local\Programs\Python\Python310\lib\site-packages\colorama\ansitowin32.py", line 47, in write
    self.__convertor.write(text)
  File "C:\Users\ADITYA MAHESHWARI\AppData\Local\Programs\Python\Python310\lib\site-packages\colorama\ansitowin32.py", line 177, in write
    self.write_and_convert(text)
  File "C:\Users\ADITYA MAHESHWARI\AppData\Local\Programs\Python\Python310\lib\site-packages\colorama\ansitowin32.py", line 205, in 
write_and_convert
    self.write_plain_text(text, cursor, len(text))
  File "C:\Users\ADITYA MAHESHWARI\AppData\Local\Programs\Python\Python310\lib\site-packages\colorama\ansitowin32.py", line 210, in 
write_plain_text
    self.wrapped.write(text[start:end])
  File "C:\Users\ADITYA MAHESHWARI\AppData\Local\Programs\Python\Python310\lib\encodings\cp1252.py", line 19, in encode
    return codecs.charmap_encode(input,self.errors,encoding_table)[0]
UnicodeEncodeError: 'charmap' codec can't encode character '\u2717' in position 10: character maps to <undefined>
Call stack:
  File "D:\CODING\NEW MUTUAL FUND MF AUTOMATION\test_icici_simple.py", line 8, in <module>
    holdings = ext.extract('data/output/merged excels/icici/2025/CONSOLIDATED_ICICI_2025_12.xlsx')
  File "D:\CODING\NEW MUTUAL FUND MF AUTOMATION\src\extractors\icici_extractor_v1.py", line 134, in extract
    logger.warning(f"[ICICI] \u2717 {scheme_name}: Failed validation")
Message: '[ICICI] \u2717 Nifty Midcap 150 ETF MD150ETF: Failed validation'
Arguments: ()
[2026-02-12 23:17:11] [WARNING[2026-02-12 23:17:11] [ERROR] [Nifty Midcap 150 Index Fund] FAILED NAV GUARD: 0.00% (Range 90-105%)
--- Logging error ---
Traceback (most recent call last):
  File "C:\Users\ADITYA MAHESHWARI\AppData\Local\Programs\Python\Python310\lib\logging\__init__.py", line 1103, in emit
    stream.write(msg + self.terminator)
  File "C:\Users\ADITYA MAHESHWARI\AppData\Local\Programs\Python\Python310\lib\site-packages\colorama\ansitowin32.py", line 47, in write
    self.__convertor.write(text)
  File "C:\Users\ADITYA MAHESHWARI\AppData\Local\Programs\Python\Python310\lib\site-packages\colorama\ansitowin32.py", line 177, in write
    self.write_and_convert(text)
  File "C:\Users\ADITYA MAHESHWARI\AppData\Local\Programs\Python\Python310\lib\site-packages\colorama\ansitowin32.py", line 205, in 
write_and_convert
    self.write_plain_text(text, cursor, len(text))
  File "C:\Users\ADITYA MAHESHWARI\AppData\Local\Programs\Python\Python310\lib\site-packages\colorama\ansitowin32.py", line 210, in 
write_plain_text
    self.wrapped.write(text[start:end])
  File "C:\Users\ADITYA MAHESHWARI\AppData\Local\Programs\Python\Python310\lib\encodings\cp1252.py", line 19, in encode
    return codecs.charmap_encode(input,self.errors,encoding_table)[0]
UnicodeEncodeError: 'charmap' codec can't encode character '\u2717' in position 10: character maps to <undefined>
Call stack:
  File "D:\CODING\NEW MUTUAL FUND MF AUTOMATION\test_icici_simple.py", line 8, in <module>
    holdings = ext.extract('data/output/merged excels/icici/2025/CONSOLIDATED_ICICI_2025_12.xlsx')
  File "D:\CODING\NEW MUTUAL FUND MF AUTOMATION\src\extractors\icici_extractor_v1.py", line 134, in extract
    logger.warning(f"[ICICI] \u2717 {scheme_name}: Failed validation")
Message: '[ICICI] \u2717 Nifty Midcap 150 Index Fund: Failed validation'
Arguments: ()
[2026-02-12 23:17:11] [WARNING[2026-02-12 23:17:11] [ERROR] [Nifty Next 50 ETF NN50ETF] FAILED NAV GUARD: 0.00% (Range 90-105%)
--- Logging error ---
Traceback (most recent call last):
  File "C:\Users\ADITYA MAHESHWARI\AppData\Local\Programs\Python\Python310\lib\logging\__init__.py", line 1103, in emit
    stream.write(msg + self.terminator)
  File "C:\Users\ADITYA MAHESHWARI\AppData\Local\Programs\Python\Python310\lib\site-packages\colorama\ansitowin32.py", line 47, in write
    self.__convertor.write(text)
  File "C:\Users\ADITYA MAHESHWARI\AppData\Local\Programs\Python\Python310\lib\site-packages\colorama\ansitowin32.py", line 177, in write
    self.write_and_convert(text)
  File "C:\Users\ADITYA MAHESHWARI\AppData\Local\Programs\Python\Python310\lib\site-packages\colorama\ansitowin32.py", line 205, in 
write_and_convert
    self.write_plain_text(text, cursor, len(text))
  File "C:\Users\ADITYA MAHESHWARI\AppData\Local\Programs\Python\Python310\lib\site-packages\colorama\ansitowin32.py", line 210, in 
write_plain_text
    self.wrapped.write(text[start:end])
  File "C:\Users\ADITYA MAHESHWARI\AppData\Local\Programs\Python\Python310\lib\encodings\cp1252.py", line 19, in encode
    return codecs.charmap_encode(input,self.errors,encoding_table)[0]
UnicodeEncodeError: 'charmap' codec can't encode character '\u2717' in position 10: character maps to <undefined>
Call stack:
  File "D:\CODING\NEW MUTUAL FUND MF AUTOMATION\test_icici_simple.py", line 8, in <module>
    holdings = ext.extract('data/output/merged excels/icici/2025/CONSOLIDATED_ICICI_2025_12.xlsx')
  File "D:\CODING\NEW MUTUAL FUND MF AUTOMATION\src\extractors\icici_extractor_v1.py", line 134, in extract
    logger.warning(f"[ICICI] \u2717 {scheme_name}: Failed validation")
Message: '[ICICI] \u2717 Nifty Next 50 ETF NN50ETF: Failed validation'
Arguments: ()
[2026-02-12 23:17:11] [WARNING[2026-02-12 23:17:11] [ERROR] [Nifty Next 50 Index Fund] FAILED NAV GUARD: 0.00% (Range 90-105%)
--- Logging error ---
Traceback (most recent call last):
  File "C:\Users\ADITYA MAHESHWARI\AppData\Local\Programs\Python\Python310\lib\logging\__init__.py", line 1103, in emit
    stream.write(msg + self.terminator)
  File "C:\Users\ADITYA MAHESHWARI\AppData\Local\Programs\Python\Python310\lib\site-packages\colorama\ansitowin32.py", line 47, in write
    self.__convertor.write(text)
  File "C:\Users\ADITYA MAHESHWARI\AppData\Local\Programs\Python\Python310\lib\site-packages\colorama\ansitowin32.py", line 177, in write
    self.write_and_convert(text)
  File "C:\Users\ADITYA MAHESHWARI\AppData\Local\Programs\Python\Python310\lib\site-packages\colorama\ansitowin32.py", line 205, in 
write_and_convert
    self.write_plain_text(text, cursor, len(text))
  File "C:\Users\ADITYA MAHESHWARI\AppData\Local\Programs\Python\Python310\lib\site-packages\colorama\ansitowin32.py", line 210, in 
write_plain_text
    self.wrapped.write(text[start:end])
  File "C:\Users\ADITYA MAHESHWARI\AppData\Local\Programs\Python\Python310\lib\encodings\cp1252.py", line 19, in encode
    return codecs.charmap_encode(input,self.errors,encoding_table)[0]
UnicodeEncodeError: 'charmap' codec can't encode character '\u2717' in position 10: character maps to <undefined>
Call stack:
  File "D:\CODING\NEW MUTUAL FUND MF AUTOMATION\test_icici_simple.py", line 8, in <module>
    holdings = ext.extract('data/output/merged excels/icici/2025/CONSOLIDATED_ICICI_2025_12.xlsx')
  File "D:\CODING\NEW MUTUAL FUND MF AUTOMATION\src\extractors\icici_extractor_v1.py", line 134, in extract
    logger.warning(f"[ICICI] \u2717 {scheme_name}: Failed validation")
Message: '[ICICI] \u2717 Nifty Next 50 Index Fund: Failed validation'
Arguments: ()
[2026-02-12 23:17:11] [WARNING[2026-02-12 23:17:11] [ERROR] [Nifty Oil & Gas ETF] FAILED NAV GUARD: 0.00% (Range 90-105%)
--- Logging error ---
Traceback (most recent call last):
  File "C:\Users\ADITYA MAHESHWARI\AppData\Local\Programs\Python\Python310\lib\logging\__init__.py", line 1103, in emit
    stream.write(msg + self.terminator)
  File "C:\Users\ADITYA MAHESHWARI\AppData\Local\Programs\Python\Python310\lib\site-packages\colorama\ansitowin32.py", line 47, in write
    self.__convertor.write(text)
  File "C:\Users\ADITYA MAHESHWARI\AppData\Local\Programs\Python\Python310\lib\site-packages\colorama\ansitowin32.py", line 177, in write
    self.write_and_convert(text)
  File "C:\Users\ADITYA MAHESHWARI\AppData\Local\Programs\Python\Python310\lib\site-packages\colorama\ansitowin32.py", line 205, in 
write_and_convert
    self.write_plain_text(text, cursor, len(text))
  File "C:\Users\ADITYA MAHESHWARI\AppData\Local\Programs\Python\Python310\lib\site-packages\colorama\ansitowin32.py", line 210, in 
write_plain_text
    self.wrapped.write(text[start:end])
  File "C:\Users\ADITYA MAHESHWARI\AppData\Local\Programs\Python\Python310\lib\encodings\cp1252.py", line 19, in encode
    return codecs.charmap_encode(input,self.errors,encoding_table)[0]
UnicodeEncodeError: 'charmap' codec can't encode character '\u2717' in position 10: character maps to <undefined>
Call stack:
  File "D:\CODING\NEW MUTUAL FUND MF AUTOMATION\test_icici_simple.py", line 8, in <module>
    holdings = ext.extract('data/output/merged excels/icici/2025/CONSOLIDATED_ICICI_2025_12.xlsx')
  File "D:\CODING\NEW MUTUAL FUND MF AUTOMATION\src\extractors\icici_extractor_v1.py", line 134, in extract
    logger.warning(f"[ICICI] \u2717 {scheme_name}: Failed validation")
Message: '[ICICI] \u2717 Nifty Oil & Gas ETF: Failed validation'
Arguments: ()
[2026-02-12 23:17:11] [WARNING[2026-02-12 23:17:11] [ERROR] [Nifty PSU Bank ETF] FAILED NAV GUARD: 0.00% (Range 90-105%)
--- Logging error ---
Traceback (most recent call last):
  File "C:\Users\ADITYA MAHESHWARI\AppData\Local\Programs\Python\Python310\lib\logging\__init__.py", line 1103, in emit
    stream.write(msg + self.terminator)
  File "C:\Users\ADITYA MAHESHWARI\AppData\Local\Programs\Python\Python310\lib\site-packages\colorama\ansitowin32.py", line 47, in write
    self.__convertor.write(text)
  File "C:\Users\ADITYA MAHESHWARI\AppData\Local\Programs\Python\Python310\lib\site-packages\colorama\ansitowin32.py", line 177, in write
    self.write_and_convert(text)
  File "C:\Users\ADITYA MAHESHWARI\AppData\Local\Programs\Python\Python310\lib\site-packages\colorama\ansitowin32.py", line 205, in 
write_and_convert
    self.write_plain_text(text, cursor, len(text))
  File "C:\Users\ADITYA MAHESHWARI\AppData\Local\Programs\Python\Python310\lib\site-packages\colorama\ansitowin32.py", line 210, in 
write_plain_text
    self.wrapped.write(text[start:end])
  File "C:\Users\ADITYA MAHESHWARI\AppData\Local\Programs\Python\Python310\lib\encodings\cp1252.py", line 19, in encode
    return codecs.charmap_encode(input,self.errors,encoding_table)[0]
UnicodeEncodeError: 'charmap' codec can't encode character '\u2717' in position 10: character maps to <undefined>
Call stack:
  File "D:\CODING\NEW MUTUAL FUND MF AUTOMATION\test_icici_simple.py", line 8, in <module>
    holdings = ext.extract('data/output/merged excels/icici/2025/CONSOLIDATED_ICICI_2025_12.xlsx')
  File "D:\CODING\NEW MUTUAL FUND MF AUTOMATION\src\extractors\icici_extractor_v1.py", line 134, in extract
    logger.warning(f"[ICICI] \u2717 {scheme_name}: Failed validation")
Message: '[ICICI] \u2717 Nifty PSU Bank ETF: Failed validation'
Arguments: ()
[2026-02-12 23:17:11] [WARNING[2026-02-12 23:17:11] [ERROR] [Nifty Pharma Index Fund] FAILED NAV GUARD: 0.00% (Range 90-105%)
--- Logging error ---
Traceback (most recent call last):
  File "C:\Users\ADITYA MAHESHWARI\AppData\Local\Programs\Python\Python310\lib\logging\__init__.py", line 1103, in emit
    stream.write(msg + self.terminator)
  File "C:\Users\ADITYA MAHESHWARI\AppData\Local\Programs\Python\Python310\lib\site-packages\colorama\ansitowin32.py", line 47, in write
    self.__convertor.write(text)
  File "C:\Users\ADITYA MAHESHWARI\AppData\Local\Programs\Python\Python310\lib\site-packages\colorama\ansitowin32.py", line 177, in write
    self.write_and_convert(text)
  File "C:\Users\ADITYA MAHESHWARI\AppData\Local\Programs\Python\Python310\lib\site-packages\colorama\ansitowin32.py", line 205, in 
write_and_convert
    self.write_plain_text(text, cursor, len(text))
  File "C:\Users\ADITYA MAHESHWARI\AppData\Local\Programs\Python\Python310\lib\site-packages\colorama\ansitowin32.py", line 210, in 
write_plain_text
    self.wrapped.write(text[start:end])
  File "C:\Users\ADITYA MAHESHWARI\AppData\Local\Programs\Python\Python310\lib\encodings\cp1252.py", line 19, in encode
    return codecs.charmap_encode(input,self.errors,encoding_table)[0]
UnicodeEncodeError: 'charmap' codec can't encode character '\u2717' in position 10: character maps to <undefined>
Call stack:
  File "D:\CODING\NEW MUTUAL FUND MF AUTOMATION\test_icici_simple.py", line 8, in <module>
    holdings = ext.extract('data/output/merged excels/icici/2025/CONSOLIDATED_ICICI_2025_12.xlsx')
  File "D:\CODING\NEW MUTUAL FUND MF AUTOMATION\src\extractors\icici_extractor_v1.py", line 134, in extract
    logger.warning(f"[ICICI] \u2717 {scheme_name}: Failed validation")
Message: '[ICICI] \u2717 Nifty Pharma Index Fund: Failed validation'
Arguments: ()
[2026-02-12 23:17:11] [WARNING[2026-02-12 23:17:11] [ERROR] [Nifty Private Bank ETF] FAILED NAV GUARD: 0.00% (Range 90-105%)
--- Logging error ---
Traceback (most recent call last):
  File "C:\Users\ADITYA MAHESHWARI\AppData\Local\Programs\Python\Python310\lib\logging\__init__.py", line 1103, in emit
    stream.write(msg + self.terminator)
  File "C:\Users\ADITYA MAHESHWARI\AppData\Local\Programs\Python\Python310\lib\site-packages\colorama\ansitowin32.py", line 47, in write
    self.__convertor.write(text)
  File "C:\Users\ADITYA MAHESHWARI\AppData\Local\Programs\Python\Python310\lib\site-packages\colorama\ansitowin32.py", line 177, in write
    self.write_and_convert(text)
  File "C:\Users\ADITYA MAHESHWARI\AppData\Local\Programs\Python\Python310\lib\site-packages\colorama\ansitowin32.py", line 205, in 
write_and_convert
    self.write_plain_text(text, cursor, len(text))
  File "C:\Users\ADITYA MAHESHWARI\AppData\Local\Programs\Python\Python310\lib\site-packages\colorama\ansitowin32.py", line 210, in 
write_plain_text
    self.wrapped.write(text[start:end])
  File "C:\Users\ADITYA MAHESHWARI\AppData\Local\Programs\Python\Python310\lib\encodings\cp1252.py", line 19, in encode
    return codecs.charmap_encode(input,self.errors,encoding_table)[0]
UnicodeEncodeError: 'charmap' codec can't encode character '\u2717' in position 10: character maps to <undefined>
Call stack:
  File "D:\CODING\NEW MUTUAL FUND MF AUTOMATION\test_icici_simple.py", line 8, in <module>
    holdings = ext.extract('data/output/merged excels/icici/2025/CONSOLIDATED_ICICI_2025_12.xlsx')
  File "D:\CODING\NEW MUTUAL FUND MF AUTOMATION\src\extractors\icici_extractor_v1.py", line 134, in extract
    logger.warning(f"[ICICI] \u2717 {scheme_name}: Failed validation")
Message: '[ICICI] \u2717 Nifty Private Bank ETF: Failed validation'
Arguments: ()
[2026-02-12 23:17:11] [WARNING[2026-02-12 23:17:11] [ERROR] [Nifty Private Bank Index Fund] FAILED NAV GUARD: 0.00% (Range 90-105%)
--- Logging error ---
Traceback (most recent call last):
  File "C:\Users\ADITYA MAHESHWARI\AppData\Local\Programs\Python\Python310\lib\logging\__init__.py", line 1103, in emit
    stream.write(msg + self.terminator)
  File "C:\Users\ADITYA MAHESHWARI\AppData\Local\Programs\Python\Python310\lib\site-packages\colorama\ansitowin32.py", line 47, in write
    self.__convertor.write(text)
  File "C:\Users\ADITYA MAHESHWARI\AppData\Local\Programs\Python\Python310\lib\site-packages\colorama\ansitowin32.py", line 177, in write
    self.write_and_convert(text)
  File "C:\Users\ADITYA MAHESHWARI\AppData\Local\Programs\Python\Python310\lib\site-packages\colorama\ansitowin32.py", line 205, in 
write_and_convert
    self.write_plain_text(text, cursor, len(text))
  File "C:\Users\ADITYA MAHESHWARI\AppData\Local\Programs\Python\Python310\lib\site-packages\colorama\ansitowin32.py", line 210, in 
write_plain_text
    self.wrapped.write(text[start:end])
  File "C:\Users\ADITYA MAHESHWARI\AppData\Local\Programs\Python\Python310\lib\encodings\cp1252.py", line 19, in encode
    return codecs.charmap_encode(input,self.errors,encoding_table)[0]
UnicodeEncodeError: 'charmap' codec can't encode character '\u2717' in position 10: character maps to <undefined>
Call stack:
  File "D:\CODING\NEW MUTUAL FUND MF AUTOMATION\test_icici_simple.py", line 8, in <module>
    holdings = ext.extract('data/output/merged excels/icici/2025/CONSOLIDATED_ICICI_2025_12.xlsx')
  File "D:\CODING\NEW MUTUAL FUND MF AUTOMATION\src\extractors\icici_extractor_v1.py", line 134, in extract
    logger.warning(f"[ICICI] \u2717 {scheme_name}: Failed validation")
Message: '[ICICI] \u2717 Nifty Private Bank Index Fund: Failed validation'
Arguments: ()
[2026-02-12 23:17:11] [WARNING[2026-02-12 23:17:11] [ERROR] [Nifty Smallcap 250 Index Fund] FAILED NAV GUARD: 0.00% (Range 90-105%)
--- Logging error ---
Traceback (most recent call last):
  File "C:\Users\ADITYA MAHESHWARI\AppData\Local\Programs\Python\Python310\lib\logging\__init__.py", line 1103, in emit
    stream.write(msg + self.terminator)
  File "C:\Users\ADITYA MAHESHWARI\AppData\Local\Programs\Python\Python310\lib\site-packages\colorama\ansitowin32.py", line 47, in write
    self.__convertor.write(text)
  File "C:\Users\ADITYA MAHESHWARI\AppData\Local\Programs\Python\Python310\lib\site-packages\colorama\ansitowin32.py", line 177, in write
    self.write_and_convert(text)
  File "C:\Users\ADITYA MAHESHWARI\AppData\Local\Programs\Python\Python310\lib\site-packages\colorama\ansitowin32.py", line 205, in 
write_and_convert
    self.write_plain_text(text, cursor, len(text))
  File "C:\Users\ADITYA MAHESHWARI\AppData\Local\Programs\Python\Python310\lib\site-packages\colorama\ansitowin32.py", line 210, in 
write_plain_text
    self.wrapped.write(text[start:end])
  File "C:\Users\ADITYA MAHESHWARI\AppData\Local\Programs\Python\Python310\lib\encodings\cp1252.py", line 19, in encode
    return codecs.charmap_encode(input,self.errors,encoding_table)[0]
UnicodeEncodeError: 'charmap' codec can't encode character '\u2717' in position 10: character maps to <undefined>
Call stack:
  File "D:\CODING\NEW MUTUAL FUND MF AUTOMATION\test_icici_simple.py", line 8, in <module>
    holdings = ext.extract('data/output/merged excels/icici/2025/CONSOLIDATED_ICICI_2025_12.xlsx')
  File "D:\CODING\NEW MUTUAL FUND MF AUTOMATION\src\extractors\icici_extractor_v1.py", line 134, in extract
    logger.warning(f"[ICICI] \u2717 {scheme_name}: Failed validation")
Message: '[ICICI] \u2717 Nifty Smallcap 250 Index Fund: Failed validation'
Arguments: ()
[2026-02-12 23:17:11] [WARNING[2026-02-12 23:17:11] [ERROR] [Nifty Top Equal Weight ETF EQL1] FAILED NAV GUARD: 0.00% (Range 90-105%)
--- Logging error ---
Traceback (most recent call last):
  File "C:\Users\ADITYA MAHESHWARI\AppData\Local\Programs\Python\Python310\lib\logging\__init__.py", line 1103, in emit
    stream.write(msg + self.terminator)
  File "C:\Users\ADITYA MAHESHWARI\AppData\Local\Programs\Python\Python310\lib\site-packages\colorama\ansitowin32.py", line 47, in write
    self.__convertor.write(text)
  File "C:\Users\ADITYA MAHESHWARI\AppData\Local\Programs\Python\Python310\lib\site-packages\colorama\ansitowin32.py", line 177, in write
    self.write_and_convert(text)
  File "C:\Users\ADITYA MAHESHWARI\AppData\Local\Programs\Python\Python310\lib\site-packages\colorama\ansitowin32.py", line 205, in 
write_and_convert
    self.write_plain_text(text, cursor, len(text))
  File "C:\Users\ADITYA MAHESHWARI\AppData\Local\Programs\Python\Python310\lib\site-packages\colorama\ansitowin32.py", line 210, in 
write_plain_text
    self.wrapped.write(text[start:end])
  File "C:\Users\ADITYA MAHESHWARI\AppData\Local\Programs\Python\Python310\lib\encodings\cp1252.py", line 19, in encode
    return codecs.charmap_encode(input,self.errors,encoding_table)[0]
UnicodeEncodeError: 'charmap' codec can't encode character '\u2717' in position 10: character maps to <undefined>
Call stack:
  File "D:\CODING\NEW MUTUAL FUND MF AUTOMATION\test_icici_simple.py", line 8, in <module>
    holdings = ext.extract('data/output/merged excels/icici/2025/CONSOLIDATED_ICICI_2025_12.xlsx')
  File "D:\CODING\NEW MUTUAL FUND MF AUTOMATION\src\extractors\icici_extractor_v1.py", line 134, in extract
    logger.warning(f"[ICICI] \u2717 {scheme_name}: Failed validation")
Message: '[ICICI] \u2717 Nifty Top Equal Weight ETF EQL1: Failed validation'
Arguments: ()
[2026-02-12 23:17:11] [WARNING[2026-02-12 23:17:11] [ERROR] [Nifty Top 15 Equal Weight Index Fund] FAILED NAV GUARD: 0.00% (Range 90-105%)
--- Logging error ---
Traceback (most recent call last):
  File "C:\Users\ADITYA MAHESHWARI\AppData\Local\Programs\Python\Python310\lib\logging\__init__.py", line 1103, in emit
    stream.write(msg + self.terminator)
  File "C:\Users\ADITYA MAHESHWARI\AppData\Local\Programs\Python\Python310\lib\site-packages\colorama\ansitowin32.py", line 47, in write
    self.__convertor.write(text)
  File "C:\Users\ADITYA MAHESHWARI\AppData\Local\Programs\Python\Python310\lib\site-packages\colorama\ansitowin32.py", line 177, in write
    self.write_and_convert(text)
  File "C:\Users\ADITYA MAHESHWARI\AppData\Local\Programs\Python\Python310\lib\site-packages\colorama\ansitowin32.py", line 205, in 
write_and_convert
    self.write_plain_text(text, cursor, len(text))
  File "C:\Users\ADITYA MAHESHWARI\AppData\Local\Programs\Python\Python310\lib\site-packages\colorama\ansitowin32.py", line 210, in 
write_plain_text
    self.wrapped.write(text[start:end])
  File "C:\Users\ADITYA MAHESHWARI\AppData\Local\Programs\Python\Python310\lib\encodings\cp1252.py", line 19, in encode
    return codecs.charmap_encode(input,self.errors,encoding_table)[0]
UnicodeEncodeError: 'charmap' codec can't encode character '\u2717' in position 10: character maps to <undefined>
Call stack:
  File "D:\CODING\NEW MUTUAL FUND MF AUTOMATION\test_icici_simple.py", line 8, in <module>
    holdings = ext.extract('data/output/merged excels/icici/2025/CONSOLIDATED_ICICI_2025_12.xlsx')
  File "D:\CODING\NEW MUTUAL FUND MF AUTOMATION\src\extractors\icici_extractor_v1.py", line 134, in extract
    logger.warning(f"[ICICI] \u2717 {scheme_name}: Failed validation")
Message: '[ICICI] \u2717 Nifty Top 15 Equal Weight Index Fund: Failed validation'
Arguments: ()
[2026-02-12 23:17:11] [WARNING[2026-02-12 23:17:11] [ERROR] [Nifty200 Quality 30 Index Fund] FAILED NAV GUARD: 0.00% (Range 90-105%)
--- Logging error ---
Traceback (most recent call last):
  File "C:\Users\ADITYA MAHESHWARI\AppData\Local\Programs\Python\Python310\lib\logging\__init__.py", line 1103, in emit
    stream.write(msg + self.terminator)
  File "C:\Users\ADITYA MAHESHWARI\AppData\Local\Programs\Python\Python310\lib\site-packages\colorama\ansitowin32.py", line 47, in write
    self.__convertor.write(text)
  File "C:\Users\ADITYA MAHESHWARI\AppData\Local\Programs\Python\Python310\lib\site-packages\colorama\ansitowin32.py", line 177, in write
    self.write_and_convert(text)
  File "C:\Users\ADITYA MAHESHWARI\AppData\Local\Programs\Python\Python310\lib\site-packages\colorama\ansitowin32.py", line 205, in 
write_and_convert
    self.write_plain_text(text, cursor, len(text))
  File "C:\Users\ADITYA MAHESHWARI\AppData\Local\Programs\Python\Python310\lib\site-packages\colorama\ansitowin32.py", line 210, in 
write_plain_text
    self.wrapped.write(text[start:end])
  File "C:\Users\ADITYA MAHESHWARI\AppData\Local\Programs\Python\Python310\lib\encodings\cp1252.py", line 19, in encode
    return codecs.charmap_encode(input,self.errors,encoding_table)[0]
UnicodeEncodeError: 'charmap' codec can't encode character '\u2717' in position 10: character maps to <undefined>
Call stack:
  File "D:\CODING\NEW MUTUAL FUND MF AUTOMATION\test_icici_simple.py", line 8, in <module>
    holdings = ext.extract('data/output/merged excels/icici/2025/CONSOLIDATED_ICICI_2025_12.xlsx')
  File "D:\CODING\NEW MUTUAL FUND MF AUTOMATION\src\extractors\icici_extractor_v1.py", line 134, in extract
    logger.warning(f"[ICICI] \u2717 {scheme_name}: Failed validation")
Message: '[ICICI] \u2717 Nifty200 Quality 30 Index Fund: Failed validation'
Arguments: ()
[2026-02-12 23:17:11] [WARNING[2026-02-12 23:17:11] [ERROR] [Nifty200 Value ETF NIF30ETF] FAILED NAV GUARD: 0.00% (Range 90-105%)
--- Logging error ---
Traceback (most recent call last):
  File "C:\Users\ADITYA MAHESHWARI\AppData\Local\Programs\Python\Python310\lib\logging\__init__.py", line 1103, in emit
    stream.write(msg + self.terminator)
  File "C:\Users\ADITYA MAHESHWARI\AppData\Local\Programs\Python\Python310\lib\site-packages\colorama\ansitowin32.py", line 47, in write
    self.__convertor.write(text)
  File "C:\Users\ADITYA MAHESHWARI\AppData\Local\Programs\Python\Python310\lib\site-packages\colorama\ansitowin32.py", line 177, in write
    self.write_and_convert(text)
  File "C:\Users\ADITYA MAHESHWARI\AppData\Local\Programs\Python\Python310\lib\site-packages\colorama\ansitowin32.py", line 205, in 
write_and_convert
    self.write_plain_text(text, cursor, len(text))
  File "C:\Users\ADITYA MAHESHWARI\AppData\Local\Programs\Python\Python310\lib\site-packages\colorama\ansitowin32.py", line 210, in 
write_plain_text
    self.wrapped.write(text[start:end])
  File "C:\Users\ADITYA MAHESHWARI\AppData\Local\Programs\Python\Python310\lib\encodings\cp1252.py", line 19, in encode
    return codecs.charmap_encode(input,self.errors,encoding_table)[0]
UnicodeEncodeError: 'charmap' codec can't encode character '\u2717' in position 10: character maps to <undefined>
Call stack:
  File "D:\CODING\NEW MUTUAL FUND MF AUTOMATION\test_icici_simple.py", line 8, in <module>
    holdings = ext.extract('data/output/merged excels/icici/2025/CONSOLIDATED_ICICI_2025_12.xlsx')
  File "D:\CODING\NEW MUTUAL FUND MF AUTOMATION\src\extractors\icici_extractor_v1.py", line 134, in extract
    logger.warning(f"[ICICI] \u2717 {scheme_name}: Failed validation")
Message: '[ICICI] \u2717 Nifty200 Value ETF NIF30ETF: Failed validation'
Arguments: ()
[2026-02-12 23:17:11] [WARNING[2026-02-12 23:17:11] [ERROR] [Nifty200 Value 30 Index Fund] FAILED NAV GUARD: 0.00% (Range 90-105%)
--- Logging error ---
Traceback (most recent call last):
  File "C:\Users\ADITYA MAHESHWARI\AppData\Local\Programs\Python\Python310\lib\logging\__init__.py", line 1103, in emit
    stream.write(msg + self.terminator)
  File "C:\Users\ADITYA MAHESHWARI\AppData\Local\Programs\Python\Python310\lib\site-packages\colorama\ansitowin32.py", line 47, in write
    self.__convertor.write(text)
  File "C:\Users\ADITYA MAHESHWARI\AppData\Local\Programs\Python\Python310\lib\site-packages\colorama\ansitowin32.py", line 177, in write
    self.write_and_convert(text)
  File "C:\Users\ADITYA MAHESHWARI\AppData\Local\Programs\Python\Python310\lib\site-packages\colorama\ansitowin32.py", line 205, in 
write_and_convert
    self.write_plain_text(text, cursor, len(text))
  File "C:\Users\ADITYA MAHESHWARI\AppData\Local\Programs\Python\Python310\lib\site-packages\colorama\ansitowin32.py", line 210, in 
write_plain_text
    self.wrapped.write(text[start:end])
  File "C:\Users\ADITYA MAHESHWARI\AppData\Local\Programs\Python\Python310\lib\encodings\cp1252.py", line 19, in encode
    return codecs.charmap_encode(input,self.errors,encoding_table)[0]
UnicodeEncodeError: 'charmap' codec can't encode character '\u2717' in position 10: character maps to <undefined>
Call stack:
  File "D:\CODING\NEW MUTUAL FUND MF AUTOMATION\test_icici_simple.py", line 8, in <module>
    holdings = ext.extract('data/output/merged excels/icici/2025/CONSOLIDATED_ICICI_2025_12.xlsx')
  File "D:\CODING\NEW MUTUAL FUND MF AUTOMATION\src\extractors\icici_extractor_v1.py", line 134, in extract
    logger.warning(f"[ICICI] \u2717 {scheme_name}: Failed validation")
Message: '[ICICI] \u2717 Nifty200 Value 30 Index Fund: Failed validation'
Arguments: ()
[2026-02-12 23:17:11] [WARNING[2026-02-12 23:17:11] [ERROR] [Nifty50 Equal Weight Index Fund] FAILED NAV GUARD: 0.00% (Range 90-105%)
--- Logging error ---
Traceback (most recent call last):
  File "C:\Users\ADITYA MAHESHWARI\AppData\Local\Programs\Python\Python310\lib\logging\__init__.py", line 1103, in emit
    stream.write(msg + self.terminator)
  File "C:\Users\ADITYA MAHESHWARI\AppData\Local\Programs\Python\Python310\lib\site-packages\colorama\ansitowin32.py", line 47, in write
    self.__convertor.write(text)
  File "C:\Users\ADITYA MAHESHWARI\AppData\Local\Programs\Python\Python310\lib\site-packages\colorama\ansitowin32.py", line 177, in write
    self.write_and_convert(text)
  File "C:\Users\ADITYA MAHESHWARI\AppData\Local\Programs\Python\Python310\lib\site-packages\colorama\ansitowin32.py", line 205, in 
write_and_convert
    self.write_plain_text(text, cursor, len(text))
  File "C:\Users\ADITYA MAHESHWARI\AppData\Local\Programs\Python\Python310\lib\site-packages\colorama\ansitowin32.py", line 210, in 
write_plain_text
    self.wrapped.write(text[start:end])
  File "C:\Users\ADITYA MAHESHWARI\AppData\Local\Programs\Python\Python310\lib\encodings\cp1252.py", line 19, in encode
    return codecs.charmap_encode(input,self.errors,encoding_table)[0]
UnicodeEncodeError: 'charmap' codec can't encode character '\u2717' in position 10: character maps to <undefined>
Call stack:
  File "D:\CODING\NEW MUTUAL FUND MF AUTOMATION\test_icici_simple.py", line 8, in <module>
    holdings = ext.extract('data/output/merged excels/icici/2025/CONSOLIDATED_ICICI_2025_12.xlsx')
  File "D:\CODING\NEW MUTUAL FUND MF AUTOMATION\src\extractors\icici_extractor_v1.py", line 134, in extract
    logger.warning(f"[ICICI] \u2717 {scheme_name}: Failed validation")
Message: '[ICICI] \u2717 Nifty50 Equal Weight Index Fund: Failed validation'
Arguments: ()
[2026-02-12 23:17:11] [WARNING[2026-02-12 23:17:11] [ERROR] [Nifty50 Value ETF NV20ETF] FAILED NAV GUARD: 0.00% (Range 90-105%)
--- Logging error ---
Traceback (most recent call last):
  File "C:\Users\ADITYA MAHESHWARI\AppData\Local\Programs\Python\Python310\lib\logging\__init__.py", line 1103, in emit
    stream.write(msg + self.terminator)
  File "C:\Users\ADITYA MAHESHWARI\AppData\Local\Programs\Python\Python310\lib\site-packages\colorama\ansitowin32.py", line 47, in write
    self.__convertor.write(text)
  File "C:\Users\ADITYA MAHESHWARI\AppData\Local\Programs\Python\Python310\lib\site-packages\colorama\ansitowin32.py", line 177, in write
    self.write_and_convert(text)
  File "C:\Users\ADITYA MAHESHWARI\AppData\Local\Programs\Python\Python310\lib\site-packages\colorama\ansitowin32.py", line 205, in 
write_and_convert
    self.write_plain_text(text, cursor, len(text))
  File "C:\Users\ADITYA MAHESHWARI\AppData\Local\Programs\Python\Python310\lib\site-packages\colorama\ansitowin32.py", line 210, in 
write_plain_text
    self.wrapped.write(text[start:end])
  File "C:\Users\ADITYA MAHESHWARI\AppData\Local\Programs\Python\Python310\lib\encodings\cp1252.py", line 19, in encode
    return codecs.charmap_encode(input,self.errors,encoding_table)[0]
UnicodeEncodeError: 'charmap' codec can't encode character '\u2717' in position 10: character maps to <undefined>
Call stack:
  File "D:\CODING\NEW MUTUAL FUND MF AUTOMATION\test_icici_simple.py", line 8, in <module>
    holdings = ext.extract('data/output/merged excels/icici/2025/CONSOLIDATED_ICICI_2025_12.xlsx')
  File "D:\CODING\NEW MUTUAL FUND MF AUTOMATION\src\extractors\icici_extractor_v1.py", line 134, in extract
    logger.warning(f"[ICICI] \u2717 {scheme_name}: Failed validation")
Message: '[ICICI] \u2717 Nifty50 Value ETF NV20ETF: Failed validation'
Arguments: ()
[2026-02-12 23:17:11] [WARNING[2026-02-12 23:17:11] [ERROR] [Nifty50 Value 20 Index Fund] FAILED NAV GUARD: 0.00% (Range 90-105%)
--- Logging error ---
Traceback (most recent call last):
  File "C:\Users\ADITYA MAHESHWARI\AppData\Local\Programs\Python\Python310\lib\logging\__init__.py", line 1103, in emit
    stream.write(msg + self.terminator)
  File "C:\Users\ADITYA MAHESHWARI\AppData\Local\Programs\Python\Python310\lib\site-packages\colorama\ansitowin32.py", line 47, in write
    self.__convertor.write(text)
  File "C:\Users\ADITYA MAHESHWARI\AppData\Local\Programs\Python\Python310\lib\site-packages\colorama\ansitowin32.py", line 177, in write
    self.write_and_convert(text)
  File "C:\Users\ADITYA MAHESHWARI\AppData\Local\Programs\Python\Python310\lib\site-packages\colorama\ansitowin32.py", line 205, in 
write_and_convert
    self.write_plain_text(text, cursor, len(text))
  File "C:\Users\ADITYA MAHESHWARI\AppData\Local\Programs\Python\Python310\lib\site-packages\colorama\ansitowin32.py", line 210, in 
write_plain_text
    self.wrapped.write(text[start:end])
  File "C:\Users\ADITYA MAHESHWARI\AppData\Local\Programs\Python\Python310\lib\encodings\cp1252.py", line 19, in encode
    return codecs.charmap_encode(input,self.errors,encoding_table)[0]
UnicodeEncodeError: 'charmap' codec can't encode character '\u2717' in position 10: character maps to <undefined>
Call stack:
  File "D:\CODING\NEW MUTUAL FUND MF AUTOMATION\test_icici_simple.py", line 8, in <module>
    holdings = ext.extract('data/output/merged excels/icici/2025/CONSOLIDATED_ICICI_2025_12.xlsx')
  File "D:\CODING\NEW MUTUAL FUND MF AUTOMATION\src\extractors\icici_extractor_v1.py", line 134, in extract
    logger.warning(f"[ICICI] \u2717 {scheme_name}: Failed validation")
Message: '[ICICI] \u2717 Nifty50 Value 20 Index Fund: Failed validation'
Arguments: ()
[2026-02-12 23:17:11] [WARNING[2026-02-12 23:17:11] [ERROR] [Pharma Healthcare and Diagnostics (P.H.D) Fund] FAILED NAV GUARD: 0.00% (Range 90-105%)
--- Logging error ---
Traceback (most recent call last):
  File "C:\Users\ADITYA MAHESHWARI\AppData\Local\Programs\Python\Python310\lib\logging\__init__.py", line 1103, in emit
    stream.write(msg + self.terminator)
  File "C:\Users\ADITYA MAHESHWARI\AppData\Local\Programs\Python\Python310\lib\site-packages\colorama\ansitowin32.py", line 47, in write
    self.__convertor.write(text)
  File "C:\Users\ADITYA MAHESHWARI\AppData\Local\Programs\Python\Python310\lib\site-packages\colorama\ansitowin32.py", line 177, in write
    self.write_and_convert(text)
  File "C:\Users\ADITYA MAHESHWARI\AppData\Local\Programs\Python\Python310\lib\site-packages\colorama\ansitowin32.py", line 205, in 
write_and_convert
    self.write_plain_text(text, cursor, len(text))
  File "C:\Users\ADITYA MAHESHWARI\AppData\Local\Programs\Python\Python310\lib\site-packages\colorama\ansitowin32.py", line 210, in 
write_plain_text
    self.wrapped.write(text[start:end])
  File "C:\Users\ADITYA MAHESHWARI\AppData\Local\Programs\Python\Python310\lib\encodings\cp1252.py", line 19, in encode
    return codecs.charmap_encode(input,self.errors,encoding_table)[0]
UnicodeEncodeError: 'charmap' codec can't encode character '\u2717' in position 10: character maps to <undefined>
Call stack:
  File "D:\CODING\NEW MUTUAL FUND MF AUTOMATION\test_icici_simple.py", line 8, in <module>
    holdings = ext.extract('data/output/merged excels/icici/2025/CONSOLIDATED_ICICI_2025_12.xlsx')
  File "D:\CODING\NEW MUTUAL FUND MF AUTOMATION\src\extractors\icici_extractor_v1.py", line 134, in extract
    logger.warning(f"[ICICI] \u2717 {scheme_name}: Failed validation")
Message: '[ICICI] \u2717 Pharma Healthcare and Diagnostics (P.H.D) Fund: Failed validation'
Arguments: ()
[2026-02-12 23:17:11] [WARNING[2026-02-12 23:17:11] [ERROR] [Quality Fund] FAILED NAV GUARD: 0.00% (Range 90-105%)
--- Logging error ---
Traceback (most recent call last):
  File "C:\Users\ADITYA MAHESHWARI\AppData\Local\Programs\Python\Python310\lib\logging\__init__.py", line 1103, in emit
    stream.write(msg + self.terminator)
  File "C:\Users\ADITYA MAHESHWARI\AppData\Local\Programs\Python\Python310\lib\site-packages\colorama\ansitowin32.py", line 47, in write
    self.__convertor.write(text)
  File "C:\Users\ADITYA MAHESHWARI\AppData\Local\Programs\Python\Python310\lib\site-packages\colorama\ansitowin32.py", line 177, in write
    self.write_and_convert(text)
  File "C:\Users\ADITYA MAHESHWARI\AppData\Local\Programs\Python\Python310\lib\site-packages\colorama\ansitowin32.py", line 205, in 
write_and_convert
    self.write_plain_text(text, cursor, len(text))
  File "C:\Users\ADITYA MAHESHWARI\AppData\Local\Programs\Python\Python310\lib\site-packages\colorama\ansitowin32.py", line 210, in 
write_plain_text
    self.wrapped.write(text[start:end])
  File "C:\Users\ADITYA MAHESHWARI\AppData\Local\Programs\Python\Python310\lib\encodings\cp1252.py", line 19, in encode
    return codecs.charmap_encode(input,self.errors,encoding_table)[0]
UnicodeEncodeError: 'charmap' codec can't encode character '\u2717' in position 10: character maps to <undefined>
Call stack:
  File "D:\CODING\NEW MUTUAL FUND MF AUTOMATION\test_icici_simple.py", line 8, in <module>
    holdings = ext.extract('data/output/merged excels/icici/2025/CONSOLIDATED_ICICI_2025_12.xlsx')
  File "D:\CODING\NEW MUTUAL FUND MF AUTOMATION\src\extractors\icici_extractor_v1.py", line 134, in extract
    logger.warning(f"[ICICI] \u2717 {scheme_name}: Failed validation")
Message: '[ICICI] \u2717 Quality Fund: Failed validation'
Arguments: ()
[2026-02-12 23:17:11] [WARNING[2026-02-12 23:17:11] [ERROR] [Quant Fund] FAILED NAV GUARD: 0.00% (Range 90-105%)
--- Logging error ---
Traceback (most recent call last):
  File "C:\Users\ADITYA MAHESHWARI\AppData\Local\Programs\Python\Python310\lib\logging\__init__.py", line 1103, in emit
    stream.write(msg + self.terminator)
  File "C:\Users\ADITYA MAHESHWARI\AppData\Local\Programs\Python\Python310\lib\site-packages\colorama\ansitowin32.py", line 47, in write
    self.__convertor.write(text)
  File "C:\Users\ADITYA MAHESHWARI\AppData\Local\Programs\Python\Python310\lib\site-packages\colorama\ansitowin32.py", line 177, in write
    self.write_and_convert(text)
  File "C:\Users\ADITYA MAHESHWARI\AppData\Local\Programs\Python\Python310\lib\site-packages\colorama\ansitowin32.py", line 205, in 
write_and_convert
    self.write_plain_text(text, cursor, len(text))
  File "C:\Users\ADITYA MAHESHWARI\AppData\Local\Programs\Python\Python310\lib\site-packages\colorama\ansitowin32.py", line 210, in 
write_plain_text
    self.wrapped.write(text[start:end])
  File "C:\Users\ADITYA MAHESHWARI\AppData\Local\Programs\Python\Python310\lib\encodings\cp1252.py", line 19, in encode
    return codecs.charmap_encode(input,self.errors,encoding_table)[0]
UnicodeEncodeError: 'charmap' codec can't encode character '\u2717' in position 10: character maps to <undefined>
Call stack:
  File "D:\CODING\NEW MUTUAL FUND MF AUTOMATION\test_icici_simple.py", line 8, in <module>
    holdings = ext.extract('data/output/merged excels/icici/2025/CONSOLIDATED_ICICI_2025_12.xlsx')
  File "D:\CODING\NEW MUTUAL FUND MF AUTOMATION\src\extractors\icici_extractor_v1.py", line 134, in extract
    logger.warning(f"[ICICI] \u2717 {scheme_name}: Failed validation")
Message: '[ICICI] \u2717 Quant Fund: Failed validation'
Arguments: ()
[2026-02-12 23:17:11] [WARNING[2026-02-12 23:17:11] [ERROR] [Regular Savings Fund] FAILED NAV GUARD: 0.00% (Range 90-105%)
--- Logging error ---
Traceback (most recent call last):
  File "C:\Users\ADITYA MAHESHWARI\AppData\Local\Programs\Python\Python310\lib\logging\__init__.py", line 1103, in emit
    stream.write(msg + self.terminator)
  File "C:\Users\ADITYA MAHESHWARI\AppData\Local\Programs\Python\Python310\lib\site-packages\colorama\ansitowin32.py", line 47, in write
    self.__convertor.write(text)
  File "C:\Users\ADITYA MAHESHWARI\AppData\Local\Programs\Python\Python310\lib\site-packages\colorama\ansitowin32.py", line 177, in write
    self.write_and_convert(text)
  File "C:\Users\ADITYA MAHESHWARI\AppData\Local\Programs\Python\Python310\lib\site-packages\colorama\ansitowin32.py", line 205, in 
write_and_convert
    self.write_plain_text(text, cursor, len(text))
  File "C:\Users\ADITYA MAHESHWARI\AppData\Local\Programs\Python\Python310\lib\site-packages\colorama\ansitowin32.py", line 210, in 
write_plain_text
    self.wrapped.write(text[start:end])
  File "C:\Users\ADITYA MAHESHWARI\AppData\Local\Programs\Python\Python310\lib\encodings\cp1252.py", line 19, in encode
    return codecs.charmap_encode(input,self.errors,encoding_table)[0]
UnicodeEncodeError: 'charmap' codec can't encode character '\u2717' in position 10: character maps to <undefined>
Call stack:
  File "D:\CODING\NEW MUTUAL FUND MF AUTOMATION\test_icici_simple.py", line 8, in <module>
    holdings = ext.extract('data/output/merged excels/icici/2025/CONSOLIDATED_ICICI_2025_12.xlsx')
  File "D:\CODING\NEW MUTUAL FUND MF AUTOMATION\src\extractors\icici_extractor_v1.py", line 134, in extract
    logger.warning(f"[ICICI] \u2717 {scheme_name}: Failed validation")
Message: '[ICICI] \u2717 Regular Savings Fund: Failed validation'
Arguments: ()
[2026-02-12 23:17:11] [WARNING[2026-02-12 23:17:11] [ERROR] [Retirement Fund - Hybrid Aggressive Plan] FAILED NAV GUARD: 0.00% (Range 90-105%)
--- Logging error ---
Traceback (most recent call last):
  File "C:\Users\ADITYA MAHESHWARI\AppData\Local\Programs\Python\Python310\lib\logging\__init__.py", line 1103, in emit
    stream.write(msg + self.terminator)
  File "C:\Users\ADITYA MAHESHWARI\AppData\Local\Programs\Python\Python310\lib\site-packages\colorama\ansitowin32.py", line 47, in write
    self.__convertor.write(text)
  File "C:\Users\ADITYA MAHESHWARI\AppData\Local\Programs\Python\Python310\lib\site-packages\colorama\ansitowin32.py", line 177, in write
    self.write_and_convert(text)
  File "C:\Users\ADITYA MAHESHWARI\AppData\Local\Programs\Python\Python310\lib\site-packages\colorama\ansitowin32.py", line 205, in 
write_and_convert
    self.write_plain_text(text, cursor, len(text))
  File "C:\Users\ADITYA MAHESHWARI\AppData\Local\Programs\Python\Python310\lib\site-packages\colorama\ansitowin32.py", line 210, in 
write_plain_text
    self.wrapped.write(text[start:end])
  File "C:\Users\ADITYA MAHESHWARI\AppData\Local\Programs\Python\Python310\lib\encodings\cp1252.py", line 19, in encode
    return codecs.charmap_encode(input,self.errors,encoding_table)[0]
UnicodeEncodeError: 'charmap' codec can't encode character '\u2717' in position 10: character maps to <undefined>
Call stack:
  File "D:\CODING\NEW MUTUAL FUND MF AUTOMATION\test_icici_simple.py", line 8, in <module>
    holdings = ext.extract('data/output/merged excels/icici/2025/CONSOLIDATED_ICICI_2025_12.xlsx')
  File "D:\CODING\NEW MUTUAL FUND MF AUTOMATION\src\extractors\icici_extractor_v1.py", line 134, in extract
    logger.warning(f"[ICICI] \u2717 {scheme_name}: Failed validation")
Message: '[ICICI] \u2717 Retirement Fund - Hybrid Aggressive Plan: Failed validation'
Arguments: ()
[2026-02-12 23:17:11] [WARNING[2026-02-12 23:17:11] [ERROR] [Retirement Fund - Hybrid Conservative Plan] FAILED NAV GUARD: 0.00% (Range 90-105%)
--- Logging error ---
Traceback (most recent call last):
  File "C:\Users\ADITYA MAHESHWARI\AppData\Local\Programs\Python\Python310\lib\logging\__init__.py", line 1103, in emit
    stream.write(msg + self.terminator)
  File "C:\Users\ADITYA MAHESHWARI\AppData\Local\Programs\Python\Python310\lib\site-packages\colorama\ansitowin32.py", line 47, in write
    self.__convertor.write(text)
  File "C:\Users\ADITYA MAHESHWARI\AppData\Local\Programs\Python\Python310\lib\site-packages\colorama\ansitowin32.py", line 177, in write
    self.write_and_convert(text)
  File "C:\Users\ADITYA MAHESHWARI\AppData\Local\Programs\Python\Python310\lib\site-packages\colorama\ansitowin32.py", line 205, in 
write_and_convert
    self.write_plain_text(text, cursor, len(text))
  File "C:\Users\ADITYA MAHESHWARI\AppData\Local\Programs\Python\Python310\lib\site-packages\colorama\ansitowin32.py", line 210, in 
write_plain_text
    self.wrapped.write(text[start:end])
  File "C:\Users\ADITYA MAHESHWARI\AppData\Local\Programs\Python\Python310\lib\encodings\cp1252.py", line 19, in encode
    return codecs.charmap_encode(input,self.errors,encoding_table)[0]
UnicodeEncodeError: 'charmap' codec can't encode character '\u2717' in position 10: character maps to <undefined>
Call stack:
  File "D:\CODING\NEW MUTUAL FUND MF AUTOMATION\test_icici_simple.py", line 8, in <module>
    holdings = ext.extract('data/output/merged excels/icici/2025/CONSOLIDATED_ICICI_2025_12.xlsx')
  File "D:\CODING\NEW MUTUAL FUND MF AUTOMATION\src\extractors\icici_extractor_v1.py", line 134, in extract
    logger.warning(f"[ICICI] \u2717 {scheme_name}: Failed validation")
Message: '[ICICI] \u2717 Retirement Fund - Hybrid Conservative Plan: Failed validation'
Arguments: ()
[2026-02-12 23:17:11] [WARNING[2026-02-12 23:17:11] [ERROR] [Retirement Fund - Pure Equity Plan] FAILED NAV GUARD: 0.00% (Range 90-105%)
--- Logging error ---
Traceback (most recent call last):
  File "C:\Users\ADITYA MAHESHWARI\AppData\Local\Programs\Python\Python310\lib\logging\__init__.py", line 1103, in emit
    stream.write(msg + self.terminator)
  File "C:\Users\ADITYA MAHESHWARI\AppData\Local\Programs\Python\Python310\lib\site-packages\colorama\ansitowin32.py", line 47, in write
    self.__convertor.write(text)
  File "C:\Users\ADITYA MAHESHWARI\AppData\Local\Programs\Python\Python310\lib\site-packages\colorama\ansitowin32.py", line 177, in write
    self.write_and_convert(text)
  File "C:\Users\ADITYA MAHESHWARI\AppData\Local\Programs\Python\Python310\lib\site-packages\colorama\ansitowin32.py", line 205, in 
write_and_convert
    self.write_plain_text(text, cursor, len(text))
  File "C:\Users\ADITYA MAHESHWARI\AppData\Local\Programs\Python\Python310\lib\site-packages\colorama\ansitowin32.py", line 210, in 
write_plain_text
    self.wrapped.write(text[start:end])
  File "C:\Users\ADITYA MAHESHWARI\AppData\Local\Programs\Python\Python310\lib\encodings\cp1252.py", line 19, in encode
    return codecs.charmap_encode(input,self.errors,encoding_table)[0]
UnicodeEncodeError: 'charmap' codec can't encode character '\u2717' in position 10: character maps to <undefined>
Call stack:
  File "D:\CODING\NEW MUTUAL FUND MF AUTOMATION\test_icici_simple.py", line 8, in <module>
    holdings = ext.extract('data/output/merged excels/icici/2025/CONSOLIDATED_ICICI_2025_12.xlsx')
  File "D:\CODING\NEW MUTUAL FUND MF AUTOMATION\src\extractors\icici_extractor_v1.py", line 134, in extract
    logger.warning(f"[ICICI] \u2717 {scheme_name}: Failed validation")
Message: '[ICICI] \u2717 Retirement Fund - Pure Equity Plan: Failed validation'
Arguments: ()
[2026-02-12 23:17:11] [WARNING[2026-02-12 23:17:11] [ERROR] [Rural Opportunities Fund] FAILED NAV GUARD: 0.00% (Range 90-105%)
--- Logging error ---
Traceback (most recent call last):
  File "C:\Users\ADITYA MAHESHWARI\AppData\Local\Programs\Python\Python310\lib\logging\__init__.py", line 1103, in emit
    stream.write(msg + self.terminator)
  File "C:\Users\ADITYA MAHESHWARI\AppData\Local\Programs\Python\Python310\lib\site-packages\colorama\ansitowin32.py", line 47, in write
    self.__convertor.write(text)
  File "C:\Users\ADITYA MAHESHWARI\AppData\Local\Programs\Python\Python310\lib\site-packages\colorama\ansitowin32.py", line 177, in write
    self.write_and_convert(text)
  File "C:\Users\ADITYA MAHESHWARI\AppData\Local\Programs\Python\Python310\lib\site-packages\colorama\ansitowin32.py", line 205, in 
write_and_convert
    self.write_plain_text(text, cursor, len(text))
  File "C:\Users\ADITYA MAHESHWARI\AppData\Local\Programs\Python\Python310\lib\site-packages\colorama\ansitowin32.py", line 210, in 
write_plain_text
    self.wrapped.write(text[start:end])
  File "C:\Users\ADITYA MAHESHWARI\AppData\Local\Programs\Python\Python310\lib\encodings\cp1252.py", line 19, in encode
    return codecs.charmap_encode(input,self.errors,encoding_table)[0]
UnicodeEncodeError: 'charmap' codec can't encode character '\u2717' in position 10: character maps to <undefined>
Call stack:
  File "D:\CODING\NEW MUTUAL FUND MF AUTOMATION\test_icici_simple.py", line 8, in <module>
    holdings = ext.extract('data/output/merged excels/icici/2025/CONSOLIDATED_ICICI_2025_12.xlsx')
  File "D:\CODING\NEW MUTUAL FUND MF AUTOMATION\src\extractors\icici_extractor_v1.py", line 134, in extract
    logger.warning(f"[ICICI] \u2717 {scheme_name}: Failed validation")
Message: '[ICICI] \u2717 Rural Opportunities Fund: Failed validation'
Arguments: ()
[2026-02-12 23:17:11] [WARNING[2026-02-12 23:17:11] [ERROR] [Smallcap Fund] FAILED NAV GUARD: 0.00% (Range 90-105%)
--- Logging error ---
Traceback (most recent call last):
  File "C:\Users\ADITYA MAHESHWARI\AppData\Local\Programs\Python\Python310\lib\logging\__init__.py", line 1103, in emit
    stream.write(msg + self.terminator)
  File "C:\Users\ADITYA MAHESHWARI\AppData\Local\Programs\Python\Python310\lib\site-packages\colorama\ansitowin32.py", line 47, in write
    self.__convertor.write(text)
  File "C:\Users\ADITYA MAHESHWARI\AppData\Local\Programs\Python\Python310\lib\site-packages\colorama\ansitowin32.py", line 177, in write
    self.write_and_convert(text)
  File "C:\Users\ADITYA MAHESHWARI\AppData\Local\Programs\Python\Python310\lib\site-packages\colorama\ansitowin32.py", line 205, in 
write_and_convert
    self.write_plain_text(text, cursor, len(text))
  File "C:\Users\ADITYA MAHESHWARI\AppData\Local\Programs\Python\Python310\lib\site-packages\colorama\ansitowin32.py", line 210, in 
write_plain_text
    self.wrapped.write(text[start:end])
  File "C:\Users\ADITYA MAHESHWARI\AppData\Local\Programs\Python\Python310\lib\encodings\cp1252.py", line 19, in encode
    return codecs.charmap_encode(input,self.errors,encoding_table)[0]
UnicodeEncodeError: 'charmap' codec can't encode character '\u2717' in position 10: character maps to <undefined>
Call stack:
  File "D:\CODING\NEW MUTUAL FUND MF AUTOMATION\test_icici_simple.py", line 8, in <module>
    holdings = ext.extract('data/output/merged excels/icici/2025/CONSOLIDATED_ICICI_2025_12.xlsx')
  File "D:\CODING\NEW MUTUAL FUND MF AUTOMATION\src\extractors\icici_extractor_v1.py", line 134, in extract
    logger.warning(f"[ICICI] \u2717 {scheme_name}: Failed validation")
Message: '[ICICI] \u2717 Smallcap Fund: Failed validation'
Arguments: ()
[2026-02-12 23:17:11] [WARNING[2026-02-12 23:17:11] [ERROR] [Technology Fund] FAILED NAV GUARD: 0.00% (Range 90-105%)
--- Logging error ---
Traceback (most recent call last):
  File "C:\Users\ADITYA MAHESHWARI\AppData\Local\Programs\Python\Python310\lib\logging\__init__.py", line 1103, in emit
    stream.write(msg + self.terminator)
  File "C:\Users\ADITYA MAHESHWARI\AppData\Local\Programs\Python\Python310\lib\site-packages\colorama\ansitowin32.py", line 47, in write
    self.__convertor.write(text)
  File "C:\Users\ADITYA MAHESHWARI\AppData\Local\Programs\Python\Python310\lib\site-packages\colorama\ansitowin32.py", line 177, in write
    self.write_and_convert(text)
  File "C:\Users\ADITYA MAHESHWARI\AppData\Local\Programs\Python\Python310\lib\site-packages\colorama\ansitowin32.py", line 205, in 
write_and_convert
    self.write_plain_text(text, cursor, len(text))
  File "C:\Users\ADITYA MAHESHWARI\AppData\Local\Programs\Python\Python310\lib\site-packages\colorama\ansitowin32.py", line 210, in 
write_plain_text
    self.wrapped.write(text[start:end])
  File "C:\Users\ADITYA MAHESHWARI\AppData\Local\Programs\Python\Python310\lib\encodings\cp1252.py", line 19, in encode
    return codecs.charmap_encode(input,self.errors,encoding_table)[0]
UnicodeEncodeError: 'charmap' codec can't encode character '\u2717' in position 10: character maps to <undefined>
Call stack:
  File "D:\CODING\NEW MUTUAL FUND MF AUTOMATION\test_icici_simple.py", line 8, in <module>
    holdings = ext.extract('data/output/merged excels/icici/2025/CONSOLIDATED_ICICI_2025_12.xlsx')
  File "D:\CODING\NEW MUTUAL FUND MF AUTOMATION\src\extractors\icici_extractor_v1.py", line 134, in extract
    logger.warning(f"[ICICI] \u2717 {scheme_name}: Failed validation")
Message: '[ICICI] \u2717 Technology Fund: Failed validation'
Arguments: ()
[2026-02-12 23:17:11] [WARNING[2026-02-12 23:17:12] [ERROR] [Transportation and Logistics Fund] FAILED NAV GUARD: 0.00% (Range 90-105%)
--- Logging error ---
Traceback (most recent call last):
  File "C:\Users\ADITYA MAHESHWARI\AppData\Local\Programs\Python\Python310\lib\logging\__init__.py", line 1103, in emit
    stream.write(msg + self.terminator)
  File "C:\Users\ADITYA MAHESHWARI\AppData\Local\Programs\Python\Python310\lib\site-packages\colorama\ansitowin32.py", line 47, in write
    self.__convertor.write(text)
  File "C:\Users\ADITYA MAHESHWARI\AppData\Local\Programs\Python\Python310\lib\site-packages\colorama\ansitowin32.py", line 177, in write
    self.write_and_convert(text)
  File "C:\Users\ADITYA MAHESHWARI\AppData\Local\Programs\Python\Python310\lib\site-packages\colorama\ansitowin32.py", line 205, in 
write_and_convert
    self.write_plain_text(text, cursor, len(text))
  File "C:\Users\ADITYA MAHESHWARI\AppData\Local\Programs\Python\Python310\lib\site-packages\colorama\ansitowin32.py", line 210, in 
write_plain_text
    self.wrapped.write(text[start:end])
  File "C:\Users\ADITYA MAHESHWARI\AppData\Local\Programs\Python\Python310\lib\encodings\cp1252.py", line 19, in encode
    return codecs.charmap_encode(input,self.errors,encoding_table)[0]
UnicodeEncodeError: 'charmap' codec can't encode character '\u2717' in position 10: character maps to <undefined>
Call stack:
  File "D:\CODING\NEW MUTUAL FUND MF AUTOMATION\test_icici_simple.py", line 8, in <module>
    holdings = ext.extract('data/output/merged excels/icici/2025/CONSOLIDATED_ICICI_2025_12.xlsx')
  File "D:\CODING\NEW MUTUAL FUND MF AUTOMATION\src\extractors\icici_extractor_v1.py", line 134, in extract
    logger.warning(f"[ICICI] \u2717 {scheme_name}: Failed validation")
Message: '[ICICI] \u2717 Transportation and Logistics Fund: Failed validation'
Arguments: ()
[2026-02-12 23:17:12] [WARNING[2026-02-12 23:17:12] [ERROR] [Value Fund] FAILED NAV GUARD: 0.00% (Range 90-105%)
--- Logging error ---
Traceback (most recent call last):
  File "C:\Users\ADITYA MAHESHWARI\AppData\Local\Programs\Python\Python310\lib\logging\__init__.py", line 1103, in emit
    stream.write(msg + self.terminator)
  File "C:\Users\ADITYA MAHESHWARI\AppData\Local\Programs\Python\Python310\lib\site-packages\colorama\ansitowin32.py", line 47, in write
    self.__convertor.write(text)
  File "C:\Users\ADITYA MAHESHWARI\AppData\Local\Programs\Python\Python310\lib\site-packages\colorama\ansitowin32.py", line 177, in write
    self.write_and_convert(text)
  File "C:\Users\ADITYA MAHESHWARI\AppData\Local\Programs\Python\Python310\lib\site-packages\colorama\ansitowin32.py", line 205, in 
write_and_convert
    self.write_plain_text(text, cursor, len(text))
  File "C:\Users\ADITYA MAHESHWARI\AppData\Local\Programs\Python\Python310\lib\site-packages\colorama\ansitowin32.py", line 210, in 
write_plain_text
    self.wrapped.write(text[start:end])
  File "C:\Users\ADITYA MAHESHWARI\AppData\Local\Programs\Python\Python310\lib\encodings\cp1252.py", line 19, in encode
    return codecs.charmap_encode(input,self.errors,encoding_table)[0]
UnicodeEncodeError: 'charmap' codec can't encode character '\u2717' in position 10: character maps to <undefined>
Call stack:
  File "D:\CODING\NEW MUTUAL FUND MF AUTOMATION\test_icici_simple.py", line 8, in <module>
    holdings = ext.extract('data/output/merged excels/icici/2025/CONSOLIDATED_ICICI_2025_12.xlsx')
  File "D:\CODING\NEW MUTUAL FUND MF AUTOMATION\src\extractors\icici_extractor_v1.py", line 134, in extract
    logger.warning(f"[ICICI] \u2717 {scheme_name}: Failed validation")
Message: '[ICICI] \u2717 Value Fund: Failed validation'
Arguments: ()
[2026-02-12 23:17:12] [WARNINGTotal holdings: 0
No holdings extracted!
